Archive member included to satisfy reference by file (symbol)

c:/program files/microchip/xc32/v4.20/bin/bin/../../lib/gcc/pic32c/8.3.1/../../../../pic32c/lib/thumb/v7e-m+dp/hard\libpic32c.a(data_init_wrapper.o)
                              build/sam_e70_xult/production/_ext/1728594169/startup_xc32.o (__pic32c_data_initialization)
c:/program files/microchip/xc32/v4.20/bin/bin/../../lib/gcc/pic32c/8.3.1/../../../../pic32c/lib/thumb/v7e-m+dp/hard\libpic32c.a(data_init_0_1.o)
                              c:/program files/microchip/xc32/v4.20/bin/bin/../../lib/gcc/pic32c/8.3.1/../../../../pic32c/lib/thumb/v7e-m+dp/hard\libpic32c.a(data_init_wrapper.o) (__pic32c_data_initialization_impl)
c:/program files/microchip/xc32/v4.20/bin/bin/../../lib/gcc/pic32c/8.3.1/../../../../pic32c/lib/thumb/v7e-m+dp/hard\libc-musl.a(__libc_start_main.o)
                              build/sam_e70_xult/production/_ext/1728594169/startup_xc32.o (__libc_init_array)
c:/program files/microchip/xc32/v4.20/bin/bin/../../lib/gcc/pic32c/8.3.1/../../../../pic32c/lib/thumb/v7e-m+dp/hard\libc-musl.a(libc.o)
                              c:/program files/microchip/xc32/v4.20/bin/bin/../../lib/gcc/pic32c/8.3.1/../../../../pic32c/lib/thumb/v7e-m+dp/hard\libc-musl.a(__libc_start_main.o) (__progname_full)
c:/program files/microchip/xc32/v4.20/bin/bin/../../lib/gcc/pic32c/8.3.1/../../../../pic32c/lib/thumb/v7e-m+dp/hard\libc-musl.a(vsnprintf.o)
                              build/sam_e70_xult/production/_ext/1953779166/sys_console.o (vsnprintf)
c:/program files/microchip/xc32/v4.20/bin/bin/../../lib/gcc/pic32c/8.3.1/../../../../pic32c/lib/thumb/v7e-m+dp/hard\libc-musl.a(memcpy.o)
                              build/sam_e70_xult/production/_ext/1055499099/plib_efc.o (memcpy)
c:/program files/microchip/xc32/v4.20/bin/bin/../../lib/gcc/pic32c/8.3.1/../../../../pic32c/lib/thumb/v7e-m+dp/hard\libc-musl.a(memset.o)
                              build/sam_e70_xult/production/_ext/1639501792/plib_mcan0.o (memset)
c:/program files/microchip/xc32/v4.20/bin/bin/../../lib/gcc/pic32c/8.3.1/../../../../pic32c/lib/thumb/v7e-m+dp/hard\libc-musl.a(strlen.o)
                              build/sam_e70_xult/production/_ext/1953779166/sys_console.o (strlen)
c:/program files/microchip/xc32/v4.20/bin/bin/../../lib/gcc/pic32c/8.3.1/../../../../pic32c/lib/thumb/v7e-m+dp/hard\libc-musl.a(__environ.o)
                              c:/program files/microchip/xc32/v4.20/bin/bin/../../lib/gcc/pic32c/8.3.1/../../../../pic32c/lib/thumb/v7e-m+dp/hard\libc-musl.a(__libc_start_main.o) (__environ)
c:/program files/microchip/xc32/v4.20/bin/bin/../../lib/gcc/pic32c/8.3.1/../../../../pic32c/lib/thumb/v7e-m+dp/hard\libc-musl.a(__errno_location.o)
                              c:/program files/microchip/xc32/v4.20/bin/bin/../../lib/gcc/pic32c/8.3.1/../../../../pic32c/lib/thumb/v7e-m+dp/hard\libc-musl.a(vsnprintf.o) (__errno_val)
c:/program files/microchip/xc32/v4.20/bin/bin/../../lib/gcc/pic32c/8.3.1/../../../../pic32c/lib/thumb/v7e-m+dp/hard\libc-musl.a(vfprintf.o)
                              c:/program files/microchip/xc32/v4.20/bin/bin/../../lib/gcc/pic32c/8.3.1/../../../../pic32c/lib/thumb/v7e-m+dp/hard\libc-musl.a(vsnprintf.o) (vfprintf)
c:/program files/microchip/xc32/v4.20/bin/bin/../../lib/gcc/pic32c/8.3.1/../../../../pic32c/lib/thumb/v7e-m+dp/hard\libc-musl.a(__io_fmt_needed.o)
                              c:/program files/microchip/xc32/v4.20/bin/bin/../../lib/gcc/pic32c/8.3.1/../../../../pic32c/lib/thumb/v7e-m+dp/hard\libc-musl.a(vfprintf.o) (__io_fmt_needed)
c:/program files/microchip/xc32/v4.20/bin/bin/../../lib/gcc/pic32c/8.3.1/../../../../pic32c/lib/thumb/v7e-m+dp/hard\libc-musl.a(__pop_float.o)
                              c:/program files/microchip/xc32/v4.20/bin/bin/../../lib/gcc/pic32c/8.3.1/../../../../pic32c/lib/thumb/v7e-m+dp/hard\libc-musl.a(__io_fmt_needed.o) (__pop_float_needed)
c:/program files/microchip/xc32/v4.20/bin/bin/../../lib/gcc/pic32c/8.3.1/../../../../pic32c/lib/thumb/v7e-m+dp/hard\libc-musl.a(__pop_int.o)
                              c:/program files/microchip/xc32/v4.20/bin/bin/../../lib/gcc/pic32c/8.3.1/../../../../pic32c/lib/thumb/v7e-m+dp/hard\libc-musl.a(__io_fmt_needed.o) (__pop_int_needed)
c:/program files/microchip/xc32/v4.20/bin/bin/../../lib/gcc/pic32c/8.3.1/../../../../pic32c/lib/thumb/v7e-m+dp/hard\libc-musl.a(__pop_ptr.o)
                              c:/program files/microchip/xc32/v4.20/bin/bin/../../lib/gcc/pic32c/8.3.1/../../../../pic32c/lib/thumb/v7e-m+dp/hard\libc-musl.a(__io_fmt_needed.o) (__pop_ptr_needed)
c:/program files/microchip/xc32/v4.20/bin/bin/../../lib/gcc/pic32c/8.3.1/../../../../pic32c/lib/thumb/v7e-m+dp/hard\libc-musl.a(__printf_core.o)
                              c:/program files/microchip/xc32/v4.20/bin/bin/../../lib/gcc/pic32c/8.3.1/../../../../pic32c/lib/thumb/v7e-m+dp/hard\libc-musl.a(vfprintf.o) (__printf_core)
[...]
Memory Configuration

Name             Origin             Length             Attributes
rom              0x00400000         0x00200000         xrl
ram              0x20400000         0x00060000         xw !r
itcm             0x00000000         0x00000000         xw
dtcm             0x20000000         0x00000000         xw !r
*default*        0x00000000         0xffffffff

Linker script and memory map

LOAD c:/program files/microchip/xc32/v4.20/bin/bin/../../lib/gcc/pic32c/8.3.1/thumb/v7e-m+dp/hard/crti.o
LOAD c:/program files/microchip/xc32/v4.20/bin/bin/../../lib/gcc/pic32c/8.3.1/thumb/v7e-m+dp/hard/crtbegin.o
LOAD build/sam_e70_xult/production/_ext/917764137/bsp.o
LOAD build/sam_e70_xult/production/_ext/1639147296/plib_afec0.o
LOAD build/sam_e70_xult/production/_ext/1639147296/plib_afec1.o
LOAD build/sam_e70_xult/production/_ext/1055500827/plib_clk.o
LOAD build/sam_e70_xult/production/_ext/1055499099/plib_efc.o
LOAD build/sam_e70_xult/production/_ext/1639501792/plib_mcan0.o
LOAD build/sam_e70_xult/production/_ext/1639550079/plib_nvic.o
LOAD build/sam_e70_xult/production/_ext/1055488423/plib_pio.o
LOAD build/sam_e70_xult/production/_ext/865331892/plib_tc0.o
LOAD build/sam_e70_xult/production/_ext/1639738731/plib_uart2.o
LOAD build/sam_e70_xult/production/_ext/1639738731/plib_uart1.o
LOAD build/sam_e70_xult/production/_ext/707186936/plib_usart1.o
LOAD build/sam_e70_xult/production/_ext/1518761459/xc32_monitor.o
LOAD build/sam_e70_xult/production/_ext/876653320/sys_cache.o
LOAD build/sam_e70_xult/production/_ext/1953779166/sys_console.o
LOAD build/sam_e70_xult/production/_ext/1953779166/sys_console_uart.o
LOAD build/sam_e70_xult/production/_ext/1763620194/sys_debug.o
LOAD build/sam_e70_xult/production/_ext/766002106/sys_int.o
LOAD build/sam_e70_xult/production/_ext/1728594169/initialization.o
LOAD build/sam_e70_xult/production/_ext/1728594169/interrupts.o
LOAD build/sam_e70_xult/production/_ext/1728594169/exceptions.o
LOAD build/sam_e70_xult/production/_ext/1728594169/startup_xc32.o
LOAD build/sam_e70_xult/production/_ext/1728594169/libc_syscalls.o
LOAD build/sam_e70_xult/production/_ext/1728594169/tasks.o
LOAD build/sam_e70_xult/production/_ext/1360937237/main.o
LOAD build/sam_e70_xult/production/_ext/1360937237/app.o
                0x00000001                __MPLAB_BUILD = 0x1
                0x00600000                __rom_end = (ORIGIN (rom) + LENGTH (rom))
                0x20460000                __ram_end = (ORIGIN (ram) + LENGTH (ram))

.vectors        0x00400000      0x168
                0x00400000                . = ALIGN (0x4)
                0x00400000                _sfixed = .
 *(.vectors .vectors.* .vectors_default .vectors_default.*)
 .vectors.exception_table
                0x00400000      0x168 build/sam_e70_xult/production/_ext/1728594169/interrupts.o
                0x00400000                exception_table
 *(.isr_vector)
 *(.reset*)
 *(.after_vectors)

.text           0x00400168       0x20
                0x00400168                . = ALIGN (0x4)
 *(.glue_7t)
 .glue_7t       0x00400168        0x0 linker stubs
 *(.glue_7)
 .glue_7        0x00400168        0x0 linker stubs
 *(.gnu.linkonce.r.*)
 *(.ARM.extab* .gnu.linkonce.armextab.*)
                0x00400168                . = ALIGN (0x4)
 *(.init)
 .init          0x00400168        0x4 c:/program files/microchip/xc32/v4.20/bin/bin/../../lib/gcc/pic32c/8.3.1/thumb/v7e-m+dp/hard/crti.o
                0x00400168                _init
 .init          0x0040016c        0x8 c:/program files/microchip/xc32/v4.20/bin/bin/../../lib/gcc/pic32c/8.3.1/thumb/v7e-m+dp/hard/crtn.o
                0x00400174                . = ALIGN (0x4)
                0x00400174                __preinit_array_start = .
 *(.preinit_array)
                0x00400174                __preinit_array_end = .
                0x00400174                . = ALIGN (0x4)
                0x00400174                __init_array_start = .
 *(SORT_BY_NAME(.init_array.*))
 *(.init_array)
 .init_array    0x00400174        0x4 c:/program files/microchip/xc32/v4.20/bin/bin/../../lib/gcc/pic32c/8.3.1/thumb/v7e-m+dp/hard/crtbegin.o
                0x00400178                __init_array_end = .
                0x00400178                . = ALIGN (0x4)
 *crtbegin.o(.ctors)
 *(EXCLUDE_FILE(*crtend.o) .ctors)
 *(SORT_BY_NAME(.ctors.*))
 *crtend.o(.ctors)
                0x00400178                . = ALIGN (0x4)
 *(.fini)
 .fini          0x00400178        0x4 c:/program files/microchip/xc32/v4.20/bin/bin/../../lib/gcc/pic32c/8.3.1/thumb/v7e-m+dp/hard/crti.o
                0x00400178                _fini
 .fini          0x0040017c        0x8 c:/program files/microchip/xc32/v4.20/bin/bin/../../lib/gcc/pic32c/8.3.1/thumb/v7e-m+dp/hard/crtn.o
                0x00400184                . = ALIGN (0x4)
                0x00400184                __fini_array_start = .
 *(.fini_array)
 .fini_array    0x00400184        0x4 c:/program files/microchip/xc32/v4.20/bin/bin/../../lib/gcc/pic32c/8.3.1/thumb/v7e-m+dp/hard/crtbegin.o
 *(SORT_BY_NAME(.fini_array.*))
                0x00400188                __fini_array_end = .
 *crtbegin.o(.dtors)
 *(EXCLUDE_FILE(*crtend.o) .dtors)
 *(SORT_BY_NAME(.dtors.*))
 *crtend.o(.dtors)
                0x00400188                . = ALIGN (0x4)
                0x00400188                _efixed = .
                [!provide]                PROVIDE (__exidx_start = .)

.ARM.exidx
 *(.ARM.exidx* .gnu.linkonce.armexidx.*)
                [!provide]                PROVIDE (__exidx_end = .)
                0x00400188                . = ALIGN (0x4)
                0x00400188                _etext = .

.bss            0x20400000        0x0
                0x20400000                . = ALIGN (0x4)
                0x20400000                __bss_start__ = .
                0x20400000                _sbss = .
                0x20400000                _szero = .
 *(COMMON)
                0x20400000                . = ALIGN (0x4)
                0x20400000                __bss_end__ = .
                0x20400000                _ebss = .
                0x20400000                _ezero = .
                0x20400000                . = ALIGN (0x4)
                0x20400000                _end = .
                0x2045ffff                _ram_end_ = ((ORIGIN (ram) + LENGTH (ram)) - 0x1)
                0x00000200                _min_heap_size = 0x200
START GROUP
LOAD c:/program files/microchip/xc32/v4.20/bin/bin/../../lib/gcc/pic32c/8.3.1/../../../../pic32c/lib/thumb/v7e-m+dp/hard\libpic32c.a
LOAD c:/program files/microchip/xc32/v4.20/bin/bin/../../lib/gcc/pic32c/8.3.1/../../../../pic32c/lib/thumb/v7e-m+dp/hard\libm-emfloat.a
LOAD c:/program files/microchip/xc32/v4.20/bin/bin/../../lib/gcc/pic32c/8.3.1/../../../../pic32c/lib/thumb/v7e-m+dp/hard\libc-musl.a
LOAD c:/program files/microchip/xc32/v4.20/bin/bin/../../lib/gcc/pic32c/8.3.1/../../../../pic32c/lib/thumb/v7e-m+dp/hard\libm-emfloat.a
LOAD c:/program files/microchip/xc32/v4.20/bin/bin/../../lib/gcc/pic32c/8.3.1/thumb/v7e-m+dp/hard\libgcc.a
END GROUP
LOAD c:/program files/microchip/xc32/v4.20/bin/bin/../../lib/gcc/pic32c/8.3.1/thumb/v7e-m+dp/hard/crtend.o
LOAD c:/program files/microchip/xc32/v4.20/bin/bin/../../lib/gcc/pic32c/8.3.1/thumb/v7e-m+dp/hard/crtn.o
OUTPUT(dist/sam_e70_xult/production/sam_e70_xult.X.production.elf elf32-littlearm)
LOAD stack
LOAD data_init

.ARM.attributes
                0x00000000       0x32
 .ARM.attributes
                0x00000000       0x1e c:/program files/microchip/xc32/v4.20/bin/bin/../../lib/gcc/pic32c/8.3.1/thumb/v7e-m+dp/hard/crti.o
 .ARM.attributes
                0x0000001e       0x32 c:/program files/microchip/xc32/v4.20/bin/bin/../../lib/gcc/pic32c/8.3.1/thumb/v7e-m+dp/hard/crtbegin.o
 .ARM.attributes
                0x00000050       0x32 build/sam_e70_xult/production/_ext/917764137/bsp.o
 .ARM.attributes
                0x00000082       0x32 build/sam_e70_xult/production/_ext/1639147296/plib_afec0.o
 .ARM.attributes
                0x000000b4       0x32 build/sam_e70_xult/production/_ext/1639147296/plib_afec1.o
 .ARM.attributes
                0x000000e6       0x32 build/sam_e70_xult/production/_ext/1055500827/plib_clk.o
 .ARM.attributes
                0x00000118       0x32 build/sam_e70_xult/production/_ext/1055499099/plib_efc.o
 .ARM.attributes
                0x0000014a       0x32 build/sam_e70_xult/production/_ext/1639501792/plib_mcan0.o
 .ARM.attributes
                0x0000017c       0x32 build/sam_e70_xult/production/_ext/1639550079/plib_nvic.o
 .ARM.attributes
                0x000001ae       0x32 build/sam_e70_xult/production/_ext/1055488423/plib_pio.o
 .ARM.attributes
                0x000001e0       0x32 build/sam_e70_xult/production/_ext/865331892/plib_tc0.o
 .ARM.attributes
                0x00000212       0x32 build/sam_e70_xult/production/_ext/1639738731/plib_uart2.o
 .ARM.attributes
                0x00000244       0x32 build/sam_e70_xult/production/_ext/1639738731/plib_uart1.o
 .ARM.attributes
                0x00000276       0x32 build/sam_e70_xult/production/_ext/707186936/plib_usart1.o
 .ARM.attributes
                0x000002a8       0x32 build/sam_e70_xult/production/_ext/1953779166/sys_console.o
 .ARM.attributes
                0x000002da       0x32 build/sam_e70_xult/production/_ext/1953779166/sys_console_uart.o
 .ARM.attributes
                0x0000030c       0x32 build/sam_e70_xult/production/_ext/1763620194/sys_debug.o
 .ARM.attributes
                0x0000033e       0x32 build/sam_e70_xult/production/_ext/1728594169/initialization.o
 .ARM.attributes
                0x00000370       0x32 build/sam_e70_xult/production/_ext/1728594169/interrupts.o
 .ARM.attributes
                0x000003a2       0x32 build/sam_e70_xult/production/_ext/1728594169/exceptions.o
 .ARM.attributes
                0x000003d4       0x32 build/sam_e70_xult/production/_ext/1728594169/startup_xc32.o
 .ARM.attributes
                0x00000406       0x32 build/sam_e70_xult/production/_ext/1728594169/tasks.o
 .ARM.attributes
                0x00000438       0x32 build/sam_e70_xult/production/_ext/1360937237/main.o
 .ARM.attributes
                0x0000046a       0x32 build/sam_e70_xult/production/_ext/1360937237/app.o
 .ARM.attributes
                0x0000049c       0x32 c:/program files/microchip/xc32/v4.20/bin/bin/../../lib/gcc/pic32c/8.3.1/../../../../pic32c/lib/thumb/v7e-m+dp/hard\libpic32c.a(data_init_wrapper.o)
 .ARM.attributes
                0x000004ce       0x32 c:/program files/microchip/xc32/v4.20/bin/bin/../../lib/gcc/pic32c/8.3.1/../../../../pic32c/lib/thumb/v7e-m+dp/hard\libpic32c.a(data_init_0_1.o)
 .ARM.attributes
                0x00000500       0x34 c:/program files/microchip/xc32/v4.20/bin/bin/../../lib/gcc/pic32c/8.3.1/../../../../pic32c/lib/thumb/v7e-m+dp/hard\libc-musl.a(__libc_start_main.o)
 .ARM.attributes
                0x00000534       0x32 c:/program files/microchip/xc32/v4.20/bin/bin/../../lib/gcc/pic32c/8.3.1/../../../../pic32c/lib/thumb/v7e-m+dp/hard\libc-musl.a(libc.o)
 .ARM.attributes
                0x00000566       0x32 c:/program files/microchip/xc32/v4.20/bin/bin/../../lib/gcc/pic32c/8.3.1/../../../../pic32c/lib/thumb/v7e-m+dp/hard\libc-musl.a(__environ.o)
 .ARM.attributes
                0x00000598       0x1e c:/program files/microchip/xc32/v4.20/bin/bin/../../lib/gcc/pic32c/8.3.1/thumb/v7e-m+dp/hard/crtn.o

.comment        0x00000000       0x2b
 .comment       0x00000000       0x2b c:/program files/microchip/xc32/v4.20/bin/bin/../../lib/gcc/pic32c/8.3.1/thumb/v7e-m+dp/hard/crtbegin.o
                                 0x2c (size before relaxing)
 .comment       0x0000002b       0x2c build/sam_e70_xult/production/_ext/917764137/bsp.o
 .comment       0x0000002b       0x2c build/sam_e70_xult/production/_ext/1639147296/plib_afec0.o
 .comment       0x0000002b       0x2c build/sam_e70_xult/production/_ext/1639147296/plib_afec1.o
 .comment       0x0000002b       0x2c build/sam_e70_xult/production/_ext/1055500827/plib_clk.o
 .comment       0x0000002b       0x2c build/sam_e70_xult/production/_ext/1055499099/plib_efc.o
 .comment       0x0000002b       0x2c build/sam_e70_xult/production/_ext/1639501792/plib_mcan0.o
 .comment       0x0000002b       0x2c build/sam_e70_xult/production/_ext/1639550079/plib_nvic.o
 .comment       0x0000002b       0x2c build/sam_e70_xult/production/_ext/1055488423/plib_pio.o
 .comment       0x0000002b       0x2c build/sam_e70_xult/production/_ext/865331892/plib_tc0.o
 .comment       0x0000002b       0x2c build/sam_e70_xult/production/_ext/1639738731/plib_uart2.o
 .comment       0x0000002b       0x2c build/sam_e70_xult/production/_ext/1639738731/plib_uart1.o
 .comment       0x0000002b       0x2c build/sam_e70_xult/production/_ext/707186936/plib_usart1.o
 .comment       0x0000002b       0x2c build/sam_e70_xult/production/_ext/1953779166/sys_console.o
 .comment       0x0000002b       0x2c build/sam_e70_xult/production/_ext/1953779166/sys_console_uart.o
 .comment       0x0000002b       0x2c build/sam_e70_xult/production/_ext/1763620194/sys_debug.o
 .comment       0x0000002b       0x2c build/sam_e70_xult/production/_ext/1728594169/initialization.o
 .comment       0x0000002b       0x2c build/sam_e70_xult/production/_ext/1728594169/interrupts.o
 .comment       0x0000002b       0x2c build/sam_e70_xult/production/_ext/1728594169/exceptions.o
 .comment       0x0000002b       0x2c build/sam_e70_xult/production/_ext/1728594169/startup_xc32.o
 .comment       0x0000002b       0x2c build/sam_e70_xult/production/_ext/1728594169/tasks.o
 .comment       0x0000002b       0x2c build/sam_e70_xult/production/_ext/1360937237/main.o
 .comment       0x0000002b       0x2c build/sam_e70_xult/production/_ext/1360937237/app.o
 .comment       0x0000002b       0x2c c:/program files/microchip/xc32/v4.20/bin/bin/../../lib/gcc/pic32c/8.3.1/../../../../pic32c/lib/thumb/v7e-m+dp/hard\libpic32c.a(data_init_wrapper.o)
 .comment       0x0000002b       0x2c c:/program files/microchip/xc32/v4.20/bin/bin/../../lib/gcc/pic32c/8.3.1/../../../../pic32c/lib/thumb/v7e-m+dp/hard\libpic32c.a(data_init_0_1.o)
 .comment       0x0000002b       0x2c c:/program files/microchip/xc32/v4.20/bin/bin/../../lib/gcc/pic32c/8.3.1/../../../../pic32c/lib/thumb/v7e-m+dp/hard\libc-musl.a(__libc_start_main.o)
 .comment       0x0000002b       0x2c c:/program files/microchip/xc32/v4.20/bin/bin/../../lib/gcc/pic32c/8.3.1/../../../../pic32c/lib/thumb/v7e-m+dp/hard\libc-musl.a(libc.o)
 .comment       0x0000002b       0x2c c:/program files/microchip/xc32/v4.20/bin/bin/../../lib/gcc/pic32c/8.3.1/../../../../pic32c/lib/thumb/v7e-m+dp/hard\libc-musl.a(__environ.o)

.debug_info     0x00000000    0x13fc5
 .debug_info    0x00000000      0x9f4 build/sam_e70_xult/production/_ext/917764137/bsp.o
 .debug_info    0x000009f4      0xf9c build/sam_e70_xult/production/_ext/1639147296/plib_afec0.o
 .debug_info    0x00001990      0xf9c build/sam_e70_xult/production/_ext/1639147296/plib_afec1.o
 .debug_info    0x0000292c      0x997 build/sam_e70_xult/production/_ext/1055500827/plib_clk.o
 .debug_info    0x000032c3      0x90f build/sam_e70_xult/production/_ext/1055499099/plib_efc.o
 .debug_info    0x00003bd2     0x1bce build/sam_e70_xult/production/_ext/1639501792/plib_mcan0.o
 .debug_info    0x000057a0     0x12c8 build/sam_e70_xult/production/_ext/1639550079/plib_nvic.o
 .debug_info    0x00006a68      0xed5 build/sam_e70_xult/production/_ext/1055488423/plib_pio.o
 .debug_info    0x0000793d      0x867 build/sam_e70_xult/production/_ext/865331892/plib_tc0.o
 .debug_info    0x000081a4     0x13c0 build/sam_e70_xult/production/_ext/1639738731/plib_uart2.o
 .debug_info    0x00009564     0x13c0 build/sam_e70_xult/production/_ext/1639738731/plib_uart1.o
 .debug_info    0x0000a924     0x1868 build/sam_e70_xult/production/_ext/707186936/plib_usart1.o
 .debug_info    0x0000c18c     0x148e build/sam_e70_xult/production/_ext/1953779166/sys_console.o
 .debug_info    0x0000d61a     0x1590 build/sam_e70_xult/production/_ext/1953779166/sys_console_uart.o
 .debug_info    0x0000ebaa      0x798 build/sam_e70_xult/production/_ext/1763620194/sys_debug.o
 .debug_info    0x0000f342     0x101a build/sam_e70_xult/production/_ext/1728594169/initialization.o
 .debug_info    0x0001035c      0xdf3 build/sam_e70_xult/production/_ext/1728594169/interrupts.o
 .debug_info    0x0001114f      0x3f0 build/sam_e70_xult/production/_ext/1728594169/exceptions.o
 .debug_info    0x0001153f      0xd90 build/sam_e70_xult/production/_ext/1728594169/startup_xc32.o
 .debug_info    0x000122cf      0x337 build/sam_e70_xult/production/_ext/1728594169/tasks.o
 .debug_info    0x00012606      0x342 build/sam_e70_xult/production/_ext/1360937237/main.o
 .debug_info    0x00012948      0x325 build/sam_e70_xult/production/_ext/1360937237/app.o
 .debug_info    0x00012c6d      0x2a4 c:/program files/microchip/xc32/v4.20/bin/bin/../../lib/gcc/pic32c/8.3.1/../../../../pic32c/lib/thumb/v7e-m+dp/hard\libpic32c.a(data_init_wrapper.o)
 .debug_info    0x00012f11      0x2a7 c:/program files/microchip/xc32/v4.20/bin/bin/../../lib/gcc/pic32c/8.3.1/../../../../pic32c/lib/thumb/v7e-m+dp/hard\libpic32c.a(data_init_0_1.o)
 .debug_info    0x000131b8      0x625 c:/program files/microchip/xc32/v4.20/bin/bin/../../lib/gcc/pic32c/8.3.1/../../../../pic32c/lib/thumb/v7e-m+dp/hard\libc-musl.a(__libc_start_main.o)
 .debug_info    0x000137dd      0x537 c:/program files/microchip/xc32/v4.20/bin/bin/../../lib/gcc/pic32c/8.3.1/../../../../pic32c/lib/thumb/v7e-m+dp/hard\libc-musl.a(libc.o)
 .debug_info    0x00013d14      0x2b1 c:/program files/microchip/xc32/v4.20/bin/bin/../../lib/gcc/pic32c/8.3.1/../../../../pic32c/lib/thumb/v7e-m+dp/hard\libc-musl.a(__environ.o)

.debug_abbrev   0x00000000     0x2d64
 .debug_abbrev  0x00000000       0x99 build/sam_e70_xult/production/_ext/917764137/bsp.o
 .debug_abbrev  0x00000099      0x1a0 build/sam_e70_xult/production/_ext/1639147296/plib_afec0.o
 .debug_abbrev  0x00000239      0x1a0 build/sam_e70_xult/production/_ext/1639147296/plib_afec1.o
 .debug_abbrev  0x000003d9      0x104 build/sam_e70_xult/production/_ext/1055500827/plib_clk.o
 .debug_abbrev  0x000004dd      0x1e2 build/sam_e70_xult/production/_ext/1055499099/plib_efc.o
 .debug_abbrev  0x000006bf      0x31e build/sam_e70_xult/production/_ext/1639501792/plib_mcan0.o
 .debug_abbrev  0x000009dd      0x1e4 build/sam_e70_xult/production/_ext/1639550079/plib_nvic.o
 .debug_abbrev  0x00000bc1      0x16d build/sam_e70_xult/production/_ext/1055488423/plib_pio.o
 .debug_abbrev  0x00000d2e      0x16d build/sam_e70_xult/production/_ext/865331892/plib_tc0.o
 .debug_abbrev  0x00000e9b      0x469 build/sam_e70_xult/production/_ext/1639738731/plib_uart2.o
 .debug_abbrev  0x00001304      0x469 build/sam_e70_xult/production/_ext/1639738731/plib_uart1.o
 .debug_abbrev  0x0000176d      0x467 build/sam_e70_xult/production/_ext/707186936/plib_usart1.o
 .debug_abbrev  0x00001bd4      0x401 build/sam_e70_xult/production/_ext/1953779166/sys_console.o
 .debug_abbrev  0x00001fd5      0x399 build/sam_e70_xult/production/_ext/1953779166/sys_console_uart.o
 .debug_abbrev  0x0000236e      0x17c build/sam_e70_xult/production/_ext/1763620194/sys_debug.o
 .debug_abbrev  0x000024ea      0x1ea build/sam_e70_xult/production/_ext/1728594169/initialization.o
 .debug_abbrev  0x000026d4       0xb5 build/sam_e70_xult/production/_ext/1728594169/interrupts.o
 .debug_abbrev  0x00002789       0x3e build/sam_e70_xult/production/_ext/1728594169/exceptions.o
 .debug_abbrev  0x000027c7      0x210 build/sam_e70_xult/production/_ext/1728594169/startup_xc32.o
 .debug_abbrev  0x000029d7       0x5c build/sam_e70_xult/production/_ext/1728594169/tasks.o
 .debug_abbrev  0x00002a33       0x77 build/sam_e70_xult/production/_ext/1360937237/main.o
 .debug_abbrev  0x00002aaa       0x3b build/sam_e70_xult/production/_ext/1360937237/app.o
 .debug_abbrev  0x00002ae5       0x2b c:/program files/microchip/xc32/v4.20/bin/bin/../../lib/gcc/pic32c/8.3.1/../../../../pic32c/lib/thumb/v7e-m+dp/hard\libpic32c.a(data_init_wrapper.o)
 .debug_abbrev  0x00002b10       0x2e c:/program files/microchip/xc32/v4.20/bin/bin/../../lib/gcc/pic32c/8.3.1/../../../../pic32c/lib/thumb/v7e-m+dp/hard\libpic32c.a(data_init_0_1.o)
 .debug_abbrev  0x00002b3e      0x117 c:/program files/microchip/xc32/v4.20/bin/bin/../../lib/gcc/pic32c/8.3.1/../../../../pic32c/lib/thumb/v7e-m+dp/hard\libc-musl.a(__libc_start_main.o)
 .debug_abbrev  0x00002c55       0xb8 c:/program files/microchip/xc32/v4.20/bin/bin/../../lib/gcc/pic32c/8.3.1/../../../../pic32c/lib/thumb/v7e-m+dp/hard\libc-musl.a(libc.o)
 .debug_abbrev  0x00002d0d       0x57 c:/program files/microchip/xc32/v4.20/bin/bin/../../lib/gcc/pic32c/8.3.1/../../../../pic32c/lib/thumb/v7e-m+dp/hard\libc-musl.a(__environ.o)

.debug_aranges  0x00000000      0x890
 .debug_aranges
                0x00000000       0x20 build/sam_e70_xult/production/_ext/917764137/bsp.o
 .debug_aranges
                0x00000020       0xa0 build/sam_e70_xult/production/_ext/1639147296/plib_afec0.o
 .debug_aranges
                0x000000c0       0xa0 build/sam_e70_xult/production/_ext/1639147296/plib_afec1.o
 .debug_aranges
                0x00000160       0x20 build/sam_e70_xult/production/_ext/1055500827/plib_clk.o
 .debug_aranges
                0x00000180       0x70 build/sam_e70_xult/production/_ext/1055499099/plib_efc.o
 .debug_aranges
                0x000001f0       0x98 build/sam_e70_xult/production/_ext/1639501792/plib_mcan0.o
 .debug_aranges
                0x00000288       0x38 build/sam_e70_xult/production/_ext/1639550079/plib_nvic.o
 .debug_aranges
                0x000002c0       0x60 build/sam_e70_xult/production/_ext/1055488423/plib_pio.o
 .debug_aranges
                0x00000320       0x60 build/sam_e70_xult/production/_ext/865331892/plib_tc0.o
 .debug_aranges
                0x00000380       0xb8 build/sam_e70_xult/production/_ext/1639738731/plib_uart2.o
 .debug_aranges
                0x00000438       0xb8 build/sam_e70_xult/production/_ext/1639738731/plib_uart1.o
 .debug_aranges
                0x000004f0       0xb8 build/sam_e70_xult/production/_ext/707186936/plib_usart1.o
 .debug_aranges
                0x000005a8       0x88 build/sam_e70_xult/production/_ext/1953779166/sys_console.o
 .debug_aranges
                0x00000630       0x68 build/sam_e70_xult/production/_ext/1953779166/sys_console_uart.o
 .debug_aranges
                0x00000698       0x48 build/sam_e70_xult/production/_ext/1763620194/sys_debug.o
 .debug_aranges
                0x000006e0       0x20 build/sam_e70_xult/production/_ext/1728594169/initialization.o
 .debug_aranges
                0x00000700       0x20 build/sam_e70_xult/production/_ext/1728594169/interrupts.o
 .debug_aranges
                0x00000720       0x48 build/sam_e70_xult/production/_ext/1728594169/exceptions.o
 .debug_aranges
                0x00000768       0x28 build/sam_e70_xult/production/_ext/1728594169/startup_xc32.o
 .debug_aranges
                0x00000790       0x20 build/sam_e70_xult/production/_ext/1728594169/tasks.o
 .debug_aranges
                0x000007b0       0x20 build/sam_e70_xult/production/_ext/1360937237/main.o
 .debug_aranges
                0x000007d0       0x28 build/sam_e70_xult/production/_ext/1360937237/app.o
 .debug_aranges
                0x000007f8       0x20 c:/program files/microchip/xc32/v4.20/bin/bin/../../lib/gcc/pic32c/8.3.1/../../../../pic32c/lib/thumb/v7e-m+dp/hard\libpic32c.a(data_init_wrapper.o)
 .debug_aranges
                0x00000818       0x20 c:/program files/microchip/xc32/v4.20/bin/bin/../../lib/gcc/pic32c/8.3.1/../../../../pic32c/lib/thumb/v7e-m+dp/hard\libpic32c.a(data_init_0_1.o)
 .debug_aranges
                0x00000838       0x28 c:/program files/microchip/xc32/v4.20/bin/bin/../../lib/gcc/pic32c/8.3.1/../../../../pic32c/lib/thumb/v7e-m+dp/hard\libc-musl.a(__libc_start_main.o)
 .debug_aranges
                0x00000860       0x18 c:/program files/microchip/xc32/v4.20/bin/bin/../../lib/gcc/pic32c/8.3.1/../../../../pic32c/lib/thumb/v7e-m+dp/hard\libc-musl.a(libc.o)
 .debug_aranges
                0x00000878       0x18 c:/program files/microchip/xc32/v4.20/bin/bin/../../lib/gcc/pic32c/8.3.1/../../../../pic32c/lib/thumb/v7e-m+dp/hard\libc-musl.a(__environ.o)

.debug_ranges   0x00000000      0xa58
 .debug_ranges  0x00000000       0x10 build/sam_e70_xult/production/_ext/917764137/bsp.o
 .debug_ranges  0x00000010       0x90 build/sam_e70_xult/production/_ext/1639147296/plib_afec0.o
 .debug_ranges  0x000000a0       0x90 build/sam_e70_xult/production/_ext/1639147296/plib_afec1.o
 .debug_ranges  0x00000130       0x10 build/sam_e70_xult/production/_ext/1055500827/plib_clk.o
 .debug_ranges  0x00000140       0x90 build/sam_e70_xult/production/_ext/1055499099/plib_efc.o
 .debug_ranges  0x000001d0       0x88 build/sam_e70_xult/production/_ext/1639501792/plib_mcan0.o
 .debug_ranges  0x00000258       0x28 build/sam_e70_xult/production/_ext/1639550079/plib_nvic.o
 .debug_ranges  0x00000280       0x50 build/sam_e70_xult/production/_ext/1055488423/plib_pio.o
 .debug_ranges  0x000002d0       0x50 build/sam_e70_xult/production/_ext/865331892/plib_tc0.o
 .debug_ranges  0x00000320      0x138 build/sam_e70_xult/production/_ext/1639738731/plib_uart2.o
 .debug_ranges  0x00000458      0x138 build/sam_e70_xult/production/_ext/1639738731/plib_uart1.o
 .debug_ranges  0x00000590      0x150 build/sam_e70_xult/production/_ext/707186936/plib_usart1.o
 .debug_ranges  0x000006e0       0x90 build/sam_e70_xult/production/_ext/1953779166/sys_console.o
 .debug_ranges  0x00000770      0x1a8 build/sam_e70_xult/production/_ext/1953779166/sys_console_uart.o
 .debug_ranges  0x00000918       0x38 build/sam_e70_xult/production/_ext/1763620194/sys_debug.o
 .debug_ranges  0x00000950       0x10 build/sam_e70_xult/production/_ext/1728594169/initialization.o
 .debug_ranges  0x00000960       0x10 build/sam_e70_xult/production/_ext/1728594169/interrupts.o
 .debug_ranges  0x00000970       0x38 build/sam_e70_xult/production/_ext/1728594169/exceptions.o
 .debug_ranges  0x000009a8       0x18 build/sam_e70_xult/production/_ext/1728594169/startup_xc32.o
 .debug_ranges  0x000009c0       0x10 build/sam_e70_xult/production/_ext/1728594169/tasks.o
 .debug_ranges  0x000009d0       0x10 build/sam_e70_xult/production/_ext/1360937237/main.o
 .debug_ranges  0x000009e0       0x18 build/sam_e70_xult/production/_ext/1360937237/app.o
 .debug_ranges  0x000009f8       0x10 c:/program files/microchip/xc32/v4.20/bin/bin/../../lib/gcc/pic32c/8.3.1/../../../../pic32c/lib/thumb/v7e-m+dp/hard\libpic32c.a(data_init_wrapper.o)
 .debug_ranges  0x00000a08       0x10 c:/program files/microchip/xc32/v4.20/bin/bin/../../lib/gcc/pic32c/8.3.1/../../../../pic32c/lib/thumb/v7e-m+dp/hard\libpic32c.a(data_init_0_1.o)
 .debug_ranges  0x00000a18       0x40 c:/program files/microchip/xc32/v4.20/bin/bin/../../lib/gcc/pic32c/8.3.1/../../../../pic32c/lib/thumb/v7e-m+dp/hard\libc-musl.a(__libc_start_main.o)

.debug_line     0x00000000     0x594c
 .debug_line    0x00000000       0xdc build/sam_e70_xult/production/_ext/917764137/bsp.o
 .debug_line    0x000000dc      0x3da build/sam_e70_xult/production/_ext/1639147296/plib_afec0.o
 .debug_line    0x000004b6      0x3fa build/sam_e70_xult/production/_ext/1639147296/plib_afec1.o
 .debug_line    0x000008b0      0x291 build/sam_e70_xult/production/_ext/1055500827/plib_clk.o
 .debug_line    0x00000b41      0x421 build/sam_e70_xult/production/_ext/1055499099/plib_efc.o
 .debug_line    0x00000f62      0x71f build/sam_e70_xult/production/_ext/1639501792/plib_mcan0.o
 .debug_line    0x00001681      0x3c4 build/sam_e70_xult/production/_ext/1639550079/plib_nvic.o
 .debug_line    0x00001a45      0x3c8 build/sam_e70_xult/production/_ext/1055488423/plib_pio.o
 .debug_line    0x00001e0d      0x21a build/sam_e70_xult/production/_ext/865331892/plib_tc0.o
 .debug_line    0x00002027      0x7ff build/sam_e70_xult/production/_ext/1639738731/plib_uart2.o
 .debug_line    0x00002826      0x7ff build/sam_e70_xult/production/_ext/1639738731/plib_uart1.o
 .debug_line    0x00003025      0x9a4 build/sam_e70_xult/production/_ext/707186936/plib_usart1.o
 .debug_line    0x000039c9      0x665 build/sam_e70_xult/production/_ext/1953779166/sys_console.o
 .debug_line    0x0000402e      0x627 build/sam_e70_xult/production/_ext/1953779166/sys_console_uart.o
 .debug_line    0x00004655      0x1ef build/sam_e70_xult/production/_ext/1763620194/sys_debug.o
 .debug_line    0x00004844      0x4c7 build/sam_e70_xult/production/_ext/1728594169/initialization.o
 .debug_line    0x00004d0b       0xbf build/sam_e70_xult/production/_ext/1728594169/interrupts.o
 .debug_line    0x00004dca       0xcb build/sam_e70_xult/production/_ext/1728594169/exceptions.o
 .debug_line    0x00004e95      0x456 build/sam_e70_xult/production/_ext/1728594169/startup_xc32.o
 .debug_line    0x000052eb       0x6e build/sam_e70_xult/production/_ext/1728594169/tasks.o
 .debug_line    0x00005359       0x72 build/sam_e70_xult/production/_ext/1360937237/main.o
 .debug_line    0x000053cb       0x53 build/sam_e70_xult/production/_ext/1360937237/app.o
 .debug_line    0x0000541e       0xa8 c:/program files/microchip/xc32/v4.20/bin/bin/../../lib/gcc/pic32c/8.3.1/../../../../pic32c/lib/thumb/v7e-m+dp/hard\libpic32c.a(data_init_wrapper.o)
 .debug_line    0x000054c6       0xf1 c:/program files/microchip/xc32/v4.20/bin/bin/../../lib/gcc/pic32c/8.3.1/../../../../pic32c/lib/thumb/v7e-m+dp/hard\libpic32c.a(data_init_0_1.o)
 .debug_line    0x000055b7      0x1d3 c:/program files/microchip/xc32/v4.20/bin/bin/../../lib/gcc/pic32c/8.3.1/../../../../pic32c/lib/thumb/v7e-m+dp/hard\libc-musl.a(__libc_start_main.o)
 .debug_line    0x0000578a       0xbb c:/program files/microchip/xc32/v4.20/bin/bin/../../lib/gcc/pic32c/8.3.1/../../../../pic32c/lib/thumb/v7e-m+dp/hard\libc-musl.a(libc.o)
 .debug_line    0x00005845      0x107 c:/program files/microchip/xc32/v4.20/bin/bin/../../lib/gcc/pic32c/8.3.1/../../../../pic32c/lib/thumb/v7e-m+dp/hard\libc-musl.a(__environ.o)

.debug_str      0x00000000      0x5e8
 .debug_str     0x00000000        0x0 build/sam_e70_xult/production/_ext/917764137/bsp.o
 .debug_str     0x00000000       0x2b build/sam_e70_xult/production/_ext/1639147296/plib_afec0.o
 .debug_str     0x0000002b       0x2b build/sam_e70_xult/production/_ext/1639147296/plib_afec1.o
 .debug_str     0x00000056       0x14 build/sam_e70_xult/production/_ext/1055500827/plib_clk.o
 .debug_str     0x0000006a       0x14 build/sam_e70_xult/production/_ext/1055499099/plib_efc.o
 .debug_str     0x0000007e       0x88 build/sam_e70_xult/production/_ext/1639501792/plib_mcan0.o
 .debug_str     0x00000106       0x28 build/sam_e70_xult/production/_ext/1639550079/plib_nvic.o
 .debug_str     0x0000012e       0x46 build/sam_e70_xult/production/_ext/1055488423/plib_pio.o
 .debug_str     0x00000174        0xa build/sam_e70_xult/production/_ext/865331892/plib_tc0.o
 .debug_str     0x0000017e       0xa5 build/sam_e70_xult/production/_ext/1639738731/plib_uart2.o
 .debug_str     0x00000223       0xa5 build/sam_e70_xult/production/_ext/1639738731/plib_uart1.o
 .debug_str     0x000002c8       0xb1 build/sam_e70_xult/production/_ext/707186936/plib_usart1.o
 .debug_str     0x00000379       0x38 build/sam_e70_xult/production/_ext/1953779166/sys_console.o
 .debug_str     0x000003b1       0x93 build/sam_e70_xult/production/_ext/1953779166/sys_console_uart.o
 .debug_str     0x00000444        0x0 build/sam_e70_xult/production/_ext/1763620194/sys_debug.o
 .debug_str     0x00000444      0x152 build/sam_e70_xult/production/_ext/1728594169/initialization.o
 .debug_str     0x00000596        0x0 build/sam_e70_xult/production/_ext/1728594169/interrupts.o
 .debug_str     0x00000596        0x0 build/sam_e70_xult/production/_ext/1728594169/exceptions.o
 .debug_str     0x00000596       0x2f build/sam_e70_xult/production/_ext/1728594169/startup_xc32.o
 .debug_str     0x000005c5        0xa build/sam_e70_xult/production/_ext/1728594169/tasks.o
 .debug_str     0x000005cf       0x19 build/sam_e70_xult/production/_ext/1360937237/main.o
 .debug_str     0x000005e8        0x0 build/sam_e70_xult/production/_ext/1360937237/app.o
 .debug_str     0x000005e8        0x0 c:/program files/microchip/xc32/v4.20/bin/bin/../../lib/gcc/pic32c/8.3.1/../../../../pic32c/lib/thumb/v7e-m+dp/hard\libpic32c.a(data_init_wrapper.o)
 .debug_str     0x000005e8        0x0 c:/program files/microchip/xc32/v4.20/bin/bin/../../lib/gcc/pic32c/8.3.1/../../../../pic32c/lib/thumb/v7e-m+dp/hard\libpic32c.a(data_init_0_1.o)
 .debug_str     0x000005e8        0x0 c:/program files/microchip/xc32/v4.20/bin/bin/../../lib/gcc/pic32c/8.3.1/../../../../pic32c/lib/thumb/v7e-m+dp/hard\libc-musl.a(__libc_start_main.o)
 .debug_str     0x000005e8        0x0 c:/program files/microchip/xc32/v4.20/bin/bin/../../lib/gcc/pic32c/8.3.1/../../../../pic32c/lib/thumb/v7e-m+dp/hard\libc-musl.a(libc.o)
 .debug_str     0x000005e8        0x0 c:/program files/microchip/xc32/v4.20/bin/bin/../../lib/gcc/pic32c/8.3.1/../../../../pic32c/lib/thumb/v7e-m+dp/hard\libc-musl.a(__environ.o)

.debug_frame    0x00000000     0x1124
 .debug_frame   0x00000000       0x20 build/sam_e70_xult/production/_ext/917764137/bsp.o
 .debug_frame   0x00000020      0x140 build/sam_e70_xult/production/_ext/1639147296/plib_afec0.o
 .debug_frame   0x00000160      0x140 build/sam_e70_xult/production/_ext/1639147296/plib_afec1.o
 .debug_frame   0x000002a0       0x20 build/sam_e70_xult/production/_ext/1055500827/plib_clk.o
 .debug_frame   0x000002c0       0xec build/sam_e70_xult/production/_ext/1055499099/plib_efc.o
 .debug_frame   0x000003ac      0x180 build/sam_e70_xult/production/_ext/1639501792/plib_mcan0.o
 .debug_frame   0x0000052c       0x50 build/sam_e70_xult/production/_ext/1639550079/plib_nvic.o
 .debug_frame   0x0000057c       0xac build/sam_e70_xult/production/_ext/1055488423/plib_pio.o
 .debug_frame   0x00000628       0xa8 build/sam_e70_xult/production/_ext/865331892/plib_tc0.o
 .debug_frame   0x000006d0      0x1b4 build/sam_e70_xult/production/_ext/1639738731/plib_uart2.o
 .debug_frame   0x00000884      0x1b4 build/sam_e70_xult/production/_ext/1639738731/plib_uart1.o
 .debug_frame   0x00000a38      0x1bc build/sam_e70_xult/production/_ext/707186936/plib_usart1.o
 .debug_frame   0x00000bf4      0x1d0 build/sam_e70_xult/production/_ext/1953779166/sys_console.o
 .debug_frame   0x00000dc4       0xf8 build/sam_e70_xult/production/_ext/1953779166/sys_console_uart.o
 .debug_frame   0x00000ebc       0x70 build/sam_e70_xult/production/_ext/1763620194/sys_debug.o
 .debug_frame   0x00000f2c       0x28 build/sam_e70_xult/production/_ext/1728594169/initialization.o
 .debug_frame   0x00000f54       0x20 build/sam_e70_xult/production/_ext/1728594169/interrupts.o
 .debug_frame   0x00000f74       0x70 build/sam_e70_xult/production/_ext/1728594169/exceptions.o
 .debug_frame   0x00000fe4       0x38 build/sam_e70_xult/production/_ext/1728594169/startup_xc32.o
 .debug_frame   0x0000101c       0x28 build/sam_e70_xult/production/_ext/1728594169/tasks.o
 .debug_frame   0x00001044       0x28 build/sam_e70_xult/production/_ext/1360937237/main.o
 .debug_frame   0x0000106c       0x30 build/sam_e70_xult/production/_ext/1360937237/app.o
 .debug_frame   0x0000109c       0x20 c:/program files/microchip/xc32/v4.20/bin/bin/../../lib/gcc/pic32c/8.3.1/../../../../pic32c/lib/thumb/v7e-m+dp/hard\libpic32c.a(data_init_wrapper.o)
 .debug_frame   0x000010bc       0x2c c:/program files/microchip/xc32/v4.20/bin/bin/../../lib/gcc/pic32c/8.3.1/../../../../pic32c/lib/thumb/v7e-m+dp/hard\libpic32c.a(data_init_0_1.o)
 .debug_frame   0x000010e8       0x3c c:/program files/microchip/xc32/v4.20/bin/bin/../../lib/gcc/pic32c/8.3.1/../../../../pic32c/lib/thumb/v7e-m+dp/hard\libc-musl.a(__libc_start_main.o)

.debug_loc      0x00000000     0x4b9e
 .debug_loc     0x00000000      0x262 build/sam_e70_xult/production/_ext/1639147296/plib_afec0.o
 .debug_loc     0x00000262      0x262 build/sam_e70_xult/production/_ext/1639147296/plib_afec1.o
 .debug_loc     0x000004c4      0x51b build/sam_e70_xult/production/_ext/1055499099/plib_efc.o
 .debug_loc     0x000009df      0x8eb build/sam_e70_xult/production/_ext/1639501792/plib_mcan0.o
 .debug_loc     0x000012ca      0x1c1 build/sam_e70_xult/production/_ext/1639550079/plib_nvic.o
 .debug_loc     0x0000148b       0xc0 build/sam_e70_xult/production/_ext/1055488423/plib_pio.o
 .debug_loc     0x0000154b       0x46 build/sam_e70_xult/production/_ext/865331892/plib_tc0.o
 .debug_loc     0x00001591      0x913 build/sam_e70_xult/production/_ext/1639738731/plib_uart2.o
 .debug_loc     0x00001ea4      0x913 build/sam_e70_xult/production/_ext/1639738731/plib_uart1.o
 .debug_loc     0x000027b7      0xab5 build/sam_e70_xult/production/_ext/707186936/plib_usart1.o
 .debug_loc     0x0000326c      0xd07 build/sam_e70_xult/production/_ext/1953779166/sys_console.o
 .debug_loc     0x00003f73      0x9f9 build/sam_e70_xult/production/_ext/1953779166/sys_console_uart.o
 .debug_loc     0x0000496c       0xa1 build/sam_e70_xult/production/_ext/1763620194/sys_debug.o
 .debug_loc     0x00004a0d       0x45 build/sam_e70_xult/production/_ext/1728594169/initialization.o
 .debug_loc     0x00004a52       0xa7 build/sam_e70_xult/production/_ext/1728594169/startup_xc32.o
 .debug_loc     0x00004af9       0x20 build/sam_e70_xult/production/_ext/1728594169/tasks.o
 .debug_loc     0x00004b19       0x20 build/sam_e70_xult/production/_ext/1360937237/main.o
 .debug_loc     0x00004b39       0x14 c:/program files/microchip/xc32/v4.20/bin/bin/../../lib/gcc/pic32c/8.3.1/../../../../pic32c/lib/thumb/v7e-m+dp/hard\libpic32c.a(data_init_0_1.o)
 .debug_loc     0x00004b4d       0x51 c:/program files/microchip/xc32/v4.20/bin/bin/../../lib/gcc/pic32c/8.3.1/../../../../pic32c/lib/thumb/v7e-m+dp/hard\libc-musl.a(__libc_start_main.o)

.note.GNU-stack
                0x00000000        0x0
 .note.GNU-stack
                0x00000000        0x0 c:/program files/microchip/xc32/v4.20/bin/bin/../../lib/gcc/pic32c/8.3.1/../../../../pic32c/lib/thumb/v7e-m+dp/hard\libc-musl.a(__libc_start_main.o)
 .note.GNU-stack
                0x00000000        0x0 c:/program files/microchip/xc32/v4.20/bin/bin/../../lib/gcc/pic32c/8.3.1/../../../../pic32c/lib/thumb/v7e-m+dp/hard\libc-musl.a(libc.o)
 .note.GNU-stack
                0x00000000        0x0 c:/program files/microchip/xc32/v4.20/bin/bin/../../lib/gcc/pic32c/8.3.1/../../../../pic32c/lib/thumb/v7e-m+dp/hard\libc-musl.a(__environ.o)

.stack          0x20400830      0x100
 .stack         0x20400830      0x100 stack

.bss.USART1_WriteBuffer%1
                0x20400000      0x200
 .bss.USART1_WriteBuffer
                0x20400000      0x200 build/sam_e70_xult/production/_ext/707186936/plib_usart1.o

.bss.UART2_ReadBuffer%2
                0x20400200       0x80
 .bss.UART2_ReadBuffer
                0x20400200       0x80 build/sam_e70_xult/production/_ext/1639738731/plib_uart2.o

.bss.UART2_WriteBuffer%3
                0x20400280       0x80
 .bss.UART2_WriteBuffer
                0x20400280       0x80 build/sam_e70_xult/production/_ext/1639738731/plib_uart2.o

.bss.UART1_ReadBuffer%4
                0x20400300       0x80
 .bss.UART1_ReadBuffer
                0x20400300       0x80 build/sam_e70_xult/production/_ext/1639738731/plib_uart1.o

.bss.UART1_WriteBuffer%5
                0x20400380       0x80
 .bss.UART1_WriteBuffer
                0x20400380       0x80 build/sam_e70_xult/production/_ext/1639738731/plib_uart1.o

.bss.USART1_ReadBuffer%6
                0x20400400       0x80
 .bss.USART1_ReadBuffer
                0x20400400       0x80 build/sam_e70_xult/production/_ext/707186936/plib_usart1.o

.bss%7          0x20400480       0x50
 .bss           0x20400480       0x50 c:/program files/microchip/xc32/v4.20/bin/bin/../../lib/gcc/pic32c/8.3.1/../../../../pic32c/lib/thumb/v7e-m+dp/hard\libc-musl.a(libc.o)
                0x20400480                __progname_full
                0x20400480                program_invocation_name
                0x20400484                program_invocation_short_name
                0x20400484                __progname
                0x20400488                __sysinfo
                0x2040048c                __hwcap
                0x20400490                __libc

.bss.usart1Obj%8
                0x204004d0       0x40
 .bss.usart1Obj
                0x204004d0       0x40 build/sam_e70_xult/production/_ext/707186936/plib_usart1.o
                0x204004d0                usart1Obj

.bss.uart2Obj%9
                0x20400510       0x38
 .bss.uart2Obj  0x20400510       0x38 build/sam_e70_xult/production/_ext/1639738731/plib_uart2.o
                0x20400510                uart2Obj

.bss.uart1Obj%10
                0x20400548       0x38
 .bss.uart1Obj  0x20400548       0x38 build/sam_e70_xult/production/_ext/1639738731/plib_uart1.o
                0x20400548                uart1Obj

.bss%11         0x20400580       0x1c
 .bss           0x20400580       0x1c c:/program files/microchip/xc32/v4.20/bin/bin/../../lib/gcc/pic32c/8.3.1/thumb/v7e-m+dp/hard/crtbegin.o

.bss.mcan0Obj%12
                0x2040059c       0x1c
 .bss.mcan0Obj  0x2040059c       0x1c build/sam_e70_xult/production/_ext/1639501792/plib_mcan0.o

.bss.mcan0RxFifoCallbackObj%13
                0x204005b8       0x10
 .bss.mcan0RxFifoCallbackObj
                0x204005b8       0x10 build/sam_e70_xult/production/_ext/1639501792/plib_mcan0.o

.bss.consoleDeviceInstance%14
                0x204005c8        0xc
 .bss.consoleDeviceInstance
                0x204005c8        0xc build/sam_e70_xult/production/_ext/1953779166/sys_console.o

.bss.mcan0CallbackObj%15
                0x204005d4        0x8
 .bss.mcan0CallbackObj
                0x204005d4        0x8 build/sam_e70_xult/production/_ext/1639501792/plib_mcan0.o

.bss.mcan0TxEventFifoCallbackObj%16
                0x204005dc        0x8
 .bss.mcan0TxEventFifoCallbackObj
                0x204005dc        0x8 build/sam_e70_xult/production/_ext/1639501792/plib_mcan0.o

.bss.mcan0TxFifoCallbackObj%17
                0x204005e4        0x8
 .bss.mcan0TxFifoCallbackObj
                0x204005e4        0x8 build/sam_e70_xult/production/_ext/1639501792/plib_mcan0.o

.bss.TC0_CH0_CallbackObj%18
                0x204005ec        0x8
 .bss.TC0_CH0_CallbackObj
                0x204005ec        0x8 build/sam_e70_xult/production/_ext/865331892/plib_tc0.o

.bss.gConsoleUartData%19
                0x204005f4        0x8
 .bss.gConsoleUartData
                0x204005f4        0x8 build/sam_e70_xult/production/_ext/1953779166/sys_console_uart.o

.bss.sysObj%20  0x204005fc        0x8
 .bss.sysObj    0x204005fc        0x8 build/sam_e70_xult/production/_ext/1728594169/initialization.o
                0x204005fc                sysObj

.bss.sysDebugInstance%21
                0x20400604        0x4
 .bss.sysDebugInstance
                0x20400604        0x4 build/sam_e70_xult/production/_ext/1763620194/sys_debug.o

.bss.cmd.7902%22
                0x20400608        0x4
 .bss.cmd.7902  0x20400608        0x4 build/sam_e70_xult/production/_ext/1728594169/startup_xc32.o

.bss%23         0x2040060c        0x8
 .bss           0x2040060c        0x4 c:/program files/microchip/xc32/v4.20/bin/bin/../../lib/gcc/pic32c/8.3.1/../../../../pic32c/lib/thumb/v7e-m+dp/hard\libpic32c.a(data_init_0_1.o)
 .bss           0x20400610        0x4 c:/program files/microchip/xc32/v4.20/bin/bin/../../lib/gcc/pic32c/8.3.1/../../../../pic32c/lib/thumb/v7e-m+dp/hard\libc-musl.a(__environ.o)
                0x20400610                __environ
                0x20400610                environ
                0x20400610                ___environ
                0x20400610                _environ

.bss.consolePrintBufferMutex%25
                0x20400614        0x1
 .bss.consolePrintBufferMutex
                0x20400614        0x1 build/sam_e70_xult/production/_ext/1953779166/sys_console.o

.bss.isConsoleMutexCreated%26
                0x20400615        0x1
 .bss.isConsoleMutexCreated
                0x20400615        0x1 build/sam_e70_xult/production/_ext/1953779166/sys_console.o

.bss.gblErrLvl%27
                0x20400616        0x1
 .bss.gblErrLvl
                0x20400616        0x1 build/sam_e70_xult/production/_ext/1763620194/sys_debug.o
                0x20400616                gblErrLvl

.eh_frame%z1    0x00000000        0x0
 .eh_frame      0x00000000        0x0 c:/program files/microchip/xc32/v4.20/bin/bin/../../lib/gcc/pic32c/8.3.1/thumb/v7e-m+dp/hard/crtbegin.o

.config_D0000000.__config_D0000000%28
                0xd0000000        0x4
 .config_D0000000.__config_D0000000
                0xd0000000        0x4 build/sam_e70_xult/production/_ext/1728594169/initialization.o
                0xd0000000                __config_D0000000

.text.USART1_InterruptHandler%29
                0x00400188      0x17c
 .text.USART1_InterruptHandler
                0x00400188      0x17c build/sam_e70_xult/production/_ext/707186936/plib_usart1.o
                0x00400188                USART1_InterruptHandler

.text.Reset_Handler%30
                0x00400304      0x178
 .text.Reset_Handler
                0x00400304      0x178 build/sam_e70_xult/production/_ext/1728594169/startup_xc32.o
                0x00400304                Reset_Handler

.dinit%31       0x0040047c      0x150
 .dinit         0x0040047c      0x150 data_init

.text.UART2_InterruptHandler%32
                0x004005cc      0x12c
 .text.UART2_InterruptHandler
                0x004005cc      0x12c build/sam_e70_xult/production/_ext/1639738731/plib_uart2.o
                0x004005cc                UART2_InterruptHandler

.text.UART1_InterruptHandler%33
                0x004006f8      0x12c
 .text.UART1_InterruptHandler
                0x004006f8      0x12c build/sam_e70_xult/production/_ext/1639738731/plib_uart1.o
                0x004006f8                UART1_InterruptHandler

.text.CLOCK_Initialize%34
                0x00400824      0x11c
 .text.CLOCK_Initialize
                0x00400824      0x11c build/sam_e70_xult/production/_ext/1055500827/plib_clk.o
                0x00400824                CLOCK_Initialize

.text.PIO_Initialize%35
                0x00400940      0x110
 .text.PIO_Initialize
                0x00400940      0x110 build/sam_e70_xult/production/_ext/1055488423/plib_pio.o
                0x00400940                PIO_Initialize

.text.MCAN0_INT0_InterruptHandler%36
                0x00400a50       0xb4
 .text.MCAN0_INT0_InterruptHandler
                0x00400a50       0xb4 build/sam_e70_xult/production/_ext/1639501792/plib_mcan0.o
                0x00400a50                MCAN0_INT0_InterruptHandler

.text.USART1_Write%37
                0x00400b04       0xa4
 .text.USART1_Write
                0x00400b04       0xa4 build/sam_e70_xult/production/_ext/707186936/plib_usart1.o
                0x00400b04                USART1_Write

.text.NVIC_Initialize%38
                0x00400ba8       0x74
 .text.NVIC_Initialize
                0x00400ba8       0x74 build/sam_e70_xult/production/_ext/1639550079/plib_nvic.o
                0x00400ba8                NVIC_Initialize

.text.USART1_Initialize%39
                0x00400c1c       0x6c
 .text.USART1_Initialize
                0x00400c1c       0x6c build/sam_e70_xult/production/_ext/707186936/plib_usart1.o
                0x00400c1c                USART1_Initialize

.text.SYS_Initialize%40
                0x00400c88       0x6c
 .text.SYS_Initialize
                0x00400c88       0x6c build/sam_e70_xult/production/_ext/1728594169/initialization.o
                0x00400c88                SYS_Initialize

.text.MCAN0_Initialize%41
                0x00400cf4       0x68
 .text.MCAN0_Initialize
                0x00400cf4       0x68 build/sam_e70_xult/production/_ext/1639501792/plib_mcan0.o
                0x00400cf4                MCAN0_Initialize

.text.__pic32c_data_initialization_impl%42
                0x00400d5c       0x60
 .text.__pic32c_data_initialization_impl
                0x00400d5c       0x60 c:/program files/microchip/xc32/v4.20/bin/bin/../../lib/gcc/pic32c/8.3.1/../../../../pic32c/lib/thumb/v7e-m+dp/hard\libpic32c.a(data_init_0_1.o)
                0x00400d5c                __copy_needed
                0x00400d5c                __pic32c_data_initialization_impl

.text.__libc_start_init%43
                0x00400dbc       0x5c
 .text.__libc_start_init
                0x00400dbc       0x5c c:/program files/microchip/xc32/v4.20/bin/bin/../../lib/gcc/pic32c/8.3.1/../../../../pic32c/lib/thumb/v7e-m+dp/hard\libc-musl.a(__libc_start_main.o)
                0x00400dbc                __libc_init_array

.text.USART1_Read%44
                0x00400e18       0x58
 .text.USART1_Read
                0x00400e18       0x58 build/sam_e70_xult/production/_ext/707186936/plib_usart1.o
                0x00400e18                USART1_Read

.text.SYS_CONSOLE_Initialize%45
                0x00400e70       0x50
 .text.SYS_CONSOLE_Initialize
                0x00400e70       0x50 build/sam_e70_xult/production/_ext/1953779166/sys_console.o
                0x00400e70                SYS_CONSOLE_Initialize

.text.AFEC1_Initialize%46
                0x00400ec0       0x4c
 .text.AFEC1_Initialize
                0x00400ec0       0x4c build/sam_e70_xult/production/_ext/1639147296/plib_afec1.o
                0x00400ec0                AFEC1_Initialize

.text.AFEC0_Initialize%47
                0x00400f0c       0x44
 .text.AFEC0_Initialize
                0x00400f0c       0x44 build/sam_e70_xult/production/_ext/1639147296/plib_afec0.o
                0x00400f0c                AFEC0_Initialize

.text.UART2_Initialize%48
                0x00400f50       0x44
 .text.UART2_Initialize
                0x00400f50       0x44 build/sam_e70_xult/production/_ext/1639738731/plib_uart2.o
                0x00400f50                UART2_Initialize

.text.UART1_Initialize%49
                0x00400f94       0x44
 .text.UART1_Initialize
                0x00400f94       0x44 build/sam_e70_xult/production/_ext/1639738731/plib_uart1.o
                0x00400f94                UART1_Initialize

.text%50        0x00400fd8       0x40
 .text          0x00400fd8       0x40 c:/program files/microchip/xc32/v4.20/bin/bin/../../lib/gcc/pic32c/8.3.1/thumb/v7e-m+dp/hard/crtbegin.o

.text.Console_UART_Read%51
                0x00401018       0x34
 .text.Console_UART_Read
                0x00401018       0x34 build/sam_e70_xult/production/_ext/1953779166/sys_console_uart.o
                0x00401018                Console_UART_Read

.text.Console_UART_Write%52
                0x0040104c       0x34
 .text.Console_UART_Write
                0x0040104c       0x34 build/sam_e70_xult/production/_ext/1953779166/sys_console_uart.o
                0x0040104c                Console_UART_Write

.text.Console_UART_WriteCountGet%53
                0x00401080       0x30
 .text.Console_UART_WriteCountGet
                0x00401080       0x30 build/sam_e70_xult/production/_ext/1953779166/sys_console_uart.o
                0x00401080                Console_UART_WriteCountGet

.text.Console_UART_WriteFreeBufferCountGet%54
                0x004010b0       0x30
 .text.Console_UART_WriteFreeBufferCountGet
                0x004010b0       0x30 build/sam_e70_xult/production/_ext/1953779166/sys_console_uart.o
                0x004010b0                Console_UART_WriteFreeBufferCountGet

.text.Console_UART_ReadFreeBufferCountGet%55
                0x004010e0       0x30
 .text.Console_UART_ReadFreeBufferCountGet
                0x004010e0       0x30 build/sam_e70_xult/production/_ext/1953779166/sys_console_uart.o
                0x004010e0                Console_UART_ReadFreeBufferCountGet

.text.Console_UART_ReadCountGet%56
                0x00401110       0x30
 .text.Console_UART_ReadCountGet
                0x00401110       0x30 build/sam_e70_xult/production/_ext/1953779166/sys_console_uart.o
                0x00401110                Console_UART_ReadCountGet

.rodata.sysConsoleUARTDevDesc%57
                0x00401140       0x2c
 .rodata.sysConsoleUARTDevDesc
                0x00401140       0x2c build/sam_e70_xult/production/_ext/1953779166/sys_console_uart.o
                0x00401140                sysConsoleUARTDevDesc

.text.TC0_CH0_TimerInitialize%58
                0x0040116c       0x28
 .text.TC0_CH0_TimerInitialize
                0x0040116c       0x28 build/sam_e70_xult/production/_ext/865331892/plib_tc0.o
                0x0040116c                TC0_CH0_TimerInitialize

.text.TC0_CH0_InterruptHandler%59
                0x00401194       0x24
 .text.TC0_CH0_InterruptHandler
                0x00401194       0x24 build/sam_e70_xult/production/_ext/865331892/plib_tc0.o
                0x00401194                TC0_CH0_InterruptHandler

.text.USART1_WritePendingBytesGet%60
                0x004011b8       0x1c
 .text.USART1_WritePendingBytesGet
                0x004011b8       0x1c build/sam_e70_xult/production/_ext/707186936/plib_usart1.o

.text.USART1_ReadCountGet%61
                0x004011d4       0x1c
 .text.USART1_ReadCountGet
                0x004011d4       0x1c build/sam_e70_xult/production/_ext/707186936/plib_usart1.o
                0x004011d4                USART1_ReadCountGet

.text.SYS_DEBUG_Initialize%62
                0x004011f0       0x1c
 .text.SYS_DEBUG_Initialize
                0x004011f0       0x1c build/sam_e70_xult/production/_ext/1763620194/sys_debug.o
                0x004011f0                SYS_DEBUG_Initialize

.rodata.sysConsole0UARTPlibAPI%63
                0x0040120c       0x18
 .rodata.sysConsole0UARTPlibAPI
                0x0040120c       0x18 build/sam_e70_xult/production/_ext/1728594169/initialization.o
                0x0040120c                sysConsole0UARTPlibAPI

.text.UART2_WritePendingBytesGet%64
                0x00401224       0x14
 .text.UART2_WritePendingBytesGet
                0x00401224       0x14 build/sam_e70_xult/production/_ext/1639738731/plib_uart2.o

.text.UART2_ReadCountGet%65
                0x00401238       0x14
 .text.UART2_ReadCountGet
                0x00401238       0x14 build/sam_e70_xult/production/_ext/1639738731/plib_uart2.o
                0x00401238                UART2_ReadCountGet

.text.UART1_WritePendingBytesGet%66
                0x0040124c       0x14
 .text.UART1_WritePendingBytesGet
                0x0040124c       0x14 build/sam_e70_xult/production/_ext/1639738731/plib_uart1.o

.text.UART1_ReadCountGet%67
                0x00401260       0x14
 .text.UART1_ReadCountGet
                0x00401260       0x14 build/sam_e70_xult/production/_ext/1639738731/plib_uart1.o
                0x00401260                UART1_ReadCountGet

.text.USART1_ReadFreeBufferCountGet%68
                0x00401274       0x14
 .text.USART1_ReadFreeBufferCountGet
                0x00401274       0x14 build/sam_e70_xult/production/_ext/707186936/plib_usart1.o
                0x00401274                USART1_ReadFreeBufferCountGet

.text.USART1_WriteFreeBufferCountGet%69
                0x00401288       0x14
 .text.USART1_WriteFreeBufferCountGet
                0x00401288       0x14 build/sam_e70_xult/production/_ext/707186936/plib_usart1.o
                0x00401288                USART1_WriteFreeBufferCountGet

.text.Console_UART_Initialize%70
                0x0040129c       0x14
 .text.Console_UART_Initialize
                0x0040129c       0x14 build/sam_e70_xult/production/_ext/1953779166/sys_console_uart.o
                0x0040129c                Console_UART_Initialize

.text.BSP_Initialize%71
                0x004012b0       0x10
 .text.BSP_Initialize
                0x004012b0       0x10 build/sam_e70_xult/production/_ext/917764137/bsp.o
                0x004012b0                BSP_Initialize

.text.EFC_Initialize%72
                0x004012c0       0x10
 .text.EFC_Initialize
                0x004012c0       0x10 build/sam_e70_xult/production/_ext/1055499099/plib_efc.o
                0x004012c0                EFC_Initialize

.text.Console_UART_Status%73
                0x004012d0       0x10
 .text.Console_UART_Status
                0x004012d0       0x10 build/sam_e70_xult/production/_ext/1953779166/sys_console_uart.o
                0x004012d0                Console_UART_Status

.text.main%74   0x004012e0        0xe
 .text.main     0x004012e0        0xe build/sam_e70_xult/production/_ext/1360937237/main.o
                0x004012e0                main

.text.UART2_WriteFreeBufferCountGet%75
                0x004012ee        0xc
 .text.UART2_WriteFreeBufferCountGet
                0x004012ee        0xc build/sam_e70_xult/production/_ext/1639738731/plib_uart2.o
                0x004012ee                UART2_WriteFreeBufferCountGet

.text.UART1_WriteFreeBufferCountGet%76
                0x004012fa        0xc
 .text.UART1_WriteFreeBufferCountGet
                0x004012fa        0xc build/sam_e70_xult/production/_ext/1639738731/plib_uart1.o
                0x004012fa                UART1_WriteFreeBufferCountGet

.rodata.sysConsole0Init%77
                0x00401308        0xc
 .rodata.sysConsole0Init
                0x00401308        0xc build/sam_e70_xult/production/_ext/1728594169/initialization.o
                0x00401308                sysConsole0Init

.text.USART1_WriteCountGet%78
                0x00401314        0x8
 .text.USART1_WriteCountGet
                0x00401314        0x8 build/sam_e70_xult/production/_ext/707186936/plib_usart1.o
                0x00401314                USART1_WriteCountGet

.text.SYS_Tasks%79
                0x0040131c        0x8
 .text.SYS_Tasks
                0x0040131c        0x8 build/sam_e70_xult/production/_ext/1728594169/tasks.o
                0x0040131c                SYS_Tasks

.text.Console_UART_Flush%80
                0x00401324        0x4
 .text.Console_UART_Flush
                0x00401324        0x4 build/sam_e70_xult/production/_ext/1953779166/sys_console_uart.o
                0x00401324                Console_UART_Flush

.rodata.debugInit%81
                0x00401328        0x4
 .rodata.debugInit
                0x00401328        0x4 build/sam_e70_xult/production/_ext/1728594169/initialization.o
                0x00401328                debugInit

.rodata.sysConsole0UARTInitData%82
                0x0040132c        0x4
 .rodata.sysConsole0UARTInitData
                0x0040132c        0x4 build/sam_e70_xult/production/_ext/1728594169/initialization.o
                0x0040132c                sysConsole0UARTInitData

.text.__pic32c_data_initialization%83
                0x00401330        0x4
 .text.__pic32c_data_initialization
                0x00401330        0x4 c:/program files/microchip/xc32/v4.20/bin/bin/../../lib/gcc/pic32c/8.3.1/../../../../pic32c/lib/thumb/v7e-m+dp/hard\libpic32c.a(data_init_wrapper.o)
                0x00401330                __pic32c_data_initialization

.text.Console_UART_Tasks%84
                0x00401306        0x2
 .text.Console_UART_Tasks
                0x00401306        0x2 build/sam_e70_xult/production/_ext/1953779166/sys_console_uart.o
                0x00401306                Console_UART_Tasks

.text.Dummy_Handler%85
                0x00401334        0x2
 .text.Dummy_Handler
                0x00401334        0x2 build/sam_e70_xult/production/_ext/1728594169/interrupts.o
                0x00401334                DACC_Handler
                0x00401334                SVCall_Handler
                0x00401334                TC0_CH2_Handler
                0x00401334                TC3_CH1_Handler
                0x00401334                UART3_Handler
                0x00401334                TRNG_Handler
                0x00401334                SysTick_Handler
                0x00401334                AFEC1_Handler
                0x00401334                PendSV_Handler
                0x00401334                TC0_CH1_Handler
                0x00401334                QSPI_Handler
                0x00401334                ISI_Handler
                0x00401334                RSWDT_Handler
                0x00401334                USART0_Handler
                0x00401334                TC1_CH2_Handler
                0x00401334                RTT_Handler
                0x00401334                USBHS_Handler
                0x00401334                IXC_Handler
                0x00401334                CCF_Handler
                0x00401334                PIOB_Handler
                0x00401334                RTC_Handler
                0x00401334                WDT_Handler
                0x00401334                MCAN1_INT1_Handler
                0x00401334                HSMCI_Handler
                0x00401334                Dummy_Handler
                0x00401334                TWIHS1_Handler
                0x00401334                TC3_CH2_Handler
                0x00401334                XDMAC_Handler
                0x00401334                UART4_Handler
                0x00401334                TC2_CH0_Handler
                0x00401334                PWM1_Handler
                0x00401334                PWM0_Handler
                0x00401334                PIOA_Handler
                0x00401334                AFEC0_Handler
                0x00401334                CCW_Handler
                0x00401334                TC3_CH0_Handler
                0x00401334                SSC_Handler
                0x00401334                TC1_CH0_Handler
                0x00401334                ACC_Handler
                0x00401334                PMC_Handler
                0x00401334                GMAC_Handler
                0x00401334                TC2_CH2_Handler
                0x00401334                MCAN0_INT1_Handler
                0x00401334                GMAC_Q5_Handler
                0x00401334                SUPC_Handler
                0x00401334                TC2_CH1_Handler
                0x00401334                MCAN1_INT0_Handler
                0x00401334                EFC_Handler
                0x00401334                GMAC_Q1_Handler
                0x00401334                USART2_Handler
                0x00401334                GMAC_Q2_Handler
                0x00401334                PIOE_Handler
                0x00401334                SPI1_Handler
                0x00401334                TC1_CH1_Handler
                0x00401334                GMAC_Q3_Handler
                0x00401334                PIOD_Handler
                0x00401334                TWIHS2_Handler
                0x00401334                I2SC0_Handler
                0x00401334                UART0_Handler
                0x00401334                I2SC1_Handler
                0x00401334                PIOC_Handler
                0x00401334                GMAC_Q4_Handler
                0x00401334                FPU_Handler
                0x00401334                RSTC_Handler
                0x00401334                ICM_Handler
                0x00401334                AES_Handler
                0x00401334                TWIHS0_Handler
                0x00401334                SPI0_Handler

.text.NonMaskableInt_Handler%86
                0x00401336        0x2
 .text.NonMaskableInt_Handler
                0x00401336        0x2 build/sam_e70_xult/production/_ext/1728594169/exceptions.o
                0x00401336                NonMaskableInt_Handler

.text.HardFault_Handler%87
                0x00401338        0x2
 .text.HardFault_Handler
                0x00401338        0x2 build/sam_e70_xult/production/_ext/1728594169/exceptions.o
                0x00401338                HardFault_Handler

.text.DebugMonitor_Handler%88
                0x0040133a        0x2
 .text.DebugMonitor_Handler
                0x0040133a        0x2 build/sam_e70_xult/production/_ext/1728594169/exceptions.o
                0x0040133a                DebugMonitor_Handler

.text.MemoryManagement_Handler%89
                0x0040133c        0x2
 .text.MemoryManagement_Handler
                0x0040133c        0x2 build/sam_e70_xult/production/_ext/1728594169/exceptions.o
                0x0040133c                MemoryManagement_Handler

.text.BusFault_Handler%90
                0x0040133e        0x2
 .text.BusFault_Handler
                0x0040133e        0x2 build/sam_e70_xult/production/_ext/1728594169/exceptions.o
                0x0040133e                BusFault_Handler

.text.UsageFault_Handler%91
                0x00401340        0x2
 .text.UsageFault_Handler
                0x00401340        0x2 build/sam_e70_xult/production/_ext/1728594169/exceptions.o
                0x00401340                UsageFault_Handler

.text.Dummy_App_Func%92
                0x00401342        0x2
 .text.Dummy_App_Func
                0x00401342        0x2 build/sam_e70_xult/production/_ext/1728594169/startup_xc32.o
                0x00401342                _on_reset
                0x00401342                _on_bootstrap
                0x00401342                __xc32_on_reset
                0x00401342                Dummy_App_Func
                0x00401342                __xc32_on_bootstrap

.text.APP_Initialize%93
                0x00401344        0x2
 .text.APP_Initialize
                0x00401344        0x2 build/sam_e70_xult/production/_ext/1360937237/app.o
                0x00401344                APP_Initialize

.text.APP_Tasks%94
                0x00401346        0x2
 .text.APP_Tasks
                0x00401346        0x2 build/sam_e70_xult/production/_ext/1360937237/app.o
                0x00401346                APP_Tasks

.text.__dummy%95
                0x00401348        0x2
 .text.__dummy  0x00401348        0x2 c:/program files/microchip/xc32/v4.20/bin/bin/../../lib/gcc/pic32c/8.3.1/../../../../pic32c/lib/thumb/v7e-m+dp/hard\libc-musl.a(__libc_start_main.o)
                0x00401348                __init_stdio
                0x00401348                __init_host
