Archive member included to satisfy reference by file (symbol)

c:/program files/microchip/xc32/v4.20/bin/bin/../../lib/gcc/pic32c/8.3.1/../../../../pic32c/lib/thumb/v7e-m+dp/hard\libpic32c.a(data_init_wrapper.o)
                              build/default/production/_ext/1171490990/startup_xc32.o (__pic32c_data_initialization)
c:/program files/microchip/xc32/v4.20/bin/bin/../../lib/gcc/pic32c/8.3.1/../../../../pic32c/lib/thumb/v7e-m+dp/hard\libpic32c.a(data_init_0_1.o)
                              c:/program files/microchip/xc32/v4.20/bin/bin/../../lib/gcc/pic32c/8.3.1/../../../../pic32c/lib/thumb/v7e-m+dp/hard\libpic32c.a(data_init_wrapper.o) (__pic32c_data_initialization_impl)
c:/program files/microchip/xc32/v4.20/bin/bin/../../lib/gcc/pic32c/8.3.1/../../../../pic32c/lib/thumb/v7e-m+dp/hard\libc-musl.a(__libc_start_main.o)
                              build/default/production/_ext/1171490990/startup_xc32.o (__libc_init_array)
c:/program files/microchip/xc32/v4.20/bin/bin/../../lib/gcc/pic32c/8.3.1/../../../../pic32c/lib/thumb/v7e-m+dp/hard\libc-musl.a(libc.o)
                              c:/program files/microchip/xc32/v4.20/bin/bin/../../lib/gcc/pic32c/8.3.1/../../../../pic32c/lib/thumb/v7e-m+dp/hard\libc-musl.a(__libc_start_main.o) (__progname_full)
c:/program files/microchip/xc32/v4.20/bin/bin/../../lib/gcc/pic32c/8.3.1/../../../../pic32c/lib/thumb/v7e-m+dp/hard\libc-musl.a(__environ.o)
                              c:/program files/microchip/xc32/v4.20/bin/bin/../../lib/gcc/pic32c/8.3.1/../../../../pic32c/lib/thumb/v7e-m+dp/hard\libc-musl.a(__libc_start_main.o) (__environ)

Allocating common symbols
Common symbol       size              file

usart1Obj           0x30              build/default/production/_ext/2001315827/plib_usart1.o

Microchip PIC32 Memory-Usage Report

ROM Program-Memory Usage
section                    address  length [bytes]      (dec)  Description
-------                 ----------  -------------------------  -----------
.vectors                  0x400000          0x168         360   
.text                     0x400168           0x20          32  App's exec code 
.text                     0x400188          0xb5c        2908  App's exec code 
.text.Reset_Handler       0x400ce4           0xe0         224   
.text                     0x400dc4           0xb0         176  App's exec code 
.dinit                    0x400e74           0x80         128   
.text.__pic32c_data_ini   0x400ef4           0x60          96   
.text.__libc_start_init   0x400f54           0x5c          92   
.text                     0x400fb0          0x118         280  App's exec code 
.rodata                   0x4010c8           0x10          16  Read-only const 
.text                     0x4010d8            0xa          10  App's exec code 
.text.__pic32c_data_ini   0x4010e2            0x4           4   
.text.Dummy_Handler       0x4010e6            0x2           2   
.text.__dummy             0x4010e8            0x2           2   
      Total ROM used  :      0x10ea        4330  0.2% of 0x200000
        --------------------------------------------------------------------------
         Total Program Memory used  :      0x10ea        4330  0.2% of 0x200000
        --------------------------------------------------------------------------


RAM Data-Memory Usage
section                    address  length [bytes]      (dec)  Description
-------                 ----------  -------------------------  -----------
.bss                    0x20400000           0x30          48  Uninitialized data 
.bss                    0x20400030           0x7c         124  Uninitialized data 
.data                   0x204000ac            0x8           8  Initialized data 
.eh_frame               0x204000b4            0x4           4   
         Total RAM used  :        0xb8         184  0.0% of 0x60000
        --------------------------------------------------------------------------
            Total Data Memory used  :        0xb8         184  0.0% of 0x60000
        --------------------------------------------------------------------------


Dynamic Data-Memory Reservation
section                    address  length [bytes]      (dec)  Description
-------                 ----------  -------------------------  -----------
heap                    0x204000c0          0x200         512  Reserved for heap 
stack                   0x204002d8        0x5fd20      392480  Reserved for stack 

        --------------------------------------------------------------------------

Discarded input sections

 .xc_stack_usage.hdr
                0x00000000        0xe c:/program files/microchip/xc32/v4.20/bin/bin/../../lib/gcc/pic32c/8.3.1/thumb/v7e-m+dp/hard/crti.o
 .xc_stack_usage
                0x00000000       0x26 c:/program files/microchip/xc32/v4.20/bin/bin/../../lib/gcc/pic32c/8.3.1/thumb/v7e-m+dp/hard/crti.o
 .xc_stack_usage
                0x00000000       0x3c c:/program files/microchip/xc32/v4.20/bin/bin/../../lib/gcc/pic32c/8.3.1/thumb/v7e-m+dp/hard/crtbegin.o
 .xc_stack_usage.hdr
                0x00000000        0xe c:/program files/microchip/xc32/v4.20/bin/bin/../../lib/gcc/pic32c/8.3.1/thumb/v7e-m+dp/hard/crtbegin.o
 .xc_stack_usage
                0x00000000       0x2a c:/program files/microchip/xc32/v4.20/bin/bin/../../lib/gcc/pic32c/8.3.1/../../../../pic32c/lib/thumb/v7e-m+dp/hard\libpic32c.a(data_init_wrapper.o)
 .xc_stack_usage.hdr
                0x00000000        0xe c:/program files/microchip/xc32/v4.20/bin/bin/../../lib/gcc/pic32c/8.3.1/../../../../pic32c/lib/thumb/v7e-m+dp/hard\libpic32c.a(data_init_wrapper.o)
 .xc_stack_usage
                0x00000000       0x2f c:/program files/microchip/xc32/v4.20/bin/bin/../../lib/gcc/pic32c/8.3.1/../../../../pic32c/lib/thumb/v7e-m+dp/hard\libpic32c.a(data_init_0_1.o)
 .xc_stack_usage.hdr
                0x00000000        0xe c:/program files/microchip/xc32/v4.20/bin/bin/../../lib/gcc/pic32c/8.3.1/../../../../pic32c/lib/thumb/v7e-m+dp/hard\libpic32c.a(data_init_0_1.o)
 .xc_stack_usage
                0x00000000       0x34 c:/program files/microchip/xc32/v4.20/bin/bin/../../lib/gcc/pic32c/8.3.1/../../../../pic32c/lib/thumb/v7e-m+dp/hard\libc-musl.a(__libc_start_main.o)
 .xc_stack_usage.hdr
                0x00000000        0xe c:/program files/microchip/xc32/v4.20/bin/bin/../../lib/gcc/pic32c/8.3.1/../../../../pic32c/lib/thumb/v7e-m+dp/hard\libc-musl.a(__libc_start_main.o)
 .xc_stack_usage.hdr
                0x00000000        0xe c:/program files/microchip/xc32/v4.20/bin/bin/../../lib/gcc/pic32c/8.3.1/../../../../pic32c/lib/thumb/v7e-m+dp/hard\libc-musl.a(libc.o)
 .xc_stack_usage.hdr
                0x00000000        0xe c:/program files/microchip/xc32/v4.20/bin/bin/../../lib/gcc/pic32c/8.3.1/../../../../pic32c/lib/thumb/v7e-m+dp/hard\libc-musl.a(__environ.o)
 .xc_stack_usage.hdr
                0x00000000        0xe c:/program files/microchip/xc32/v4.20/bin/bin/../../lib/gcc/pic32c/8.3.1/thumb/v7e-m+dp/hard/crtend.o
 .xc_stack_usage.hdr
                0x00000000        0xe c:/program files/microchip/xc32/v4.20/bin/bin/../../lib/gcc/pic32c/8.3.1/thumb/v7e-m+dp/hard/crtn.o

Memory Configuration

Name             Origin             Length             Attributes
rom              0x00400000         0x00200000         xrl
ram              0x20400000         0x00060000         xw !r
itcm             0x00000000         0x00000000         xw
dtcm             0x20000000         0x00000000         xw !r
*default*        0x00000000         0xffffffff

Linker script and memory map

LOAD c:/program files/microchip/xc32/v4.20/bin/bin/../../lib/gcc/pic32c/8.3.1/thumb/v7e-m+dp/hard/crti.o
LOAD c:/program files/microchip/xc32/v4.20/bin/bin/../../lib/gcc/pic32c/8.3.1/thumb/v7e-m+dp/hard/crtbegin.o
LOAD build/default/production/_ext/1434821282/bsp.o
LOAD build/default/production/_ext/60165520/plib_clk.o
LOAD build/default/production/_ext/1865468468/plib_nvic.o
LOAD build/default/production/_ext/60177924/plib_pio.o
LOAD build/default/production/_ext/2001315827/plib_usart1.o
LOAD build/default/production/_ext/163028504/xc32_monitor.o
LOAD build/default/production/_ext/1171490990/exceptions.o
LOAD build/default/production/_ext/1171490990/libc_syscalls.o
LOAD build/default/production/_ext/1171490990/startup_xc32.o
LOAD build/default/production/_ext/1171490990/initialization.o
LOAD build/default/production/_ext/1171490990/interrupts.o
LOAD build/default/production/_ext/1360937237/main.o
                0x00000001                __MPLAB_BUILD = 0x1
                0x00600000                __rom_end = (ORIGIN (rom) + LENGTH (rom))
                0x20460000                __ram_end = (ORIGIN (ram) + LENGTH (ram))

.vectors        0x00400000      0x168
                0x00400000                . = ALIGN (0x4)
                0x00400000                _sfixed = .
 *(.vectors .vectors.* .vectors_default .vectors_default.*)
 .vectors       0x00400000      0x168 build/default/production/_ext/1171490990/interrupts.o
                0x00400000                exception_table
 *(.isr_vector)
 *(.reset*)
 *(.after_vectors)

.text           0x00400168       0x20
                0x00400168                . = ALIGN (0x4)
 *(.glue_7t)
 .glue_7t       0x00400168        0x0 linker stubs
 *(.glue_7)
 .glue_7        0x00400168        0x0 linker stubs
 *(.gnu.linkonce.r.*)
 *(.ARM.extab* .gnu.linkonce.armextab.*)
                0x00400168                . = ALIGN (0x4)
 *(.init)
 .init          0x00400168        0x4 c:/program files/microchip/xc32/v4.20/bin/bin/../../lib/gcc/pic32c/8.3.1/thumb/v7e-m+dp/hard/crti.o
                0x00400168                _init
 .init          0x0040016c        0x8 c:/program files/microchip/xc32/v4.20/bin/bin/../../lib/gcc/pic32c/8.3.1/thumb/v7e-m+dp/hard/crtn.o
                0x00400174                . = ALIGN (0x4)
                0x00400174                __preinit_array_start = .
 *(.preinit_array)
                0x00400174                __preinit_array_end = .
                0x00400174                . = ALIGN (0x4)
                0x00400174                __init_array_start = .
 *(SORT_BY_NAME(.init_array.*))
 *(.init_array)
 .init_array    0x00400174        0x4 c:/program files/microchip/xc32/v4.20/bin/bin/../../lib/gcc/pic32c/8.3.1/thumb/v7e-m+dp/hard/crtbegin.o
                0x00400178                __init_array_end = .
                0x00400178                . = ALIGN (0x4)
 *crtbegin.o(.ctors)
 *(EXCLUDE_FILE(*crtend.o) .ctors)
 *(SORT_BY_NAME(.ctors.*))
 *crtend.o(.ctors)
                0x00400178                . = ALIGN (0x4)
 *(.fini)
 .fini          0x00400178        0x4 c:/program files/microchip/xc32/v4.20/bin/bin/../../lib/gcc/pic32c/8.3.1/thumb/v7e-m+dp/hard/crti.o
                0x00400178                _fini
 .fini          0x0040017c        0x8 c:/program files/microchip/xc32/v4.20/bin/bin/../../lib/gcc/pic32c/8.3.1/thumb/v7e-m+dp/hard/crtn.o
                0x00400184                . = ALIGN (0x4)
                0x00400184                __fini_array_start = .
 *(.fini_array)
 .fini_array    0x00400184        0x4 c:/program files/microchip/xc32/v4.20/bin/bin/../../lib/gcc/pic32c/8.3.1/thumb/v7e-m+dp/hard/crtbegin.o
 *(SORT_BY_NAME(.fini_array.*))
                0x00400188                __fini_array_end = .
 *crtbegin.o(.dtors)
 *(EXCLUDE_FILE(*crtend.o) .dtors)
 *(SORT_BY_NAME(.dtors.*))
 *crtend.o(.dtors)
                0x00400188                . = ALIGN (0x4)
                0x00400188                _efixed = .
                [!provide]                PROVIDE (__exidx_start = .)

.ARM.exidx
 *(.ARM.exidx* .gnu.linkonce.armexidx.*)
                [!provide]                PROVIDE (__exidx_end = .)
                0x00400188                . = ALIGN (0x4)
                0x00400188                _etext = .

.bss            0x20400000       0x30
                0x20400000                . = ALIGN (0x4)
                0x20400000                __bss_start__ = .
                0x20400000                _sbss = .
                0x20400000                _szero = .
 *(COMMON)
 COMMON         0x20400000       0x30 build/default/production/_ext/2001315827/plib_usart1.o
                0x20400000                usart1Obj
                0x20400030                . = ALIGN (0x4)
                0x20400030                __bss_end__ = .
                0x20400030                _ebss = .
                0x20400030                _ezero = .
                0x20400030                . = ALIGN (0x4)
                0x20400030                _end = .
                0x2045ffff                _ram_end_ = ((ORIGIN (ram) + LENGTH (ram)) - 0x1)
                0x00000200                _min_heap_size = 0x200
START GROUP
LOAD c:/program files/microchip/xc32/v4.20/bin/bin/../../lib/gcc/pic32c/8.3.1/../../../../pic32c/lib/thumb/v7e-m+dp/hard\libpic32c.a
LOAD c:/program files/microchip/xc32/v4.20/bin/bin/../../lib/gcc/pic32c/8.3.1/../../../../pic32c/lib/thumb/v7e-m+dp/hard\libm-emfloat.a
LOAD c:/program files/microchip/xc32/v4.20/bin/bin/../../lib/gcc/pic32c/8.3.1/../../../../pic32c/lib/thumb/v7e-m+dp/hard\libc-musl.a
LOAD c:/program files/microchip/xc32/v4.20/bin/bin/../../lib/gcc/pic32c/8.3.1/../../../../pic32c/lib/thumb/v7e-m+dp/hard\libm-emfloat.a
LOAD c:/program files/microchip/xc32/v4.20/bin/bin/../../lib/gcc/pic32c/8.3.1/thumb/v7e-m+dp/hard\libgcc.a
END GROUP
LOAD c:/program files/microchip/xc32/v4.20/bin/bin/../../lib/gcc/pic32c/8.3.1/thumb/v7e-m+dp/hard/crtend.o
LOAD c:/program files/microchip/xc32/v4.20/bin/bin/../../lib/gcc/pic32c/8.3.1/thumb/v7e-m+dp/hard/crtn.o
OUTPUT(dist/default/production/test.X.production.elf elf32-littlearm)
LOAD stack
LOAD data_init

.ARM.attributes
                0x00000000       0x32
 .ARM.attributes
                0x00000000       0x1e c:/program files/microchip/xc32/v4.20/bin/bin/../../lib/gcc/pic32c/8.3.1/thumb/v7e-m+dp/hard/crti.o
 .ARM.attributes
                0x0000001e       0x32 c:/program files/microchip/xc32/v4.20/bin/bin/../../lib/gcc/pic32c/8.3.1/thumb/v7e-m+dp/hard/crtbegin.o
 .ARM.attributes
                0x00000050       0x32 build/default/production/_ext/1434821282/bsp.o
 .ARM.attributes
                0x00000082       0x32 build/default/production/_ext/60165520/plib_clk.o
 .ARM.attributes
                0x000000b4       0x32 build/default/production/_ext/1865468468/plib_nvic.o
 .ARM.attributes
                0x000000e6       0x32 build/default/production/_ext/60177924/plib_pio.o
 .ARM.attributes
                0x00000118       0x32 build/default/production/_ext/2001315827/plib_usart1.o
 .ARM.attributes
                0x0000014a       0x32 build/default/production/_ext/163028504/xc32_monitor.o
 .ARM.attributes
                0x0000017c       0x32 build/default/production/_ext/1171490990/exceptions.o
 .ARM.attributes
                0x000001ae       0x32 build/default/production/_ext/1171490990/libc_syscalls.o
 .ARM.attributes
                0x000001e0       0x32 build/default/production/_ext/1171490990/startup_xc32.o
 .ARM.attributes
                0x00000212       0x32 build/default/production/_ext/1171490990/initialization.o
 .ARM.attributes
                0x00000244       0x32 build/default/production/_ext/1171490990/interrupts.o
 .ARM.attributes
                0x00000276       0x32 build/default/production/_ext/1360937237/main.o
 .ARM.attributes
                0x000002a8       0x32 c:/program files/microchip/xc32/v4.20/bin/bin/../../lib/gcc/pic32c/8.3.1/../../../../pic32c/lib/thumb/v7e-m+dp/hard\libpic32c.a(data_init_wrapper.o)
 .ARM.attributes
                0x000002da       0x32 c:/program files/microchip/xc32/v4.20/bin/bin/../../lib/gcc/pic32c/8.3.1/../../../../pic32c/lib/thumb/v7e-m+dp/hard\libpic32c.a(data_init_0_1.o)
 .ARM.attributes
                0x0000030c       0x34 c:/program files/microchip/xc32/v4.20/bin/bin/../../lib/gcc/pic32c/8.3.1/../../../../pic32c/lib/thumb/v7e-m+dp/hard\libc-musl.a(__libc_start_main.o)
 .ARM.attributes
                0x00000340       0x32 c:/program files/microchip/xc32/v4.20/bin/bin/../../lib/gcc/pic32c/8.3.1/../../../../pic32c/lib/thumb/v7e-m+dp/hard\libc-musl.a(libc.o)
 .ARM.attributes
                0x00000372       0x32 c:/program files/microchip/xc32/v4.20/bin/bin/../../lib/gcc/pic32c/8.3.1/../../../../pic32c/lib/thumb/v7e-m+dp/hard\libc-musl.a(__environ.o)
 .ARM.attributes
                0x000003a4       0x30 c:/program files/microchip/xc32/v4.20/bin/bin/../../lib/gcc/pic32c/8.3.1/thumb/v7e-m+dp/hard/crtend.o
 .ARM.attributes
                0x000003d4       0x1e c:/program files/microchip/xc32/v4.20/bin/bin/../../lib/gcc/pic32c/8.3.1/thumb/v7e-m+dp/hard/crtn.o

.comment        0x00000000       0x2b
 .comment       0x00000000       0x2b c:/program files/microchip/xc32/v4.20/bin/bin/../../lib/gcc/pic32c/8.3.1/thumb/v7e-m+dp/hard/crtbegin.o
                                 0x2c (size before relaxing)
 .comment       0x0000002b       0x2c build/default/production/_ext/1434821282/bsp.o
 .comment       0x0000002b       0x2c build/default/production/_ext/60165520/plib_clk.o
 .comment       0x0000002b       0x2c build/default/production/_ext/1865468468/plib_nvic.o
 .comment       0x0000002b       0x2c build/default/production/_ext/60177924/plib_pio.o
 .comment       0x0000002b       0x2c build/default/production/_ext/2001315827/plib_usart1.o
 .comment       0x0000002b       0x2c build/default/production/_ext/163028504/xc32_monitor.o
 .comment       0x0000002b       0x2c build/default/production/_ext/1171490990/exceptions.o
 .comment       0x0000002b       0x2c build/default/production/_ext/1171490990/libc_syscalls.o
 .comment       0x0000002b       0x2c build/default/production/_ext/1171490990/startup_xc32.o
 .comment       0x0000002b       0x2c build/default/production/_ext/1171490990/initialization.o
 .comment       0x0000002b       0x2c build/default/production/_ext/1171490990/interrupts.o
 .comment       0x0000002b       0x2c build/default/production/_ext/1360937237/main.o
 .comment       0x0000002b       0x2c c:/program files/microchip/xc32/v4.20/bin/bin/../../lib/gcc/pic32c/8.3.1/../../../../pic32c/lib/thumb/v7e-m+dp/hard\libpic32c.a(data_init_wrapper.o)
 .comment       0x0000002b       0x2c c:/program files/microchip/xc32/v4.20/bin/bin/../../lib/gcc/pic32c/8.3.1/../../../../pic32c/lib/thumb/v7e-m+dp/hard\libpic32c.a(data_init_0_1.o)
 .comment       0x0000002b       0x2c c:/program files/microchip/xc32/v4.20/bin/bin/../../lib/gcc/pic32c/8.3.1/../../../../pic32c/lib/thumb/v7e-m+dp/hard\libc-musl.a(__libc_start_main.o)
 .comment       0x0000002b       0x2c c:/program files/microchip/xc32/v4.20/bin/bin/../../lib/gcc/pic32c/8.3.1/../../../../pic32c/lib/thumb/v7e-m+dp/hard\libc-musl.a(libc.o)
 .comment       0x0000002b       0x2c c:/program files/microchip/xc32/v4.20/bin/bin/../../lib/gcc/pic32c/8.3.1/../../../../pic32c/lib/thumb/v7e-m+dp/hard\libc-musl.a(__environ.o)
 .comment       0x0000002b       0x2c c:/program files/microchip/xc32/v4.20/bin/bin/../../lib/gcc/pic32c/8.3.1/thumb/v7e-m+dp/hard/crtend.o

.debug_info     0x00000000     0x7dd5
 .debug_info    0x00000000      0x9b9 build/default/production/_ext/1434821282/bsp.o
 .debug_info    0x000009b9      0x80e build/default/production/_ext/60165520/plib_clk.o
 .debug_info    0x000011c7     0x107f build/default/production/_ext/1865468468/plib_nvic.o
 .debug_info    0x00002246      0xe95 build/default/production/_ext/60177924/plib_pio.o
 .debug_info    0x000030db      0xf5b build/default/production/_ext/2001315827/plib_usart1.o
 .debug_info    0x00004036      0x2f8 build/default/production/_ext/163028504/xc32_monitor.o
 .debug_info    0x0000432e      0x3ba build/default/production/_ext/1171490990/exceptions.o
 .debug_info    0x000046e8      0x2df build/default/production/_ext/1171490990/libc_syscalls.o
 .debug_info    0x000049c7      0xc2e build/default/production/_ext/1171490990/startup_xc32.o
 .debug_info    0x000055f5      0x3d4 build/default/production/_ext/1171490990/initialization.o
 .debug_info    0x000059c9      0xdbb build/default/production/_ext/1171490990/interrupts.o
 .debug_info    0x00006784      0x2f9 build/default/production/_ext/1360937237/main.o
 .debug_info    0x00006a7d      0x2a4 c:/program files/microchip/xc32/v4.20/bin/bin/../../lib/gcc/pic32c/8.3.1/../../../../pic32c/lib/thumb/v7e-m+dp/hard\libpic32c.a(data_init_wrapper.o)
 .debug_info    0x00006d21      0x2a7 c:/program files/microchip/xc32/v4.20/bin/bin/../../lib/gcc/pic32c/8.3.1/../../../../pic32c/lib/thumb/v7e-m+dp/hard\libpic32c.a(data_init_0_1.o)
 .debug_info    0x00006fc8      0x625 c:/program files/microchip/xc32/v4.20/bin/bin/../../lib/gcc/pic32c/8.3.1/../../../../pic32c/lib/thumb/v7e-m+dp/hard\libc-musl.a(__libc_start_main.o)
 .debug_info    0x000075ed      0x537 c:/program files/microchip/xc32/v4.20/bin/bin/../../lib/gcc/pic32c/8.3.1/../../../../pic32c/lib/thumb/v7e-m+dp/hard\libc-musl.a(libc.o)
 .debug_info    0x00007b24      0x2b1 c:/program files/microchip/xc32/v4.20/bin/bin/../../lib/gcc/pic32c/8.3.1/../../../../pic32c/lib/thumb/v7e-m+dp/hard\libc-musl.a(__environ.o)

.debug_abbrev   0x00000000      0xe3b
 .debug_abbrev  0x00000000       0x97 build/default/production/_ext/1434821282/bsp.o
 .debug_abbrev  0x00000097       0xaf build/default/production/_ext/60165520/plib_clk.o
 .debug_abbrev  0x00000146      0x1dd build/default/production/_ext/1865468468/plib_nvic.o
 .debug_abbrev  0x00000323      0x140 build/default/production/_ext/60177924/plib_pio.o
 .debug_abbrev  0x00000463      0x298 build/default/production/_ext/2001315827/plib_usart1.o
 .debug_abbrev  0x000006fb       0x80 build/default/production/_ext/163028504/xc32_monitor.o
 .debug_abbrev  0x0000077b       0x3c build/default/production/_ext/1171490990/exceptions.o
 .debug_abbrev  0x000007b7       0x4d build/default/production/_ext/1171490990/libc_syscalls.o
 .debug_abbrev  0x00000804      0x200 build/default/production/_ext/1171490990/startup_xc32.o
 .debug_abbrev  0x00000a04       0x9d build/default/production/_ext/1171490990/initialization.o
 .debug_abbrev  0x00000aa1       0xb5 build/default/production/_ext/1171490990/interrupts.o
 .debug_abbrev  0x00000b56       0x66 build/default/production/_ext/1360937237/main.o
 .debug_abbrev  0x00000bbc       0x2b c:/program files/microchip/xc32/v4.20/bin/bin/../../lib/gcc/pic32c/8.3.1/../../../../pic32c/lib/thumb/v7e-m+dp/hard\libpic32c.a(data_init_wrapper.o)
 .debug_abbrev  0x00000be7       0x2e c:/program files/microchip/xc32/v4.20/bin/bin/../../lib/gcc/pic32c/8.3.1/../../../../pic32c/lib/thumb/v7e-m+dp/hard\libpic32c.a(data_init_0_1.o)
 .debug_abbrev  0x00000c15      0x117 c:/program files/microchip/xc32/v4.20/bin/bin/../../lib/gcc/pic32c/8.3.1/../../../../pic32c/lib/thumb/v7e-m+dp/hard\libc-musl.a(__libc_start_main.o)
 .debug_abbrev  0x00000d2c       0xb8 c:/program files/microchip/xc32/v4.20/bin/bin/../../lib/gcc/pic32c/8.3.1/../../../../pic32c/lib/thumb/v7e-m+dp/hard\libc-musl.a(libc.o)
 .debug_abbrev  0x00000de4       0x57 c:/program files/microchip/xc32/v4.20/bin/bin/../../lib/gcc/pic32c/8.3.1/../../../../pic32c/lib/thumb/v7e-m+dp/hard\libc-musl.a(__environ.o)

.debug_loc      0x00000000      0xf29
 .debug_loc     0x00000000       0x44 build/default/production/_ext/1434821282/bsp.o
 .debug_loc     0x00000044       0xb4 build/default/production/_ext/60165520/plib_clk.o
 .debug_loc     0x000000f8      0x23c build/default/production/_ext/1865468468/plib_nvic.o
 .debug_loc     0x00000334      0x324 build/default/production/_ext/60177924/plib_pio.o
 .debug_loc     0x00000658      0x520 build/default/production/_ext/2001315827/plib_usart1.o
 .debug_loc     0x00000b78       0xb8 build/default/production/_ext/163028504/xc32_monitor.o
 .debug_loc     0x00000c30      0x108 build/default/production/_ext/1171490990/exceptions.o
 .debug_loc     0x00000d38       0x38 build/default/production/_ext/1171490990/libc_syscalls.o
 .debug_loc     0x00000d70       0xd8 build/default/production/_ext/1171490990/startup_xc32.o
 .debug_loc     0x00000e48       0x50 build/default/production/_ext/1171490990/initialization.o
 .debug_loc     0x00000e98       0x2c build/default/production/_ext/1360937237/main.o
 .debug_loc     0x00000ec4       0x14 c:/program files/microchip/xc32/v4.20/bin/bin/../../lib/gcc/pic32c/8.3.1/../../../../pic32c/lib/thumb/v7e-m+dp/hard\libpic32c.a(data_init_0_1.o)
 .debug_loc     0x00000ed8       0x51 c:/program files/microchip/xc32/v4.20/bin/bin/../../lib/gcc/pic32c/8.3.1/../../../../pic32c/lib/thumb/v7e-m+dp/hard\libc-musl.a(__libc_start_main.o)

.debug_aranges  0x00000000      0x220
 .debug_aranges
                0x00000000       0x20 build/default/production/_ext/1434821282/bsp.o
 .debug_aranges
                0x00000020       0x20 build/default/production/_ext/60165520/plib_clk.o
 .debug_aranges
                0x00000040       0x20 build/default/production/_ext/1865468468/plib_nvic.o
 .debug_aranges
                0x00000060       0x20 build/default/production/_ext/60177924/plib_pio.o
 .debug_aranges
                0x00000080       0x20 build/default/production/_ext/2001315827/plib_usart1.o
 .debug_aranges
                0x000000a0       0x20 build/default/production/_ext/163028504/xc32_monitor.o
 .debug_aranges
                0x000000c0       0x20 build/default/production/_ext/1171490990/exceptions.o
 .debug_aranges
                0x000000e0       0x20 build/default/production/_ext/1171490990/libc_syscalls.o
 .debug_aranges
                0x00000100       0x28 build/default/production/_ext/1171490990/startup_xc32.o
 .debug_aranges
                0x00000128       0x20 build/default/production/_ext/1171490990/initialization.o
 .debug_aranges
                0x00000148       0x20 build/default/production/_ext/1171490990/interrupts.o
 .debug_aranges
                0x00000168       0x20 build/default/production/_ext/1360937237/main.o
 .debug_aranges
                0x00000188       0x20 c:/program files/microchip/xc32/v4.20/bin/bin/../../lib/gcc/pic32c/8.3.1/../../../../pic32c/lib/thumb/v7e-m+dp/hard\libpic32c.a(data_init_wrapper.o)
 .debug_aranges
                0x000001a8       0x20 c:/program files/microchip/xc32/v4.20/bin/bin/../../lib/gcc/pic32c/8.3.1/../../../../pic32c/lib/thumb/v7e-m+dp/hard\libpic32c.a(data_init_0_1.o)
 .debug_aranges
                0x000001c8       0x28 c:/program files/microchip/xc32/v4.20/bin/bin/../../lib/gcc/pic32c/8.3.1/../../../../pic32c/lib/thumb/v7e-m+dp/hard\libc-musl.a(__libc_start_main.o)
 .debug_aranges
                0x000001f0       0x18 c:/program files/microchip/xc32/v4.20/bin/bin/../../lib/gcc/pic32c/8.3.1/../../../../pic32c/lib/thumb/v7e-m+dp/hard\libc-musl.a(libc.o)
 .debug_aranges
                0x00000208       0x18 c:/program files/microchip/xc32/v4.20/bin/bin/../../lib/gcc/pic32c/8.3.1/../../../../pic32c/lib/thumb/v7e-m+dp/hard\libc-musl.a(__environ.o)

.debug_line     0x00000000     0x16e2
 .debug_line    0x00000000       0xd6 build/default/production/_ext/1434821282/bsp.o
 .debug_line    0x000000d6      0x158 build/default/production/_ext/60165520/plib_clk.o
 .debug_line    0x0000022e      0x221 build/default/production/_ext/1865468468/plib_nvic.o
 .debug_line    0x0000044f      0x29f build/default/production/_ext/60177924/plib_pio.o
 .debug_line    0x000006ee      0x425 build/default/production/_ext/2001315827/plib_usart1.o
 .debug_line    0x00000b13       0xb6 build/default/production/_ext/163028504/xc32_monitor.o
 .debug_line    0x00000bc9       0x75 build/default/production/_ext/1171490990/exceptions.o
 .debug_line    0x00000c3e       0x5a build/default/production/_ext/1171490990/libc_syscalls.o
 .debug_line    0x00000c98      0x2d0 build/default/production/_ext/1171490990/startup_xc32.o
 .debug_line    0x00000f68       0xfe build/default/production/_ext/1171490990/initialization.o
 .debug_line    0x00001066       0xb6 build/default/production/_ext/1171490990/interrupts.o
 .debug_line    0x0000111c       0x98 build/default/production/_ext/1360937237/main.o
 .debug_line    0x000011b4       0xa8 c:/program files/microchip/xc32/v4.20/bin/bin/../../lib/gcc/pic32c/8.3.1/../../../../pic32c/lib/thumb/v7e-m+dp/hard\libpic32c.a(data_init_wrapper.o)
 .debug_line    0x0000125c       0xf1 c:/program files/microchip/xc32/v4.20/bin/bin/../../lib/gcc/pic32c/8.3.1/../../../../pic32c/lib/thumb/v7e-m+dp/hard\libpic32c.a(data_init_0_1.o)
 .debug_line    0x0000134d      0x1d3 c:/program files/microchip/xc32/v4.20/bin/bin/../../lib/gcc/pic32c/8.3.1/../../../../pic32c/lib/thumb/v7e-m+dp/hard\libc-musl.a(__libc_start_main.o)
 .debug_line    0x00001520       0xbb c:/program files/microchip/xc32/v4.20/bin/bin/../../lib/gcc/pic32c/8.3.1/../../../../pic32c/lib/thumb/v7e-m+dp/hard\libc-musl.a(libc.o)
 .debug_line    0x000015db      0x107 c:/program files/microchip/xc32/v4.20/bin/bin/../../lib/gcc/pic32c/8.3.1/../../../../pic32c/lib/thumb/v7e-m+dp/hard\libc-musl.a(__environ.o)

.debug_str      0x00000000       0x8a
 .debug_str     0x00000000        0x0 build/default/production/_ext/1434821282/bsp.o
 .debug_str     0x00000000        0x0 build/default/production/_ext/60165520/plib_clk.o
 .debug_str     0x00000000       0x28 build/default/production/_ext/1865468468/plib_nvic.o
 .debug_str     0x00000028       0x46 build/default/production/_ext/60177924/plib_pio.o
 .debug_str     0x0000006e       0x1c build/default/production/_ext/2001315827/plib_usart1.o
 .debug_str     0x0000008a        0x0 build/default/production/_ext/163028504/xc32_monitor.o
 .debug_str     0x0000008a        0x0 build/default/production/_ext/1171490990/exceptions.o
 .debug_str     0x0000008a        0x0 build/default/production/_ext/1171490990/libc_syscalls.o
 .debug_str     0x0000008a        0x0 build/default/production/_ext/1171490990/startup_xc32.o
 .debug_str     0x0000008a        0x0 build/default/production/_ext/1171490990/initialization.o
 .debug_str     0x0000008a        0x0 build/default/production/_ext/1171490990/interrupts.o
 .debug_str     0x0000008a        0x0 build/default/production/_ext/1360937237/main.o
 .debug_str     0x0000008a        0x0 c:/program files/microchip/xc32/v4.20/bin/bin/../../lib/gcc/pic32c/8.3.1/../../../../pic32c/lib/thumb/v7e-m+dp/hard\libpic32c.a(data_init_wrapper.o)
 .debug_str     0x0000008a        0x0 c:/program files/microchip/xc32/v4.20/bin/bin/../../lib/gcc/pic32c/8.3.1/../../../../pic32c/lib/thumb/v7e-m+dp/hard\libpic32c.a(data_init_0_1.o)
 .debug_str     0x0000008a        0x0 c:/program files/microchip/xc32/v4.20/bin/bin/../../lib/gcc/pic32c/8.3.1/../../../../pic32c/lib/thumb/v7e-m+dp/hard\libc-musl.a(__libc_start_main.o)
 .debug_str     0x0000008a        0x0 c:/program files/microchip/xc32/v4.20/bin/bin/../../lib/gcc/pic32c/8.3.1/../../../../pic32c/lib/thumb/v7e-m+dp/hard\libc-musl.a(libc.o)
 .debug_str     0x0000008a        0x0 c:/program files/microchip/xc32/v4.20/bin/bin/../../lib/gcc/pic32c/8.3.1/../../../../pic32c/lib/thumb/v7e-m+dp/hard\libc-musl.a(__environ.o)

.debug_frame    0x00000000      0x854
 .debug_frame   0x00000000       0x30 build/default/production/_ext/1434821282/bsp.o
 .debug_frame   0x00000030       0x6c build/default/production/_ext/60165520/plib_clk.o
 .debug_frame   0x0000009c      0x114 build/default/production/_ext/1865468468/plib_nvic.o
 .debug_frame   0x000001b0      0x170 build/default/production/_ext/60177924/plib_pio.o
 .debug_frame   0x00000320      0x268 build/default/production/_ext/2001315827/plib_usart1.o
 .debug_frame   0x00000588       0x60 build/default/production/_ext/163028504/xc32_monitor.o
 .debug_frame   0x000005e8       0xa0 build/default/production/_ext/1171490990/exceptions.o
 .debug_frame   0x00000688       0x2c build/default/production/_ext/1171490990/libc_syscalls.o
 .debug_frame   0x000006b4       0x98 build/default/production/_ext/1171490990/startup_xc32.o
 .debug_frame   0x0000074c       0x34 build/default/production/_ext/1171490990/initialization.o
 .debug_frame   0x00000780       0x20 build/default/production/_ext/1171490990/interrupts.o
 .debug_frame   0x000007a0       0x2c build/default/production/_ext/1360937237/main.o
 .debug_frame   0x000007cc       0x20 c:/program files/microchip/xc32/v4.20/bin/bin/../../lib/gcc/pic32c/8.3.1/../../../../pic32c/lib/thumb/v7e-m+dp/hard\libpic32c.a(data_init_wrapper.o)
 .debug_frame   0x000007ec       0x2c c:/program files/microchip/xc32/v4.20/bin/bin/../../lib/gcc/pic32c/8.3.1/../../../../pic32c/lib/thumb/v7e-m+dp/hard\libpic32c.a(data_init_0_1.o)
 .debug_frame   0x00000818       0x3c c:/program files/microchip/xc32/v4.20/bin/bin/../../lib/gcc/pic32c/8.3.1/../../../../pic32c/lib/thumb/v7e-m+dp/hard\libc-musl.a(__libc_start_main.o)

.debug_ranges   0x00000000       0x88
 .debug_ranges  0x00000000       0x18 build/default/production/_ext/1171490990/startup_xc32.o
 .debug_ranges  0x00000018       0x10 build/default/production/_ext/1171490990/interrupts.o
 .debug_ranges  0x00000028       0x10 c:/program files/microchip/xc32/v4.20/bin/bin/../../lib/gcc/pic32c/8.3.1/../../../../pic32c/lib/thumb/v7e-m+dp/hard\libpic32c.a(data_init_wrapper.o)
 .debug_ranges  0x00000038       0x10 c:/program files/microchip/xc32/v4.20/bin/bin/../../lib/gcc/pic32c/8.3.1/../../../../pic32c/lib/thumb/v7e-m+dp/hard\libpic32c.a(data_init_0_1.o)
 .debug_ranges  0x00000048       0x40 c:/program files/microchip/xc32/v4.20/bin/bin/../../lib/gcc/pic32c/8.3.1/../../../../pic32c/lib/thumb/v7e-m+dp/hard\libc-musl.a(__libc_start_main.o)

.note.GNU-stack
                0x00000000        0x0
 .note.GNU-stack
                0x00000000        0x0 c:/program files/microchip/xc32/v4.20/bin/bin/../../lib/gcc/pic32c/8.3.1/../../../../pic32c/lib/thumb/v7e-m+dp/hard\libc-musl.a(__libc_start_main.o)
 .note.GNU-stack
                0x00000000        0x0 c:/program files/microchip/xc32/v4.20/bin/bin/../../lib/gcc/pic32c/8.3.1/../../../../pic32c/lib/thumb/v7e-m+dp/hard\libc-musl.a(libc.o)
 .note.GNU-stack
                0x00000000        0x0 c:/program files/microchip/xc32/v4.20/bin/bin/../../lib/gcc/pic32c/8.3.1/../../../../pic32c/lib/thumb/v7e-m+dp/hard\libc-musl.a(__environ.o)

.stack          0x204002d8      0x100
 .stack         0x204002d8      0x100 stack

.bss%1          0x20400030       0x7c
 .bss           0x20400030       0x50 c:/program files/microchip/xc32/v4.20/bin/bin/../../lib/gcc/pic32c/8.3.1/../../../../pic32c/lib/thumb/v7e-m+dp/hard\libc-musl.a(libc.o)
                0x20400030                __progname_full
                0x20400030                program_invocation_name
                0x20400034                program_invocation_short_name
                0x20400034                __progname
                0x20400038                __sysinfo
                0x2040003c                __hwcap
                0x20400040                __libc
 .bss           0x20400080       0x1c c:/program files/microchip/xc32/v4.20/bin/bin/../../lib/gcc/pic32c/8.3.1/thumb/v7e-m+dp/hard/crtbegin.o
 .bss           0x2040009c        0x8 build/default/production/_ext/1171490990/startup_xc32.o
 .bss           0x204000a4        0x4 c:/program files/microchip/xc32/v4.20/bin/bin/../../lib/gcc/pic32c/8.3.1/../../../../pic32c/lib/thumb/v7e-m+dp/hard\libpic32c.a(data_init_0_1.o)
 .bss           0x204000a8        0x4 c:/program files/microchip/xc32/v4.20/bin/bin/../../lib/gcc/pic32c/8.3.1/../../../../pic32c/lib/thumb/v7e-m+dp/hard\libc-musl.a(__environ.o)
                0x204000a8                __environ
                0x204000a8                environ
                0x204000a8                ___environ
                0x204000a8                _environ

.bss%z1         0x00000000        0x0
 .bss           0x00000000        0x0 c:/program files/microchip/xc32/v4.20/bin/bin/../../lib/gcc/pic32c/8.3.1/thumb/v7e-m+dp/hard/crtn.o

.bss%z2         0x00000000        0x0
 .bss           0x00000000        0x0 c:/program files/microchip/xc32/v4.20/bin/bin/../../lib/gcc/pic32c/8.3.1/thumb/v7e-m+dp/hard/crtend.o

.bss%z3         0x00000000        0x0
 .bss           0x00000000        0x0 c:/program files/microchip/xc32/v4.20/bin/bin/../../lib/gcc/pic32c/8.3.1/../../../../pic32c/lib/thumb/v7e-m+dp/hard\libc-musl.a(__libc_start_main.o)

.bss%z4         0x00000000        0x0
 .bss           0x00000000        0x0 c:/program files/microchip/xc32/v4.20/bin/bin/../../lib/gcc/pic32c/8.3.1/../../../../pic32c/lib/thumb/v7e-m+dp/hard\libpic32c.a(data_init_wrapper.o)

.bss%z5         0x00000000        0x0
 .bss           0x00000000        0x0 build/default/production/_ext/1360937237/main.o

.bss%z6         0x00000000        0x0
 .bss           0x00000000        0x0 build/default/production/_ext/1171490990/interrupts.o

.bss%z7         0x00000000        0x0
 .bss           0x00000000        0x0 build/default/production/_ext/1171490990/initialization.o

.bss%z8         0x00000000        0x0
 .bss           0x00000000        0x0 build/default/production/_ext/1171490990/libc_syscalls.o

.bss%z9         0x00000000        0x0
 .bss           0x00000000        0x0 build/default/production/_ext/1171490990/exceptions.o

.bss%z10        0x00000000        0x0
 .bss           0x00000000        0x0 build/default/production/_ext/163028504/xc32_monitor.o

.bss%z11        0x00000000        0x0
 .bss           0x00000000        0x0 build/default/production/_ext/2001315827/plib_usart1.o

.bss%z12        0x00000000        0x0
 .bss           0x00000000        0x0 build/default/production/_ext/60177924/plib_pio.o

.bss%z13        0x00000000        0x0
 .bss           0x00000000        0x0 build/default/production/_ext/1865468468/plib_nvic.o

.bss%z14        0x00000000        0x0
 .bss           0x00000000        0x0 build/default/production/_ext/60165520/plib_clk.o

.bss%z15        0x00000000        0x0
 .bss           0x00000000        0x0 build/default/production/_ext/1434821282/bsp.o

.bss%z16        0x00000000        0x0
 .bss           0x00000000        0x0 c:/program files/microchip/xc32/v4.20/bin/bin/../../lib/gcc/pic32c/8.3.1/thumb/v7e-m+dp/hard/crti.o

.data%6         0x204000ac        0x8
 .data          0x204000ac        0x4 c:/program files/microchip/xc32/v4.20/bin/bin/../../lib/gcc/pic32c/8.3.1/thumb/v7e-m+dp/hard/crtbegin.o
                0x204000ac                __dso_handle
 .data          0x204000b0        0x4 build/default/production/_ext/1360937237/main.o
                0x204000b0                buf

.eh_frame%8     0x204000b4        0x4
 .eh_frame      0x204000b4        0x4 c:/program files/microchip/xc32/v4.20/bin/bin/../../lib/gcc/pic32c/8.3.1/thumb/v7e-m+dp/hard/crtend.o

.data%z17       0x00000000        0x0
 .data          0x00000000        0x0 c:/program files/microchip/xc32/v4.20/bin/bin/../../lib/gcc/pic32c/8.3.1/thumb/v7e-m+dp/hard/crtn.o

.data%z18       0x00000000        0x0
 .data          0x00000000        0x0 c:/program files/microchip/xc32/v4.20/bin/bin/../../lib/gcc/pic32c/8.3.1/thumb/v7e-m+dp/hard/crtend.o

.data%z19       0x00000000        0x0
 .data          0x00000000        0x0 c:/program files/microchip/xc32/v4.20/bin/bin/../../lib/gcc/pic32c/8.3.1/../../../../pic32c/lib/thumb/v7e-m+dp/hard\libc-musl.a(__environ.o)

.data%z20       0x00000000        0x0
 .data          0x00000000        0x0 c:/program files/microchip/xc32/v4.20/bin/bin/../../lib/gcc/pic32c/8.3.1/../../../../pic32c/lib/thumb/v7e-m+dp/hard\libc-musl.a(libc.o)

.data%z21       0x00000000        0x0
 .data          0x00000000        0x0 c:/program files/microchip/xc32/v4.20/bin/bin/../../lib/gcc/pic32c/8.3.1/../../../../pic32c/lib/thumb/v7e-m+dp/hard\libc-musl.a(__libc_start_main.o)

.data%z22       0x00000000        0x0
 .data          0x00000000        0x0 c:/program files/microchip/xc32/v4.20/bin/bin/../../lib/gcc/pic32c/8.3.1/../../../../pic32c/lib/thumb/v7e-m+dp/hard\libpic32c.a(data_init_0_1.o)

.data%z23       0x00000000        0x0
 .data          0x00000000        0x0 c:/program files/microchip/xc32/v4.20/bin/bin/../../lib/gcc/pic32c/8.3.1/../../../../pic32c/lib/thumb/v7e-m+dp/hard\libpic32c.a(data_init_wrapper.o)

.data%z24       0x00000000        0x0
 .data          0x00000000        0x0 build/default/production/_ext/1171490990/interrupts.o

.data%z25       0x00000000        0x0
 .data          0x00000000        0x0 build/default/production/_ext/1171490990/initialization.o

.data%z26       0x00000000        0x0
 .data          0x00000000        0x0 build/default/production/_ext/1171490990/startup_xc32.o

.data%z27       0x00000000        0x0
 .data          0x00000000        0x0 build/default/production/_ext/1171490990/libc_syscalls.o

.data%z28       0x00000000        0x0
 .data          0x00000000        0x0 build/default/production/_ext/1171490990/exceptions.o

.data%z29       0x00000000        0x0
 .data          0x00000000        0x0 build/default/production/_ext/163028504/xc32_monitor.o

.data%z30       0x00000000        0x0
 .data          0x00000000        0x0 build/default/production/_ext/2001315827/plib_usart1.o

.data%z31       0x00000000        0x0
 .data          0x00000000        0x0 build/default/production/_ext/60177924/plib_pio.o

.data%z32       0x00000000        0x0
 .data          0x00000000        0x0 build/default/production/_ext/1865468468/plib_nvic.o

.data%z33       0x00000000        0x0
 .data          0x00000000        0x0 build/default/production/_ext/60165520/plib_clk.o

.data%z34       0x00000000        0x0
 .data          0x00000000        0x0 build/default/production/_ext/1434821282/bsp.o

.eh_frame%z35   0x00000000        0x0
 .eh_frame      0x00000000        0x0 c:/program files/microchip/xc32/v4.20/bin/bin/../../lib/gcc/pic32c/8.3.1/thumb/v7e-m+dp/hard/crtbegin.o

.data%z36       0x00000000        0x0
 .data          0x00000000        0x0 c:/program files/microchip/xc32/v4.20/bin/bin/../../lib/gcc/pic32c/8.3.1/thumb/v7e-m+dp/hard/crti.o

.config_D0000000%9
                0xd0000000        0x4
 .config_D0000000
                0xd0000000        0x4 build/default/production/_ext/1171490990/initialization.o
                0xd0000000                __config_D0000000

.text%10        0x00400188      0xb5c
 .text          0x00400188      0x5c8 build/default/production/_ext/2001315827/plib_usart1.o
                0x00400320                USART1_InterruptHandler
                0x004003a4                USART1_Initialize
                0x0040041c                USART1_ErrorGet
                0x00400444                USART1_SerialSetup
                0x00400520                USART1_Read
                0x0040058c                USART1_Write
                0x00400640                USART1_TransmitComplete
                0x00400664                USART1_WriteCallbackRegister
                0x0040068c                USART1_ReadCallbackRegister
                0x004006b4                USART1_WriteIsBusy
                0x004006cc                USART1_ReadIsBusy
                0x004006e4                USART1_ReadAbort
                0x00400720                USART1_WriteCountGet
                0x00400738                USART1_ReadCountGet
 .text          0x00400750      0x2c0 build/default/production/_ext/60177924/plib_pio.o
                0x00400750                PIO_Initialize
                0x0040091c                PIO_PortRead
                0x00400934                PIO_PortWrite
                0x00400964                PIO_PortLatchRead
                0x0040097c                PIO_PortSet
                0x00400998                PIO_PortClear
                0x004009b4                PIO_PortToggle
                0x004009d6                PIO_PortInputEnable
                0x004009f2                PIO_PortOutputEnable
 .text          0x00400a10      0x190 build/default/production/_ext/1865468468/plib_nvic.o
                0x00400ae8                NVIC_Initialize
                0x00400b34                NVIC_INT_Enable
                0x00400b48                NVIC_INT_Disable
                0x00400b74                NVIC_INT_Restore
 .text          0x00400ba0      0x144 build/default/production/_ext/1171490990/startup_xc32.o
                0x00400ce0                _on_reset
                0x00400ce0                _on_bootstrap
                0x00400ce0                __xc32_on_reset
                0x00400ce0                Dummy_App_Func
                0x00400ce0                __xc32_on_bootstrap

.text.Reset_Handler%14
                0x00400ce4       0xe0
 .text.Reset_Handler
                0x00400ce4       0xe0 build/default/production/_ext/1171490990/startup_xc32.o
                0x00400ce4                Reset_Handler

.text%15        0x00400dc4       0xb0
 .text          0x00400dc4       0xb0 build/default/production/_ext/60165520/plib_clk.o
                0x00400e58                CLOCK_Initialize

.dinit%16       0x00400e74       0x80
 .dinit         0x00400e74       0x80 data_init

.text.__pic32c_data_initialization_impl%17
                0x00400ef4       0x60
 .text.__pic32c_data_initialization_impl
                0x00400ef4       0x60 c:/program files/microchip/xc32/v4.20/bin/bin/../../lib/gcc/pic32c/8.3.1/../../../../pic32c/lib/thumb/v7e-m+dp/hard\libpic32c.a(data_init_0_1.o)
                0x00400ef4                __copy_needed
                0x00400ef4                __pic32c_data_initialization_impl

.text.__libc_start_init%18
                0x00400f54       0x5c
 .text.__libc_start_init
                0x00400f54       0x5c c:/program files/microchip/xc32/v4.20/bin/bin/../../lib/gcc/pic32c/8.3.1/../../../../pic32c/lib/thumb/v7e-m+dp/hard\libc-musl.a(__libc_start_main.o)
                0x00400f54                __libc_init_array

.text%19        0x00400fb0      0x118
 .text          0x00400fb0       0x40 c:/program files/microchip/xc32/v4.20/bin/bin/../../lib/gcc/pic32c/8.3.1/thumb/v7e-m+dp/hard/crtbegin.o
 .text          0x00400ff0       0x3c build/default/production/_ext/1171490990/initialization.o
                0x00400ff0                SYS_Initialize
 .text          0x0040102c       0x38 build/default/production/_ext/163028504/xc32_monitor.o
                0x0040102c                read
                0x00401048                write
 .text          0x00401064       0x24 build/default/production/_ext/1171490990/exceptions.o
                0x00401064                NonMaskableInt_Handler
                0x0040106a                HardFault_Handler
                0x00401070                DebugMonitor_Handler
                0x00401076                MemoryManagement_Handler
                0x0040107c                BusFault_Handler
                0x00401082                UsageFault_Handler
 .text          0x00401088       0x24 build/default/production/_ext/1360937237/main.o
                0x00401088                main
 .text          0x004010ac       0x1c build/default/production/_ext/1434821282/bsp.o
                0x004010ac                BSP_Initialize

.rodata%25      0x004010c8       0x10
 .rodata        0x004010c8       0x10 build/default/production/_ext/1360937237/main.o

.text%26        0x004010d8        0xa
 .text          0x004010d8        0xa build/default/production/_ext/1171490990/libc_syscalls.o
                0x004010d8                _exit

.text.__pic32c_data_initialization%27
                0x004010e2        0x4
 .text.__pic32c_data_initialization
                0x004010e2        0x4 c:/program files/microchip/xc32/v4.20/bin/bin/../../lib/gcc/pic32c/8.3.1/../../../../pic32c/lib/thumb/v7e-m+dp/hard\libpic32c.a(data_init_wrapper.o)
                0x004010e2                __pic32c_data_initialization

.text.Dummy_Handler%28
                0x004010e6        0x2
 .text.Dummy_Handler
                0x004010e6        0x2 build/default/production/_ext/1171490990/interrupts.o
                0x004010e6                DACC_Handler
                0x004010e6                SVCall_Handler
                0x004010e6                TC0_CH2_Handler
                0x004010e6                TC3_CH1_Handler
                0x004010e6                UART3_Handler
                0x004010e6                UART2_Handler
                0x004010e6                TRNG_Handler
                0x004010e6                SysTick_Handler
                0x004010e6                AFEC1_Handler
                0x004010e6                PendSV_Handler
                0x004010e6                TC0_CH1_Handler
                0x004010e6                QSPI_Handler
                0x004010e6                ISI_Handler
                0x004010e6                MCAN0_INT0_Handler
                0x004010e6                RSWDT_Handler
                0x004010e6                USART0_Handler
                0x004010e6                TC1_CH2_Handler
                0x004010e6                RTT_Handler
                0x004010e6                USBHS_Handler
                0x004010e6                IXC_Handler
                0x004010e6                CCF_Handler
                0x004010e6                PIOB_Handler
                0x004010e6                RTC_Handler
                0x004010e6                WDT_Handler
                0x004010e6                MCAN1_INT1_Handler
                0x004010e6                HSMCI_Handler
                0x004010e6                UART1_Handler
                0x004010e6                Dummy_Handler
                0x004010e6                TWIHS1_Handler
                0x004010e6                TC3_CH2_Handler
                0x004010e6                XDMAC_Handler
                0x004010e6                UART4_Handler
                0x004010e6                TC2_CH0_Handler
                0x004010e6                PWM1_Handler
                0x004010e6                PWM0_Handler
                0x004010e6                PIOA_Handler
                0x004010e6                AFEC0_Handler
                0x004010e6                CCW_Handler
                0x004010e6                TC3_CH0_Handler
                0x004010e6                SSC_Handler
                0x004010e6                TC1_CH0_Handler
                0x004010e6                ACC_Handler
                0x004010e6                PMC_Handler
                0x004010e6                GMAC_Handler
                0x004010e6                TC2_CH2_Handler
                0x004010e6                MCAN0_INT1_Handler
                0x004010e6                GMAC_Q5_Handler
                0x004010e6                SUPC_Handler
                0x004010e6                TC2_CH1_Handler
                0x004010e6                MCAN1_INT0_Handler
                0x004010e6                EFC_Handler
                0x004010e6                GMAC_Q1_Handler
                0x004010e6                USART2_Handler
                0x004010e6                GMAC_Q2_Handler
                0x004010e6                PIOE_Handler
                0x004010e6                SPI1_Handler
                0x004010e6                TC1_CH1_Handler
                0x004010e6                GMAC_Q3_Handler
                0x004010e6                PIOD_Handler
                0x004010e6                TWIHS2_Handler
                0x004010e6                I2SC0_Handler
                0x004010e6                UART0_Handler
                0x004010e6                I2SC1_Handler
                0x004010e6                TC0_CH0_Handler
                0x004010e6                PIOC_Handler
                0x004010e6                GMAC_Q4_Handler
                0x004010e6                FPU_Handler
                0x004010e6                RSTC_Handler
                0x004010e6                ICM_Handler
                0x004010e6                AES_Handler
                0x004010e6                TWIHS0_Handler
                0x004010e6                SPI0_Handler

.text.__dummy%29
                0x004010e8        0x2
 .text.__dummy  0x004010e8        0x2 c:/program files/microchip/xc32/v4.20/bin/bin/../../lib/gcc/pic32c/8.3.1/../../../../pic32c/lib/thumb/v7e-m+dp/hard\libc-musl.a(__libc_start_main.o)
                0x004010e8                __init_stdio
                0x004010e8                __init_host

.text%z37       0x00000000        0x0
 .text          0x00000000        0x0 c:/program files/microchip/xc32/v4.20/bin/bin/../../lib/gcc/pic32c/8.3.1/thumb/v7e-m+dp/hard/crtn.o

.text%z38       0x00000000        0x0
 .text          0x00000000        0x0 c:/program files/microchip/xc32/v4.20/bin/bin/../../lib/gcc/pic32c/8.3.1/thumb/v7e-m+dp/hard/crtend.o

.text%z39       0x00000000        0x0
 .text          0x00000000        0x0 c:/program files/microchip/xc32/v4.20/bin/bin/../../lib/gcc/pic32c/8.3.1/../../../../pic32c/lib/thumb/v7e-m+dp/hard\libc-musl.a(__environ.o)

.text%z40       0x00000000        0x0
 .text          0x00000000        0x0 c:/program files/microchip/xc32/v4.20/bin/bin/../../lib/gcc/pic32c/8.3.1/../../../../pic32c/lib/thumb/v7e-m+dp/hard\libc-musl.a(libc.o)

.text%z41       0x00000000        0x0
 .text          0x00000000        0x0 c:/program files/microchip/xc32/v4.20/bin/bin/../../lib/gcc/pic32c/8.3.1/../../../../pic32c/lib/thumb/v7e-m+dp/hard\libc-musl.a(__libc_start_main.o)

.text%z42       0x00000000        0x0
 .text          0x00000000        0x0 c:/program files/microchip/xc32/v4.20/bin/bin/../../lib/gcc/pic32c/8.3.1/../../../../pic32c/lib/thumb/v7e-m+dp/hard\libpic32c.a(data_init_0_1.o)

.text%z43       0x00000000        0x0
 .text          0x00000000        0x0 c:/program files/microchip/xc32/v4.20/bin/bin/../../lib/gcc/pic32c/8.3.1/../../../../pic32c/lib/thumb/v7e-m+dp/hard\libpic32c.a(data_init_wrapper.o)

.text%z44       0x00000000        0x0
 .text          0x00000000        0x0 build/default/production/_ext/1171490990/interrupts.o

.text%z45       0x00000000        0x0
 .text          0x00000000        0x0 c:/program files/microchip/xc32/v4.20/bin/bin/../../lib/gcc/pic32c/8.3.1/thumb/v7e-m+dp/hard/crti.o
