Archive member included to satisfy reference by file (symbol)

c:/program files/microchip/xc32/v4.20/bin/bin/../../lib/gcc/pic32c/8.3.1/../../../../pic32c/lib/thumb/v7e-m+dp/hard\libpic32c.a(data_init_wrapper.o)
                              build/sam_e70_xult/production/_ext/1728594169/startup_xc32.o (__pic32c_data_initialization)
c:/program files/microchip/xc32/v4.20/bin/bin/../../lib/gcc/pic32c/8.3.1/../../../../pic32c/lib/thumb/v7e-m+dp/hard\libpic32c.a(data_init_0_1.o)
                              c:/program files/microchip/xc32/v4.20/bin/bin/../../lib/gcc/pic32c/8.3.1/../../../../pic32c/lib/thumb/v7e-m+dp/hard\libpic32c.a(data_init_wrapper.o) (__pic32c_data_initialization_impl)
c:/program files/microchip/xc32/v4.20/bin/bin/../../lib/gcc/pic32c/8.3.1/../../../../pic32c/lib/thumb/v7e-m+dp/hard\libc-musl.a(__libc_start_main.o)
                              build/sam_e70_xult/production/_ext/1728594169/startup_xc32.o (__libc_init_array)
c:/program files/microchip/xc32/v4.20/bin/bin/../../lib/gcc/pic32c/8.3.1/../../../../pic32c/lib/thumb/v7e-m+dp/hard\libc-musl.a(libc.o)
                              c:/program files/microchip/xc32/v4.20/bin/bin/../../lib/gcc/pic32c/8.3.1/../../../../pic32c/lib/thumb/v7e-m+dp/hard\libc-musl.a(__libc_start_main.o) (__progname_full)
c:/program files/microchip/xc32/v4.20/bin/bin/../../lib/gcc/pic32c/8.3.1/../../../../pic32c/lib/thumb/v7e-m+dp/hard\libc-musl.a(vsnprintf.o)
                              build/sam_e70_xult/production/_ext/1953779166/sys_console.o (vsnprintf)
c:/program files/microchip/xc32/v4.20/bin/bin/../../lib/gcc/pic32c/8.3.1/../../../../pic32c/lib/thumb/v7e-m+dp/hard\libc-musl.a(memcpy.o)
                              build/sam_e70_xult/production/_ext/1055499099/plib_efc.o (memcpy)
c:/program files/microchip/xc32/v4.20/bin/bin/../../lib/gcc/pic32c/8.3.1/../../../../pic32c/lib/thumb/v7e-m+dp/hard\libc-musl.a(memset.o)
                              build/sam_e70_xult/production/_ext/1639501792/plib_mcan0.o (memset)
c:/program files/microchip/xc32/v4.20/bin/bin/../../lib/gcc/pic32c/8.3.1/../../../../pic32c/lib/thumb/v7e-m+dp/hard\libc-musl.a(strlen.o)
                              build/sam_e70_xult/production/_ext/1953779166/sys_console.o (strlen)
c:/program files/microchip/xc32/v4.20/bin/bin/../../lib/gcc/pic32c/8.3.1/../../../../pic32c/lib/thumb/v7e-m+dp/hard\libc-musl.a(__environ.o)
                              c:/program files/microchip/xc32/v4.20/bin/bin/../../lib/gcc/pic32c/8.3.1/../../../../pic32c/lib/thumb/v7e-m+dp/hard\libc-musl.a(__libc_start_main.o) (__environ)
c:/program files/microchip/xc32/v4.20/bin/bin/../../lib/gcc/pic32c/8.3.1/../../../../pic32c/lib/thumb/v7e-m+dp/hard\libc-musl.a(__errno_location.o)
                              c:/program files/microchip/xc32/v4.20/bin/bin/../../lib/gcc/pic32c/8.3.1/../../../../pic32c/lib/thumb/v7e-m+dp/hard\libc-musl.a(vsnprintf.o) (__errno_val)
c:/program files/microchip/xc32/v4.20/bin/bin/../../lib/gcc/pic32c/8.3.1/../../../../pic32c/lib/thumb/v7e-m+dp/hard\libc-musl.a(vfprintf.o)
                              c:/program files/microchip/xc32/v4.20/bin/bin/../../lib/gcc/pic32c/8.3.1/../../../../pic32c/lib/thumb/v7e-m+dp/hard\libc-musl.a(vsnprintf.o) (vfprintf)
c:/program files/microchip/xc32/v4.20/bin/bin/../../lib/gcc/pic32c/8.3.1/../../../../pic32c/lib/thumb/v7e-m+dp/hard\libc-musl.a(__io_fmt_needed.o)
                              c:/program files/microchip/xc32/v4.20/bin/bin/../../lib/gcc/pic32c/8.3.1/../../../../pic32c/lib/thumb/v7e-m+dp/hard\libc-musl.a(vfprintf.o) (__io_fmt_needed)
c:/program files/microchip/xc32/v4.20/bin/bin/../../lib/gcc/pic32c/8.3.1/../../../../pic32c/lib/thumb/v7e-m+dp/hard\libc-musl.a(__pop_float.o)
                              c:/program files/microchip/xc32/v4.20/bin/bin/../../lib/gcc/pic32c/8.3.1/../../../../pic32c/lib/thumb/v7e-m+dp/hard\libc-musl.a(__io_fmt_needed.o) (__pop_float_needed)
c:/program files/microchip/xc32/v4.20/bin/bin/../../lib/gcc/pic32c/8.3.1/../../../../pic32c/lib/thumb/v7e-m+dp/hard\libc-musl.a(__pop_int.o)
                              c:/program files/microchip/xc32/v4.20/bin/bin/../../lib/gcc/pic32c/8.3.1/../../../../pic32c/lib/thumb/v7e-m+dp/hard\libc-musl.a(__io_fmt_needed.o) (__pop_int_needed)
c:/program files/microchip/xc32/v4.20/bin/bin/../../lib/gcc/pic32c/8.3.1/../../../../pic32c/lib/thumb/v7e-m+dp/hard\libc-musl.a(__pop_ptr.o)
                              c:/program files/microchip/xc32/v4.20/bin/bin/../../lib/gcc/pic32c/8.3.1/../../../../pic32c/lib/thumb/v7e-m+dp/hard\libc-musl.a(__io_fmt_needed.o) (__pop_ptr_needed)
c:/program files/microchip/xc32/v4.20/bin/bin/../../lib/gcc/pic32c/8.3.1/../../../../pic32c/lib/thumb/v7e-m+dp/hard\libc-musl.a(__printf_core.o)
                              c:/program files/microchip/xc32/v4.20/bin/bin/../../lib/gcc/pic32c/8.3.1/../../../../pic32c/lib/thumb/v7e-m+dp/hard\libc-musl.a(vfprintf.o) (__printf_core)
[...]
Memory Configuration

Name             Origin             Length             Attributes
rom              0x00400000         0x00200000         xrl
ram              0x20400000         0x00060000         xw !r
itcm             0x00000000         0x00000000         xw
dtcm             0x20000000         0x00000000         xw !r
*default*        0x00000000         0xffffffff

Linker script and memory map

LOAD c:/program files/microchip/xc32/v4.20/bin/bin/../../lib/gcc/pic32c/8.3.1/thumb/v7e-m+dp/hard/crti.o
LOAD c:/program files/microchip/xc32/v4.20/bin/bin/../../lib/gcc/pic32c/8.3.1/thumb/v7e-m+dp/hard/crtbegin.o
LOAD build/sam_e70_xult/production/_ext/917764137/bsp.o
LOAD build/sam_e70_xult/production/_ext/1055500827/plib_clk.o
LOAD build/sam_e70_xult/production/_ext/1055499099/plib_efc.o
LOAD build/sam_e70_xult/production/_ext/1639550079/plib_nvic.o
LOAD build/sam_e70_xult/production/_ext/1055488423/plib_pio.o
LOAD build/sam_e70_xult/production/_ext/1639738731/plib_uart2.o
LOAD build/sam_e70_xult/production/_ext/1639738731/plib_uart1.o
LOAD build/sam_e70_xult/production/_ext/707186936/plib_usart1.o
LOAD build/sam_e70_xult/production/_ext/1518761459/xc32_monitor.o
LOAD build/sam_e70_xult/production/_ext/876653320/sys_cache.o
LOAD build/sam_e70_xult/production/_ext/1763620194/sys_debug.o
LOAD build/sam_e70_xult/production/_ext/1728594169/initialization.o
LOAD build/sam_e70_xult/production/_ext/1728594169/interrupts.o
LOAD build/sam_e70_xult/production/_ext/1728594169/exceptions.o
LOAD build/sam_e70_xult/production/_ext/1728594169/startup_xc32.o
LOAD build/sam_e70_xult/production/_ext/1728594169/libc_syscalls.o
LOAD build/sam_e70_xult/production/_ext/1360937237/main.o
LOAD build/sam_e70_xult/production/_ext/1639147296/plib_afec0.o
LOAD build/sam_e70_xult/production/_ext/1639147296/plib_afec1.o
LOAD build/sam_e70_xult/production/_ext/865331892/plib_tc0.o
LOAD build/sam_e70_xult/production/_ext/1639501792/plib_mcan0.o
LOAD build/sam_e70_xult/production/_ext/766002106/sys_int.o
LOAD build/sam_e70_xult/production/_ext/1953779166/sys_console.o
LOAD build/sam_e70_xult/production/_ext/1360937237/app.o
LOAD build/sam_e70_xult/production/_ext/1728594169/tasks.o
LOAD build/sam_e70_xult/production/_ext/1953779166/sys_console_uart.o
                0x00000001                __MPLAB_BUILD = 0x1
                0x00600000                __rom_end = (ORIGIN (rom) + LENGTH (rom))
                0x20460000                __ram_end = (ORIGIN (ram) + LENGTH (ram))

.vectors        0x00400000      0x168
                0x00400000                . = ALIGN (0x4)
                0x00400000                _sfixed = .
 *(.vectors .vectors.* .vectors_default .vectors_default.*)
 .vectors.exception_table
                0x00400000      0x168 build/sam_e70_xult/production/_ext/1728594169/interrupts.o
                0x00400000                exception_table
 *(.isr_vector)
 *(.reset*)
 *(.after_vectors)

.text           0x00400168       0x20
                0x00400168                . = ALIGN (0x4)
 *(.glue_7t)
 .glue_7t       0x00400168        0x0 linker stubs
 *(.glue_7)
 .glue_7        0x00400168        0x0 linker stubs
 *(.gnu.linkonce.r.*)
 *(.ARM.extab* .gnu.linkonce.armextab.*)
                0x00400168                . = ALIGN (0x4)
 *(.init)
 .init          0x00400168        0x4 c:/program files/microchip/xc32/v4.20/bin/bin/../../lib/gcc/pic32c/8.3.1/thumb/v7e-m+dp/hard/crti.o
                0x00400168                _init
 .init          0x0040016c        0x8 c:/program files/microchip/xc32/v4.20/bin/bin/../../lib/gcc/pic32c/8.3.1/thumb/v7e-m+dp/hard/crtn.o
                0x00400174                . = ALIGN (0x4)
                0x00400174                __preinit_array_start = .
 *(.preinit_array)
                0x00400174                __preinit_array_end = .
                0x00400174                . = ALIGN (0x4)
                0x00400174                __init_array_start = .
 *(SORT_BY_NAME(.init_array.*))
 *(.init_array)
 .init_array    0x00400174        0x4 c:/program files/microchip/xc32/v4.20/bin/bin/../../lib/gcc/pic32c/8.3.1/thumb/v7e-m+dp/hard/crtbegin.o
                0x00400178                __init_array_end = .
                0x00400178                . = ALIGN (0x4)
 *crtbegin.o(.ctors)
 *(EXCLUDE_FILE(*crtend.o) .ctors)
 *(SORT_BY_NAME(.ctors.*))
 *crtend.o(.ctors)
                0x00400178                . = ALIGN (0x4)
 *(.fini)
 .fini          0x00400178        0x4 c:/program files/microchip/xc32/v4.20/bin/bin/../../lib/gcc/pic32c/8.3.1/thumb/v7e-m+dp/hard/crti.o
                0x00400178                _fini
 .fini          0x0040017c        0x8 c:/program files/microchip/xc32/v4.20/bin/bin/../../lib/gcc/pic32c/8.3.1/thumb/v7e-m+dp/hard/crtn.o
                0x00400184                . = ALIGN (0x4)
                0x00400184                __fini_array_start = .
 *(.fini_array)
 .fini_array    0x00400184        0x4 c:/program files/microchip/xc32/v4.20/bin/bin/../../lib/gcc/pic32c/8.3.1/thumb/v7e-m+dp/hard/crtbegin.o
 *(SORT_BY_NAME(.fini_array.*))
                0x00400188                __fini_array_end = .
 *crtbegin.o(.dtors)
 *(EXCLUDE_FILE(*crtend.o) .dtors)
 *(SORT_BY_NAME(.dtors.*))
 *crtend.o(.dtors)
                0x00400188                . = ALIGN (0x4)
                0x00400188                _efixed = .
                [!provide]                PROVIDE (__exidx_start = .)

.ARM.exidx      0x00400188        0x8
 *(.ARM.exidx* .gnu.linkonce.armexidx.*)
 .ARM.exidx     0x00400188        0x8 c:/program files/microchip/xc32/v4.20/bin/bin/../../lib/gcc/pic32c/8.3.1/thumb/v7e-m+dp/hard\libgcc.a(_udivmoddi4.o)
                [!provide]                PROVIDE (__exidx_end = .)
                0x00400190                . = ALIGN (0x4)
                0x00400190                _etext = .

.bss            0x20400000        0x0
                0x20400000                . = ALIGN (0x4)
                0x20400000                __bss_start__ = .
                0x20400000                _sbss = .
                0x20400000                _szero = .
 *(COMMON)
                0x20400000                . = ALIGN (0x4)
                0x20400000                __bss_end__ = .
                0x20400000                _ebss = .
                0x20400000                _ezero = .
                0x20400000                . = ALIGN (0x4)
                0x20400000                _end = .
                0x2045ffff                _ram_end_ = ((ORIGIN (ram) + LENGTH (ram)) - 0x1)
                0x00000200                _min_heap_size = 0x200
START GROUP
LOAD c:/program files/microchip/xc32/v4.20/bin/bin/../../lib/gcc/pic32c/8.3.1/../../../../pic32c/lib/thumb/v7e-m+dp/hard\libpic32c.a
LOAD c:/program files/microchip/xc32/v4.20/bin/bin/../../lib/gcc/pic32c/8.3.1/../../../../pic32c/lib/thumb/v7e-m+dp/hard\libm-emfloat.a
LOAD c:/program files/microchip/xc32/v4.20/bin/bin/../../lib/gcc/pic32c/8.3.1/../../../../pic32c/lib/thumb/v7e-m+dp/hard\libc-musl.a
LOAD c:/program files/microchip/xc32/v4.20/bin/bin/../../lib/gcc/pic32c/8.3.1/../../../../pic32c/lib/thumb/v7e-m+dp/hard\libm-emfloat.a
LOAD c:/program files/microchip/xc32/v4.20/bin/bin/../../lib/gcc/pic32c/8.3.1/thumb/v7e-m+dp/hard\libgcc.a
END GROUP
LOAD c:/program files/microchip/xc32/v4.20/bin/bin/../../lib/gcc/pic32c/8.3.1/thumb/v7e-m+dp/hard/crtend.o
LOAD c:/program files/microchip/xc32/v4.20/bin/bin/../../lib/gcc/pic32c/8.3.1/thumb/v7e-m+dp/hard/crtn.o
OUTPUT(dist/sam_e70_xult/production/sam_e70_xult.X.production.elf elf32-littlearm)
LOAD stack
LOAD data_init

.ARM.attributes
                0x00000000       0x32
 .ARM.attributes
                0x00000000       0x1e c:/program files/microchip/xc32/v4.20/bin/bin/../../lib/gcc/pic32c/8.3.1/thumb/v7e-m+dp/hard/crti.o
 .ARM.attributes
                0x0000001e       0x32 c:/program files/microchip/xc32/v4.20/bin/bin/../../lib/gcc/pic32c/8.3.1/thumb/v7e-m+dp/hard/crtbegin.o
 .ARM.attributes
                0x00000050       0x32 build/sam_e70_xult/production/_ext/917764137/bsp.o
 .ARM.attributes
                0x00000082       0x32 build/sam_e70_xult/production/_ext/1055500827/plib_clk.o
 .ARM.attributes
                0x000000b4       0x32 build/sam_e70_xult/production/_ext/1055499099/plib_efc.o
 .ARM.attributes
                0x000000e6       0x32 build/sam_e70_xult/production/_ext/1639550079/plib_nvic.o
 .ARM.attributes
                0x00000118       0x32 build/sam_e70_xult/production/_ext/1055488423/plib_pio.o
 .ARM.attributes
                0x0000014a       0x32 build/sam_e70_xult/production/_ext/1639738731/plib_uart2.o
 .ARM.attributes
                0x0000017c       0x32 build/sam_e70_xult/production/_ext/1639738731/plib_uart1.o
 .ARM.attributes
                0x000001ae       0x32 build/sam_e70_xult/production/_ext/707186936/plib_usart1.o
 .ARM.attributes
                0x000001e0       0x32 build/sam_e70_xult/production/_ext/1763620194/sys_debug.o
 .ARM.attributes
                0x00000212       0x32 build/sam_e70_xult/production/_ext/1728594169/initialization.o
 .ARM.attributes
                0x00000244       0x32 build/sam_e70_xult/production/_ext/1728594169/interrupts.o
 .ARM.attributes
                0x00000276       0x32 build/sam_e70_xult/production/_ext/1728594169/exceptions.o
 .ARM.attributes
                0x000002a8       0x32 build/sam_e70_xult/production/_ext/1728594169/startup_xc32.o
 .ARM.attributes
                0x000002da       0x32 build/sam_e70_xult/production/_ext/1360937237/main.o
 .ARM.attributes
                0x0000030c       0x32 build/sam_e70_xult/production/_ext/1639147296/plib_afec0.o
 .ARM.attributes
                0x0000033e       0x32 build/sam_e70_xult/production/_ext/1639147296/plib_afec1.o
 .ARM.attributes
                0x00000370       0x32 build/sam_e70_xult/production/_ext/865331892/plib_tc0.o
 .ARM.attributes
                0x000003a2       0x32 build/sam_e70_xult/production/_ext/1639501792/plib_mcan0.o
 .ARM.attributes
                0x000003d4       0x32 build/sam_e70_xult/production/_ext/1953779166/sys_console.o
 .ARM.attributes
                0x00000406       0x32 build/sam_e70_xult/production/_ext/1360937237/app.o
 .ARM.attributes
                0x00000438       0x32 build/sam_e70_xult/production/_ext/1728594169/tasks.o
 .ARM.attributes
                0x0000046a       0x32 build/sam_e70_xult/production/_ext/1953779166/sys_console_uart.o
 .ARM.attributes
                0x0000049c       0x32 c:/program files/microchip/xc32/v4.20/bin/bin/../../lib/gcc/pic32c/8.3.1/../../../../pic32c/lib/thumb/v7e-m+dp/hard\libpic32c.a(data_init_wrapper.o)
 .ARM.attributes
                0x000004ce       0x32 c:/program files/microchip/xc32/v4.20/bin/bin/../../lib/gcc/pic32c/8.3.1/../../../../pic32c/lib/thumb/v7e-m+dp/hard\libpic32c.a(data_init_0_1.o)
 .ARM.attributes
                0x00000500       0x34 c:/program files/microchip/xc32/v4.20/bin/bin/../../lib/gcc/pic32c/8.3.1/../../../../pic32c/lib/thumb/v7e-m+dp/hard\libc-musl.a(__libc_start_main.o)
 .ARM.attributes
                0x00000534       0x32 c:/program files/microchip/xc32/v4.20/bin/bin/../../lib/gcc/pic32c/8.3.1/../../../../pic32c/lib/thumb/v7e-m+dp/hard\libc-musl.a(libc.o)
 .ARM.attributes
                0x00000566       0x34 c:/program files/microchip/xc32/v4.20/bin/bin/../../lib/gcc/pic32c/8.3.1/../../../../pic32c/lib/thumb/v7e-m+dp/hard\libc-musl.a(vsnprintf.o)
 .ARM.attributes
                0x0000059a       0x34 c:/program files/microchip/xc32/v4.20/bin/bin/../../lib/gcc/pic32c/8.3.1/../../../../pic32c/lib/thumb/v7e-m+dp/hard\libc-musl.a(memcpy.o)
 .ARM.attributes
                0x000005ce       0x34 c:/program files/microchip/xc32/v4.20/bin/bin/../../lib/gcc/pic32c/8.3.1/../../../../pic32c/lib/thumb/v7e-m+dp/hard\libc-musl.a(memset.o)
 .ARM.attributes
                0x00000602       0x34 c:/program files/microchip/xc32/v4.20/bin/bin/../../lib/gcc/pic32c/8.3.1/../../../../pic32c/lib/thumb/v7e-m+dp/hard\libc-musl.a(strlen.o)
 .ARM.attributes
                0x00000636       0x32 c:/program files/microchip/xc32/v4.20/bin/bin/../../lib/gcc/pic32c/8.3.1/../../../../pic32c/lib/thumb/v7e-m+dp/hard\libc-musl.a(__environ.o)
 .ARM.attributes
                0x00000668       0x32 c:/program files/microchip/xc32/v4.20/bin/bin/../../lib/gcc/pic32c/8.3.1/../../../../pic32c/lib/thumb/v7e-m+dp/hard\libc-musl.a(__errno_location.o)
 .ARM.attributes
                0x0000069a       0x34 c:/program files/microchip/xc32/v4.20/bin/bin/../../lib/gcc/pic32c/8.3.1/../../../../pic32c/lib/thumb/v7e-m+dp/hard\libc-musl.a(vfprintf.o)
 .ARM.attributes
                0x000006ce       0x34 c:/program files/microchip/xc32/v4.20/bin/bin/../../lib/gcc/pic32c/8.3.1/../../../../pic32c/lib/thumb/v7e-m+dp/hard\libc-musl.a(__pop_float.o)
 .ARM.attributes
                0x00000702       0x34 c:/program files/microchip/xc32/v4.20/bin/bin/../../lib/gcc/pic32c/8.3.1/../../../../pic32c/lib/thumb/v7e-m+dp/hard\libc-musl.a(__pop_int.o)
 .ARM.attributes
                0x00000736       0x34 c:/program files/microchip/xc32/v4.20/bin/bin/../../lib/gcc/pic32c/8.3.1/../../../../pic32c/lib/thumb/v7e-m+dp/hard\libc-musl.a(__pop_ptr.o)
 .ARM.attributes
                0x0000076a       0x34 c:/program files/microchip/xc32/v4.20/bin/bin/../../lib/gcc/pic32c/8.3.1/../../../../pic32c/lib/thumb/v7e-m+dp/hard\libc-musl.a(__printf_core.o)
 .ARM.attributes
                0x0000079e       0x34 c:/program files/microchip/xc32/v4.20/bin/bin/../../lib/gcc/pic32c/8.3.1/../../../../pic32c/lib/thumb/v7e-m+dp/hard\libc-musl.a(atoi.o)
 .ARM.attributes
                0x000007d2       0x34 c:/program files/microchip/xc32/v4.20/bin/bin/../../lib/gcc/pic32c/8.3.1/../../../../pic32c/lib/thumb/v7e-m+dp/hard\libc-musl.a(tolower.o)
 .ARM.attributes
                0x00000806       0x34 c:/program files/microchip/xc32/v4.20/bin/bin/../../lib/gcc/pic32c/8.3.1/../../../../pic32c/lib/thumb/v7e-m+dp/hard\libc-musl.a(__fmt_a.o)
 .ARM.attributes
                0x0000083a       0x34 c:/program files/microchip/xc32/v4.20/bin/bin/../../lib/gcc/pic32c/8.3.1/../../../../pic32c/lib/thumb/v7e-m+dp/hard\libc-musl.a(__fmt_d.o)
 .ARM.attributes
                0x0000086e       0x34 c:/program files/microchip/xc32/v4.20/bin/bin/../../lib/gcc/pic32c/8.3.1/../../../../pic32c/lib/thumb/v7e-m+dp/hard\libc-musl.a(__fmt_fp.o)
 .ARM.attributes
                0x000008a2       0x34 c:/program files/microchip/xc32/v4.20/bin/bin/../../lib/gcc/pic32c/8.3.1/../../../../pic32c/lib/thumb/v7e-m+dp/hard\libc-musl.a(__fmt_o.o)
 .ARM.attributes
                0x000008d6       0x34 c:/program files/microchip/xc32/v4.20/bin/bin/../../lib/gcc/pic32c/8.3.1/../../../../pic32c/lib/thumb/v7e-m+dp/hard\libc-musl.a(__fmt_s.o)
 .ARM.attributes
                0x0000090a       0x34 c:/program files/microchip/xc32/v4.20/bin/bin/../../lib/gcc/pic32c/8.3.1/../../../../pic32c/lib/thumb/v7e-m+dp/hard\libc-musl.a(__fmt_u.o)
 .ARM.attributes
                0x0000093e       0x34 c:/program files/microchip/xc32/v4.20/bin/bin/../../lib/gcc/pic32c/8.3.1/../../../../pic32c/lib/thumb/v7e-m+dp/hard\libc-musl.a(__fmt_x.o)
 .ARM.attributes
                0x00000972       0x34 c:/program files/microchip/xc32/v4.20/bin/bin/../../lib/gcc/pic32c/8.3.1/../../../../pic32c/lib/thumb/v7e-m+dp/hard\libc-musl.a(strcpy.o)
 .ARM.attributes
                0x000009a6       0x34 c:/program files/microchip/xc32/v4.20/bin/bin/../../lib/gcc/pic32c/8.3.1/../../../../pic32c/lib/thumb/v7e-m+dp/hard\libc-musl.a(toupper.o)
 .ARM.attributes
                0x000009da       0x34 c:/program files/microchip/xc32/v4.20/bin/bin/../../lib/gcc/pic32c/8.3.1/../../../../pic32c/lib/thumb/v7e-m+dp/hard\libc-musl.a(stpcpy.o)
 .ARM.attributes
                0x00000a0e       0x32 c:/program files/microchip/xc32/v4.20/bin/bin/../../lib/gcc/pic32c/8.3.1/../../../../pic32c/lib/thumb/v7e-m+dp/hard\libm-emfloat.a(floor.o)
 .ARM.attributes
                0x00000a40       0x1e c:/program files/microchip/xc32/v4.20/bin/bin/../../lib/gcc/pic32c/8.3.1/thumb/v7e-m+dp/hard\libgcc.a(_aeabi_uldivmod.o)
 .ARM.attributes
                0x00000a5e       0x32 c:/program files/microchip/xc32/v4.20/bin/bin/../../lib/gcc/pic32c/8.3.1/thumb/v7e-m+dp/hard\libgcc.a(_udivmoddi4.o)
 .ARM.attributes
                0x00000a90       0x1e c:/program files/microchip/xc32/v4.20/bin/bin/../../lib/gcc/pic32c/8.3.1/thumb/v7e-m+dp/hard\libgcc.a(_dvmd_tls.o)
 .ARM.attributes
                0x00000aae       0x1e c:/program files/microchip/xc32/v4.20/bin/bin/../../lib/gcc/pic32c/8.3.1/thumb/v7e-m+dp/hard/crtn.o

.comment        0x00000000       0x2b
 .comment       0x00000000       0x2b c:/program files/microchip/xc32/v4.20/bin/bin/../../lib/gcc/pic32c/8.3.1/thumb/v7e-m+dp/hard/crtbegin.o
                                 0x2c (size before relaxing)
 .comment       0x0000002b       0x2c build/sam_e70_xult/production/_ext/917764137/bsp.o
 .comment       0x0000002b       0x2c build/sam_e70_xult/production/_ext/1055500827/plib_clk.o
 .comment       0x0000002b       0x2c build/sam_e70_xult/production/_ext/1055499099/plib_efc.o
 .comment       0x0000002b       0x2c build/sam_e70_xult/production/_ext/1639550079/plib_nvic.o
 .comment       0x0000002b       0x2c build/sam_e70_xult/production/_ext/1055488423/plib_pio.o
 .comment       0x0000002b       0x2c build/sam_e70_xult/production/_ext/1639738731/plib_uart2.o
 .comment       0x0000002b       0x2c build/sam_e70_xult/production/_ext/1639738731/plib_uart1.o
 .comment       0x0000002b       0x2c build/sam_e70_xult/production/_ext/707186936/plib_usart1.o
 .comment       0x0000002b       0x2c build/sam_e70_xult/production/_ext/1763620194/sys_debug.o
 .comment       0x0000002b       0x2c build/sam_e70_xult/production/_ext/1728594169/initialization.o
 .comment       0x0000002b       0x2c build/sam_e70_xult/production/_ext/1728594169/interrupts.o
 .comment       0x0000002b       0x2c build/sam_e70_xult/production/_ext/1728594169/exceptions.o
 .comment       0x0000002b       0x2c build/sam_e70_xult/production/_ext/1728594169/startup_xc32.o
 .comment       0x0000002b       0x2c build/sam_e70_xult/production/_ext/1360937237/main.o
 .comment       0x0000002b       0x2c build/sam_e70_xult/production/_ext/1639147296/plib_afec0.o
 .comment       0x0000002b       0x2c build/sam_e70_xult/production/_ext/1639147296/plib_afec1.o
 .comment       0x0000002b       0x2c build/sam_e70_xult/production/_ext/865331892/plib_tc0.o
 .comment       0x0000002b       0x2c build/sam_e70_xult/production/_ext/1639501792/plib_mcan0.o
 .comment       0x0000002b       0x2c build/sam_e70_xult/production/_ext/1953779166/sys_console.o
 .comment       0x0000002b       0x2c build/sam_e70_xult/production/_ext/1360937237/app.o
 .comment       0x0000002b       0x2c build/sam_e70_xult/production/_ext/1728594169/tasks.o
 .comment       0x0000002b       0x2c build/sam_e70_xult/production/_ext/1953779166/sys_console_uart.o
 .comment       0x0000002b       0x2c c:/program files/microchip/xc32/v4.20/bin/bin/../../lib/gcc/pic32c/8.3.1/../../../../pic32c/lib/thumb/v7e-m+dp/hard\libpic32c.a(data_init_wrapper.o)
 .comment       0x0000002b       0x2c c:/program files/microchip/xc32/v4.20/bin/bin/../../lib/gcc/pic32c/8.3.1/../../../../pic32c/lib/thumb/v7e-m+dp/hard\libpic32c.a(data_init_0_1.o)
 .comment       0x0000002b       0x2c c:/program files/microchip/xc32/v4.20/bin/bin/../../lib/gcc/pic32c/8.3.1/../../../../pic32c/lib/thumb/v7e-m+dp/hard\libc-musl.a(__libc_start_main.o)
 .comment       0x0000002b       0x2c c:/program files/microchip/xc32/v4.20/bin/bin/../../lib/gcc/pic32c/8.3.1/../../../../pic32c/lib/thumb/v7e-m+dp/hard\libc-musl.a(libc.o)
 .comment       0x0000002b       0x2c c:/program files/microchip/xc32/v4.20/bin/bin/../../lib/gcc/pic32c/8.3.1/../../../../pic32c/lib/thumb/v7e-m+dp/hard\libc-musl.a(vsnprintf.o)
 .comment       0x0000002b       0x2c c:/program files/microchip/xc32/v4.20/bin/bin/../../lib/gcc/pic32c/8.3.1/../../../../pic32c/lib/thumb/v7e-m+dp/hard\libc-musl.a(memcpy.o)
 .comment       0x0000002b       0x2c c:/program files/microchip/xc32/v4.20/bin/bin/../../lib/gcc/pic32c/8.3.1/../../../../pic32c/lib/thumb/v7e-m+dp/hard\libc-musl.a(memset.o)
 .comment       0x0000002b       0x2c c:/program files/microchip/xc32/v4.20/bin/bin/../../lib/gcc/pic32c/8.3.1/../../../../pic32c/lib/thumb/v7e-m+dp/hard\libc-musl.a(strlen.o)
 .comment       0x0000002b       0x2c c:/program files/microchip/xc32/v4.20/bin/bin/../../lib/gcc/pic32c/8.3.1/../../../../pic32c/lib/thumb/v7e-m+dp/hard\libc-musl.a(__environ.o)
 .comment       0x0000002b       0x2c c:/program files/microchip/xc32/v4.20/bin/bin/../../lib/gcc/pic32c/8.3.1/../../../../pic32c/lib/thumb/v7e-m+dp/hard\libc-musl.a(__errno_location.o)
 .comment       0x0000002b       0x2c c:/program files/microchip/xc32/v4.20/bin/bin/../../lib/gcc/pic32c/8.3.1/../../../../pic32c/lib/thumb/v7e-m+dp/hard\libc-musl.a(vfprintf.o)
 .comment       0x0000002b       0x2c c:/program files/microchip/xc32/v4.20/bin/bin/../../lib/gcc/pic32c/8.3.1/../../../../pic32c/lib/thumb/v7e-m+dp/hard\libc-musl.a(__pop_float.o)
 .comment       0x0000002b       0x2c c:/program files/microchip/xc32/v4.20/bin/bin/../../lib/gcc/pic32c/8.3.1/../../../../pic32c/lib/thumb/v7e-m+dp/hard\libc-musl.a(__pop_int.o)
 .comment       0x0000002b       0x2c c:/program files/microchip/xc32/v4.20/bin/bin/../../lib/gcc/pic32c/8.3.1/../../../../pic32c/lib/thumb/v7e-m+dp/hard\libc-musl.a(__pop_ptr.o)
 .comment       0x0000002b       0x2c c:/program files/microchip/xc32/v4.20/bin/bin/../../lib/gcc/pic32c/8.3.1/../../../../pic32c/lib/thumb/v7e-m+dp/hard\libc-musl.a(__printf_core.o)
 .comment       0x0000002b       0x2c c:/program files/microchip/xc32/v4.20/bin/bin/../../lib/gcc/pic32c/8.3.1/../../../../pic32c/lib/thumb/v7e-m+dp/hard\libc-musl.a(atoi.o)
 .comment       0x0000002b       0x2c c:/program files/microchip/xc32/v4.20/bin/bin/../../lib/gcc/pic32c/8.3.1/../../../../pic32c/lib/thumb/v7e-m+dp/hard\libc-musl.a(tolower.o)
 .comment       0x0000002b       0x2c c:/program files/microchip/xc32/v4.20/bin/bin/../../lib/gcc/pic32c/8.3.1/../../../../pic32c/lib/thumb/v7e-m+dp/hard\libc-musl.a(__fmt_a.o)
 .comment       0x0000002b       0x2c c:/program files/microchip/xc32/v4.20/bin/bin/../../lib/gcc/pic32c/8.3.1/../../../../pic32c/lib/thumb/v7e-m+dp/hard\libc-musl.a(__fmt_d.o)
 .comment       0x0000002b       0x2c c:/program files/microchip/xc32/v4.20/bin/bin/../../lib/gcc/pic32c/8.3.1/../../../../pic32c/lib/thumb/v7e-m+dp/hard\libc-musl.a(__fmt_fp.o)
 .comment       0x0000002b       0x2c c:/program files/microchip/xc32/v4.20/bin/bin/../../lib/gcc/pic32c/8.3.1/../../../../pic32c/lib/thumb/v7e-m+dp/hard\libc-musl.a(__fmt_o.o)
 .comment       0x0000002b       0x2c c:/program files/microchip/xc32/v4.20/bin/bin/../../lib/gcc/pic32c/8.3.1/../../../../pic32c/lib/thumb/v7e-m+dp/hard\libc-musl.a(__fmt_s.o)
 .comment       0x0000002b       0x2c c:/program files/microchip/xc32/v4.20/bin/bin/../../lib/gcc/pic32c/8.3.1/../../../../pic32c/lib/thumb/v7e-m+dp/hard\libc-musl.a(__fmt_u.o)
 .comment       0x0000002b       0x2c c:/program files/microchip/xc32/v4.20/bin/bin/../../lib/gcc/pic32c/8.3.1/../../../../pic32c/lib/thumb/v7e-m+dp/hard\libc-musl.a(__fmt_x.o)
 .comment       0x0000002b       0x2c c:/program files/microchip/xc32/v4.20/bin/bin/../../lib/gcc/pic32c/8.3.1/../../../../pic32c/lib/thumb/v7e-m+dp/hard\libc-musl.a(strcpy.o)
 .comment       0x0000002b       0x2c c:/program files/microchip/xc32/v4.20/bin/bin/../../lib/gcc/pic32c/8.3.1/../../../../pic32c/lib/thumb/v7e-m+dp/hard\libc-musl.a(toupper.o)
 .comment       0x0000002b       0x2c c:/program files/microchip/xc32/v4.20/bin/bin/../../lib/gcc/pic32c/8.3.1/../../../../pic32c/lib/thumb/v7e-m+dp/hard\libc-musl.a(stpcpy.o)
 .comment       0x0000002b       0x2c c:/program files/microchip/xc32/v4.20/bin/bin/../../lib/gcc/pic32c/8.3.1/../../../../pic32c/lib/thumb/v7e-m+dp/hard\libm-emfloat.a(floor.o)
 .comment       0x0000002b       0x2c c:/program files/microchip/xc32/v4.20/bin/bin/../../lib/gcc/pic32c/8.3.1/thumb/v7e-m+dp/hard\libgcc.a(_udivmoddi4.o)

.debug_info     0x00000000    0x1c42b
 .debug_info    0x00000000      0x9e9 build/sam_e70_xult/production/_ext/917764137/bsp.o
 .debug_info    0x000009e9      0x98c build/sam_e70_xult/production/_ext/1055500827/plib_clk.o
 .debug_info    0x00001375      0x904 build/sam_e70_xult/production/_ext/1055499099/plib_efc.o
 .debug_info    0x00001c79     0x12bd build/sam_e70_xult/production/_ext/1639550079/plib_nvic.o
 .debug_info    0x00002f36      0xeca build/sam_e70_xult/production/_ext/1055488423/plib_pio.o
 .debug_info    0x00003e00     0x13b5 build/sam_e70_xult/production/_ext/1639738731/plib_uart2.o
 .debug_info    0x000051b5     0x13b5 build/sam_e70_xult/production/_ext/1639738731/plib_uart1.o
 .debug_info    0x0000656a     0x185d build/sam_e70_xult/production/_ext/707186936/plib_usart1.o
 .debug_info    0x00007dc7      0x78d build/sam_e70_xult/production/_ext/1763620194/sys_debug.o
 .debug_info    0x00008554     0x100f build/sam_e70_xult/production/_ext/1728594169/initialization.o
 .debug_info    0x00009563      0xde8 build/sam_e70_xult/production/_ext/1728594169/interrupts.o
 .debug_info    0x0000a34b      0x3e5 build/sam_e70_xult/production/_ext/1728594169/exceptions.o
 .debug_info    0x0000a730      0xd85 build/sam_e70_xult/production/_ext/1728594169/startup_xc32.o
 .debug_info    0x0000b4b5      0x337 build/sam_e70_xult/production/_ext/1360937237/main.o
 .debug_info    0x0000b7ec      0xf91 build/sam_e70_xult/production/_ext/1639147296/plib_afec0.o
 .debug_info    0x0000c77d      0xf91 build/sam_e70_xult/production/_ext/1639147296/plib_afec1.o
 .debug_info    0x0000d70e      0x85c build/sam_e70_xult/production/_ext/865331892/plib_tc0.o
 .debug_info    0x0000df6a     0x1bc3 build/sam_e70_xult/production/_ext/1639501792/plib_mcan0.o
 .debug_info    0x0000fb2d     0x1483 build/sam_e70_xult/production/_ext/1953779166/sys_console.o
 .debug_info    0x00010fb0     0x10cb build/sam_e70_xult/production/_ext/1360937237/app.o
 .debug_info    0x0001207b      0x32c build/sam_e70_xult/production/_ext/1728594169/tasks.o
 .debug_info    0x000123a7     0x1585 build/sam_e70_xult/production/_ext/1953779166/sys_console_uart.o
 .debug_info    0x0001392c      0x2a4 c:/program files/microchip/xc32/v4.20/bin/bin/../../lib/gcc/pic32c/8.3.1/../../../../pic32c/lib/thumb/v7e-m+dp/hard\libpic32c.a(data_init_wrapper.o)
 .debug_info    0x00013bd0      0x2a7 c:/program files/microchip/xc32/v4.20/bin/bin/../../lib/gcc/pic32c/8.3.1/../../../../pic32c/lib/thumb/v7e-m+dp/hard\libpic32c.a(data_init_0_1.o)
 .debug_info    0x00013e77      0x625 c:/program files/microchip/xc32/v4.20/bin/bin/../../lib/gcc/pic32c/8.3.1/../../../../pic32c/lib/thumb/v7e-m+dp/hard\libc-musl.a(__libc_start_main.o)
 .debug_info    0x0001449c      0x537 c:/program files/microchip/xc32/v4.20/bin/bin/../../lib/gcc/pic32c/8.3.1/../../../../pic32c/lib/thumb/v7e-m+dp/hard\libc-musl.a(libc.o)
 .debug_info    0x000149d3      0x703 c:/program files/microchip/xc32/v4.20/bin/bin/../../lib/gcc/pic32c/8.3.1/../../../../pic32c/lib/thumb/v7e-m+dp/hard\libc-musl.a(vsnprintf.o)
 .debug_info    0x000150d6      0x2f3 c:/program files/microchip/xc32/v4.20/bin/bin/../../lib/gcc/pic32c/8.3.1/../../../../pic32c/lib/thumb/v7e-m+dp/hard\libc-musl.a(memcpy.o)
 .debug_info    0x000153c9      0x2b7 c:/program files/microchip/xc32/v4.20/bin/bin/../../lib/gcc/pic32c/8.3.1/../../../../pic32c/lib/thumb/v7e-m+dp/hard\libc-musl.a(memset.o)
 .debug_info    0x00015680      0x2a8 c:/program files/microchip/xc32/v4.20/bin/bin/../../lib/gcc/pic32c/8.3.1/../../../../pic32c/lib/thumb/v7e-m+dp/hard\libc-musl.a(strlen.o)
 .debug_info    0x00015928      0x2b1 c:/program files/microchip/xc32/v4.20/bin/bin/../../lib/gcc/pic32c/8.3.1/../../../../pic32c/lib/thumb/v7e-m+dp/hard\libc-musl.a(__environ.o)
 .debug_info    0x00015bd9      0x275 c:/program files/microchip/xc32/v4.20/bin/bin/../../lib/gcc/pic32c/8.3.1/../../../../pic32c/lib/thumb/v7e-m+dp/hard\libc-musl.a(__errno_location.o)
 .debug_info    0x00015e4e      0x6c4 c:/program files/microchip/xc32/v4.20/bin/bin/../../lib/gcc/pic32c/8.3.1/../../../../pic32c/lib/thumb/v7e-m+dp/hard\libc-musl.a(vfprintf.o)
 .debug_info    0x00016512      0x3df c:/program files/microchip/xc32/v4.20/bin/bin/../../lib/gcc/pic32c/8.3.1/../../../../pic32c/lib/thumb/v7e-m+dp/hard\libc-musl.a(__pop_float.o)
 .debug_info    0x000168f1      0x403 c:/program files/microchip/xc32/v4.20/bin/bin/../../lib/gcc/pic32c/8.3.1/../../../../pic32c/lib/thumb/v7e-m+dp/hard\libc-musl.a(__pop_int.o)
 .debug_info    0x00016cf4      0x409 c:/program files/microchip/xc32/v4.20/bin/bin/../../lib/gcc/pic32c/8.3.1/../../../../pic32c/lib/thumb/v7e-m+dp/hard\libc-musl.a(__pop_ptr.o)
 .debug_info    0x000170fd      0xd35 c:/program files/microchip/xc32/v4.20/bin/bin/../../lib/gcc/pic32c/8.3.1/../../../../pic32c/lib/thumb/v7e-m+dp/hard\libc-musl.a(__printf_core.o)
 .debug_info    0x00017e32      0x2fd c:/program files/microchip/xc32/v4.20/bin/bin/../../lib/gcc/pic32c/8.3.1/../../../../pic32c/lib/thumb/v7e-m+dp/hard\libc-musl.a(atoi.o)
 .debug_info    0x0001812f      0x355 c:/program files/microchip/xc32/v4.20/bin/bin/../../lib/gcc/pic32c/8.3.1/../../../../pic32c/lib/thumb/v7e-m+dp/hard\libc-musl.a(tolower.o)
 .debug_info    0x00018484      0x8f4 c:/program files/microchip/xc32/v4.20/bin/bin/../../lib/gcc/pic32c/8.3.1/../../../../pic32c/lib/thumb/v7e-m+dp/hard\libc-musl.a(__fmt_a.o)
 .debug_info    0x00018d78      0x5c4 c:/program files/microchip/xc32/v4.20/bin/bin/../../lib/gcc/pic32c/8.3.1/../../../../pic32c/lib/thumb/v7e-m+dp/hard\libc-musl.a(__fmt_d.o)
 .debug_info    0x0001933c      0x8e7 c:/program files/microchip/xc32/v4.20/bin/bin/../../lib/gcc/pic32c/8.3.1/../../../../pic32c/lib/thumb/v7e-m+dp/hard\libc-musl.a(__fmt_fp.o)
 .debug_info    0x00019c23      0x595 c:/program files/microchip/xc32/v4.20/bin/bin/../../lib/gcc/pic32c/8.3.1/../../../../pic32c/lib/thumb/v7e-m+dp/hard\libc-musl.a(__fmt_o.o)
 .debug_info    0x0001a1b8      0x539 c:/program files/microchip/xc32/v4.20/bin/bin/../../lib/gcc/pic32c/8.3.1/../../../../pic32c/lib/thumb/v7e-m+dp/hard\libc-musl.a(__fmt_s.o)
 .debug_info    0x0001a6f1      0x662 c:/program files/microchip/xc32/v4.20/bin/bin/../../lib/gcc/pic32c/8.3.1/../../../../pic32c/lib/thumb/v7e-m+dp/hard\libc-musl.a(__fmt_u.o)
 .debug_info    0x0001ad53      0x603 c:/program files/microchip/xc32/v4.20/bin/bin/../../lib/gcc/pic32c/8.3.1/../../../../pic32c/lib/thumb/v7e-m+dp/hard\libc-musl.a(__fmt_x.o)
 .debug_info    0x0001b356      0x2b6 c:/program files/microchip/xc32/v4.20/bin/bin/../../lib/gcc/pic32c/8.3.1/../../../../pic32c/lib/thumb/v7e-m+dp/hard\libc-musl.a(strcpy.o)
 .debug_info    0x0001b60c      0x355 c:/program files/microchip/xc32/v4.20/bin/bin/../../lib/gcc/pic32c/8.3.1/../../../../pic32c/lib/thumb/v7e-m+dp/hard\libc-musl.a(toupper.o)
 .debug_info    0x0001b961      0x2ba c:/program files/microchip/xc32/v4.20/bin/bin/../../lib/gcc/pic32c/8.3.1/../../../../pic32c/lib/thumb/v7e-m+dp/hard\libc-musl.a(stpcpy.o)
 .debug_info    0x0001bc1b       0x26 c:/program files/microchip/xc32/v4.20/bin/bin/../../lib/gcc/pic32c/8.3.1/thumb/v7e-m+dp/hard\libgcc.a(_aeabi_uldivmod.o)
 .debug_info    0x0001bc41      0x7c4 c:/program files/microchip/xc32/v4.20/bin/bin/../../lib/gcc/pic32c/8.3.1/thumb/v7e-m+dp/hard\libgcc.a(_udivmoddi4.o)
 .debug_info    0x0001c405       0x26 c:/program files/microchip/xc32/v4.20/bin/bin/../../lib/gcc/pic32c/8.3.1/thumb/v7e-m+dp/hard\libgcc.a(_dvmd_tls.o)

.debug_abbrev   0x00000000     0x462c
 .debug_abbrev  0x00000000       0x99 build/sam_e70_xult/production/_ext/917764137/bsp.o
 .debug_abbrev  0x00000099      0x104 build/sam_e70_xult/production/_ext/1055500827/plib_clk.o
 .debug_abbrev  0x0000019d      0x1e2 build/sam_e70_xult/production/_ext/1055499099/plib_efc.o
 .debug_abbrev  0x0000037f      0x1e4 build/sam_e70_xult/production/_ext/1639550079/plib_nvic.o
 .debug_abbrev  0x00000563      0x16d build/sam_e70_xult/production/_ext/1055488423/plib_pio.o
 .debug_abbrev  0x000006d0      0x469 build/sam_e70_xult/production/_ext/1639738731/plib_uart2.o
 .debug_abbrev  0x00000b39      0x469 build/sam_e70_xult/production/_ext/1639738731/plib_uart1.o
 .debug_abbrev  0x00000fa2      0x467 build/sam_e70_xult/production/_ext/707186936/plib_usart1.o
 .debug_abbrev  0x00001409      0x17c build/sam_e70_xult/production/_ext/1763620194/sys_debug.o
 .debug_abbrev  0x00001585      0x1ea build/sam_e70_xult/production/_ext/1728594169/initialization.o
 .debug_abbrev  0x0000176f       0xb5 build/sam_e70_xult/production/_ext/1728594169/interrupts.o
 .debug_abbrev  0x00001824       0x3e build/sam_e70_xult/production/_ext/1728594169/exceptions.o
 .debug_abbrev  0x00001862      0x210 build/sam_e70_xult/production/_ext/1728594169/startup_xc32.o
 .debug_abbrev  0x00001a72       0x77 build/sam_e70_xult/production/_ext/1360937237/main.o
 .debug_abbrev  0x00001ae9      0x1a0 build/sam_e70_xult/production/_ext/1639147296/plib_afec0.o
 .debug_abbrev  0x00001c89      0x1a0 build/sam_e70_xult/production/_ext/1639147296/plib_afec1.o
 .debug_abbrev  0x00001e29      0x16d build/sam_e70_xult/production/_ext/865331892/plib_tc0.o
 .debug_abbrev  0x00001f96      0x31e build/sam_e70_xult/production/_ext/1639501792/plib_mcan0.o
 .debug_abbrev  0x000022b4      0x401 build/sam_e70_xult/production/_ext/1953779166/sys_console.o
 .debug_abbrev  0x000026b5      0x177 build/sam_e70_xult/production/_ext/1360937237/app.o
 .debug_abbrev  0x0000282c       0x5c build/sam_e70_xult/production/_ext/1728594169/tasks.o
 .debug_abbrev  0x00002888      0x399 build/sam_e70_xult/production/_ext/1953779166/sys_console_uart.o
 .debug_abbrev  0x00002c21       0x2b c:/program files/microchip/xc32/v4.20/bin/bin/../../lib/gcc/pic32c/8.3.1/../../../../pic32c/lib/thumb/v7e-m+dp/hard\libpic32c.a(data_init_wrapper.o)
 .debug_abbrev  0x00002c4c       0x2e c:/program files/microchip/xc32/v4.20/bin/bin/../../lib/gcc/pic32c/8.3.1/../../../../pic32c/lib/thumb/v7e-m+dp/hard\libpic32c.a(data_init_0_1.o)
 .debug_abbrev  0x00002c7a      0x117 c:/program files/microchip/xc32/v4.20/bin/bin/../../lib/gcc/pic32c/8.3.1/../../../../pic32c/lib/thumb/v7e-m+dp/hard\libc-musl.a(__libc_start_main.o)
 .debug_abbrev  0x00002d91       0xb8 c:/program files/microchip/xc32/v4.20/bin/bin/../../lib/gcc/pic32c/8.3.1/../../../../pic32c/lib/thumb/v7e-m+dp/hard\libc-musl.a(libc.o)
 .debug_abbrev  0x00002e49      0x168 c:/program files/microchip/xc32/v4.20/bin/bin/../../lib/gcc/pic32c/8.3.1/../../../../pic32c/lib/thumb/v7e-m+dp/hard\libc-musl.a(vsnprintf.o)
 .debug_abbrev  0x00002fb1       0x9c c:/program files/microchip/xc32/v4.20/bin/bin/../../lib/gcc/pic32c/8.3.1/../../../../pic32c/lib/thumb/v7e-m+dp/hard\libc-musl.a(memcpy.o)
 .debug_abbrev  0x0000304d       0x97 c:/program files/microchip/xc32/v4.20/bin/bin/../../lib/gcc/pic32c/8.3.1/../../../../pic32c/lib/thumb/v7e-m+dp/hard\libc-musl.a(memset.o)
 .debug_abbrev  0x000030e4       0x86 c:/program files/microchip/xc32/v4.20/bin/bin/../../lib/gcc/pic32c/8.3.1/../../../../pic32c/lib/thumb/v7e-m+dp/hard\libc-musl.a(strlen.o)
 .debug_abbrev  0x0000316a       0x57 c:/program files/microchip/xc32/v4.20/bin/bin/../../lib/gcc/pic32c/8.3.1/../../../../pic32c/lib/thumb/v7e-m+dp/hard\libc-musl.a(__environ.o)
 .debug_abbrev  0x000031c1       0x2e c:/program files/microchip/xc32/v4.20/bin/bin/../../lib/gcc/pic32c/8.3.1/../../../../pic32c/lib/thumb/v7e-m+dp/hard\libc-musl.a(__errno_location.o)
 .debug_abbrev  0x000031ef      0x16d c:/program files/microchip/xc32/v4.20/bin/bin/../../lib/gcc/pic32c/8.3.1/../../../../pic32c/lib/thumb/v7e-m+dp/hard\libc-musl.a(vfprintf.o)
 .debug_abbrev  0x0000335c       0xbd c:/program files/microchip/xc32/v4.20/bin/bin/../../lib/gcc/pic32c/8.3.1/../../../../pic32c/lib/thumb/v7e-m+dp/hard\libc-musl.a(__pop_float.o)
 .debug_abbrev  0x00003419       0xbd c:/program files/microchip/xc32/v4.20/bin/bin/../../lib/gcc/pic32c/8.3.1/../../../../pic32c/lib/thumb/v7e-m+dp/hard\libc-musl.a(__pop_int.o)
 .debug_abbrev  0x000034d6       0xce c:/program files/microchip/xc32/v4.20/bin/bin/../../lib/gcc/pic32c/8.3.1/../../../../pic32c/lib/thumb/v7e-m+dp/hard\libc-musl.a(__pop_ptr.o)
 .debug_abbrev  0x000035a4      0x2c5 c:/program files/microchip/xc32/v4.20/bin/bin/../../lib/gcc/pic32c/8.3.1/../../../../pic32c/lib/thumb/v7e-m+dp/hard\libc-musl.a(__printf_core.o)
 .debug_abbrev  0x00003869       0xbb c:/program files/microchip/xc32/v4.20/bin/bin/../../lib/gcc/pic32c/8.3.1/../../../../pic32c/lib/thumb/v7e-m+dp/hard\libc-musl.a(atoi.o)
 .debug_abbrev  0x00003924       0xfd c:/program files/microchip/xc32/v4.20/bin/bin/../../lib/gcc/pic32c/8.3.1/../../../../pic32c/lib/thumb/v7e-m+dp/hard\libc-musl.a(tolower.o)
 .debug_abbrev  0x00003a21      0x1a5 c:/program files/microchip/xc32/v4.20/bin/bin/../../lib/gcc/pic32c/8.3.1/../../../../pic32c/lib/thumb/v7e-m+dp/hard\libc-musl.a(__fmt_a.o)
 .debug_abbrev  0x00003bc6      0x120 c:/program files/microchip/xc32/v4.20/bin/bin/../../lib/gcc/pic32c/8.3.1/../../../../pic32c/lib/thumb/v7e-m+dp/hard\libc-musl.a(__fmt_d.o)
 .debug_abbrev  0x00003ce6      0x1a1 c:/program files/microchip/xc32/v4.20/bin/bin/../../lib/gcc/pic32c/8.3.1/../../../../pic32c/lib/thumb/v7e-m+dp/hard\libc-musl.a(__fmt_fp.o)
 .debug_abbrev  0x00003e87      0x120 c:/program files/microchip/xc32/v4.20/bin/bin/../../lib/gcc/pic32c/8.3.1/../../../../pic32c/lib/thumb/v7e-m+dp/hard\libc-musl.a(__fmt_o.o)
 .debug_abbrev  0x00003fa7      0x10b c:/program files/microchip/xc32/v4.20/bin/bin/../../lib/gcc/pic32c/8.3.1/../../../../pic32c/lib/thumb/v7e-m+dp/hard\libc-musl.a(__fmt_s.o)
 .debug_abbrev  0x000040b2      0x163 c:/program files/microchip/xc32/v4.20/bin/bin/../../lib/gcc/pic32c/8.3.1/../../../../pic32c/lib/thumb/v7e-m+dp/hard\libc-musl.a(__fmt_u.o)
 .debug_abbrev  0x00004215      0x10f c:/program files/microchip/xc32/v4.20/bin/bin/../../lib/gcc/pic32c/8.3.1/../../../../pic32c/lib/thumb/v7e-m+dp/hard\libc-musl.a(__fmt_x.o)
 .debug_abbrev  0x00004324       0x8e c:/program files/microchip/xc32/v4.20/bin/bin/../../lib/gcc/pic32c/8.3.1/../../../../pic32c/lib/thumb/v7e-m+dp/hard\libc-musl.a(strcpy.o)
 .debug_abbrev  0x000043b2       0xfd c:/program files/microchip/xc32/v4.20/bin/bin/../../lib/gcc/pic32c/8.3.1/../../../../pic32c/lib/thumb/v7e-m+dp/hard\libc-musl.a(toupper.o)
 .debug_abbrev  0x000044af       0x63 c:/program files/microchip/xc32/v4.20/bin/bin/../../lib/gcc/pic32c/8.3.1/../../../../pic32c/lib/thumb/v7e-m+dp/hard\libc-musl.a(stpcpy.o)
 .debug_abbrev  0x00004512       0x14 c:/program files/microchip/xc32/v4.20/bin/bin/../../lib/gcc/pic32c/8.3.1/thumb/v7e-m+dp/hard\libgcc.a(_aeabi_uldivmod.o)
 .debug_abbrev  0x00004526       0xf2 c:/program files/microchip/xc32/v4.20/bin/bin/../../lib/gcc/pic32c/8.3.1/thumb/v7e-m+dp/hard\libgcc.a(_udivmoddi4.o)
 .debug_abbrev  0x00004618       0x14 c:/program files/microchip/xc32/v4.20/bin/bin/../../lib/gcc/pic32c/8.3.1/thumb/v7e-m+dp/hard\libgcc.a(_dvmd_tls.o)

.debug_aranges  0x00000000      0xbf8
 .debug_aranges
                0x00000000       0x20 build/sam_e70_xult/production/_ext/917764137/bsp.o
 .debug_aranges
                0x00000020       0x20 build/sam_e70_xult/production/_ext/1055500827/plib_clk.o
 .debug_aranges
                0x00000040       0x70 build/sam_e70_xult/production/_ext/1055499099/plib_efc.o
 .debug_aranges
                0x000000b0       0x38 build/sam_e70_xult/production/_ext/1639550079/plib_nvic.o
 .debug_aranges
                0x000000e8       0x60 build/sam_e70_xult/production/_ext/1055488423/plib_pio.o
 .debug_aranges
                0x00000148       0xb8 build/sam_e70_xult/production/_ext/1639738731/plib_uart2.o
 .debug_aranges
                0x00000200       0xb8 build/sam_e70_xult/production/_ext/1639738731/plib_uart1.o
 .debug_aranges
                0x000002b8       0xb8 build/sam_e70_xult/production/_ext/707186936/plib_usart1.o
 .debug_aranges
                0x00000370       0x48 build/sam_e70_xult/production/_ext/1763620194/sys_debug.o
 .debug_aranges
                0x000003b8       0x20 build/sam_e70_xult/production/_ext/1728594169/initialization.o
 .debug_aranges
                0x000003d8       0x20 build/sam_e70_xult/production/_ext/1728594169/interrupts.o
 .debug_aranges
                0x000003f8       0x48 build/sam_e70_xult/production/_ext/1728594169/exceptions.o
 .debug_aranges
                0x00000440       0x28 build/sam_e70_xult/production/_ext/1728594169/startup_xc32.o
 .debug_aranges
                0x00000468       0x20 build/sam_e70_xult/production/_ext/1360937237/main.o
 .debug_aranges
                0x00000488       0xa0 build/sam_e70_xult/production/_ext/1639147296/plib_afec0.o
 .debug_aranges
                0x00000528       0xa0 build/sam_e70_xult/production/_ext/1639147296/plib_afec1.o
 .debug_aranges
                0x000005c8       0x60 build/sam_e70_xult/production/_ext/865331892/plib_tc0.o
 .debug_aranges
                0x00000628       0x98 build/sam_e70_xult/production/_ext/1639501792/plib_mcan0.o
 .debug_aranges
                0x000006c0       0x88 build/sam_e70_xult/production/_ext/1953779166/sys_console.o
 .debug_aranges
                0x00000748       0x28 build/sam_e70_xult/production/_ext/1360937237/app.o
 .debug_aranges
                0x00000770       0x20 build/sam_e70_xult/production/_ext/1728594169/tasks.o
 .debug_aranges
                0x00000790       0x68 build/sam_e70_xult/production/_ext/1953779166/sys_console_uart.o
 .debug_aranges
                0x000007f8       0x20 c:/program files/microchip/xc32/v4.20/bin/bin/../../lib/gcc/pic32c/8.3.1/../../../../pic32c/lib/thumb/v7e-m+dp/hard\libpic32c.a(data_init_wrapper.o)
 .debug_aranges
                0x00000818       0x20 c:/program files/microchip/xc32/v4.20/bin/bin/../../lib/gcc/pic32c/8.3.1/../../../../pic32c/lib/thumb/v7e-m+dp/hard\libpic32c.a(data_init_0_1.o)
 .debug_aranges
                0x00000838       0x28 c:/program files/microchip/xc32/v4.20/bin/bin/../../lib/gcc/pic32c/8.3.1/../../../../pic32c/lib/thumb/v7e-m+dp/hard\libc-musl.a(__libc_start_main.o)
 .debug_aranges
                0x00000860       0x18 c:/program files/microchip/xc32/v4.20/bin/bin/../../lib/gcc/pic32c/8.3.1/../../../../pic32c/lib/thumb/v7e-m+dp/hard\libc-musl.a(libc.o)
 .debug_aranges
                0x00000878       0x20 c:/program files/microchip/xc32/v4.20/bin/bin/../../lib/gcc/pic32c/8.3.1/../../../../pic32c/lib/thumb/v7e-m+dp/hard\libc-musl.a(vsnprintf.o)
 .debug_aranges
                0x00000898       0x20 c:/program files/microchip/xc32/v4.20/bin/bin/../../lib/gcc/pic32c/8.3.1/../../../../pic32c/lib/thumb/v7e-m+dp/hard\libc-musl.a(memcpy.o)
 .debug_aranges
                0x000008b8       0x20 c:/program files/microchip/xc32/v4.20/bin/bin/../../lib/gcc/pic32c/8.3.1/../../../../pic32c/lib/thumb/v7e-m+dp/hard\libc-musl.a(memset.o)
 .debug_aranges
                0x000008d8       0x20 c:/program files/microchip/xc32/v4.20/bin/bin/../../lib/gcc/pic32c/8.3.1/../../../../pic32c/lib/thumb/v7e-m+dp/hard\libc-musl.a(strlen.o)
 .debug_aranges
                0x000008f8       0x18 c:/program files/microchip/xc32/v4.20/bin/bin/../../lib/gcc/pic32c/8.3.1/../../../../pic32c/lib/thumb/v7e-m+dp/hard\libc-musl.a(__environ.o)
 .debug_aranges
                0x00000910       0x18 c:/program files/microchip/xc32/v4.20/bin/bin/../../lib/gcc/pic32c/8.3.1/../../../../pic32c/lib/thumb/v7e-m+dp/hard\libc-musl.a(__errno_location.o)
 .debug_aranges
                0x00000928       0x28 c:/program files/microchip/xc32/v4.20/bin/bin/../../lib/gcc/pic32c/8.3.1/../../../../pic32c/lib/thumb/v7e-m+dp/hard\libc-musl.a(vfprintf.o)
 .debug_aranges
                0x00000950       0x20 c:/program files/microchip/xc32/v4.20/bin/bin/../../lib/gcc/pic32c/8.3.1/../../../../pic32c/lib/thumb/v7e-m+dp/hard\libc-musl.a(__pop_float.o)
 .debug_aranges
                0x00000970       0x20 c:/program files/microchip/xc32/v4.20/bin/bin/../../lib/gcc/pic32c/8.3.1/../../../../pic32c/lib/thumb/v7e-m+dp/hard\libc-musl.a(__pop_int.o)
 .debug_aranges
                0x00000990       0x20 c:/program files/microchip/xc32/v4.20/bin/bin/../../lib/gcc/pic32c/8.3.1/../../../../pic32c/lib/thumb/v7e-m+dp/hard\libc-musl.a(__pop_ptr.o)
 .debug_aranges
                0x000009b0       0x50 c:/program files/microchip/xc32/v4.20/bin/bin/../../lib/gcc/pic32c/8.3.1/../../../../pic32c/lib/thumb/v7e-m+dp/hard\libc-musl.a(__printf_core.o)
 .debug_aranges
                0x00000a00       0x20 c:/program files/microchip/xc32/v4.20/bin/bin/../../lib/gcc/pic32c/8.3.1/../../../../pic32c/lib/thumb/v7e-m+dp/hard\libc-musl.a(atoi.o)
 .debug_aranges
                0x00000a20       0x28 c:/program files/microchip/xc32/v4.20/bin/bin/../../lib/gcc/pic32c/8.3.1/../../../../pic32c/lib/thumb/v7e-m+dp/hard\libc-musl.a(tolower.o)
 .debug_aranges
                0x00000a48       0x20 c:/program files/microchip/xc32/v4.20/bin/bin/../../lib/gcc/pic32c/8.3.1/../../../../pic32c/lib/thumb/v7e-m+dp/hard\libc-musl.a(__fmt_a.o)
 .debug_aranges
                0x00000a68       0x20 c:/program files/microchip/xc32/v4.20/bin/bin/../../lib/gcc/pic32c/8.3.1/../../../../pic32c/lib/thumb/v7e-m+dp/hard\libc-musl.a(__fmt_d.o)
 .debug_aranges
                0x00000a88       0x20 c:/program files/microchip/xc32/v4.20/bin/bin/../../lib/gcc/pic32c/8.3.1/../../../../pic32c/lib/thumb/v7e-m+dp/hard\libc-musl.a(__fmt_fp.o)
 .debug_aranges
                0x00000aa8       0x20 c:/program files/microchip/xc32/v4.20/bin/bin/../../lib/gcc/pic32c/8.3.1/../../../../pic32c/lib/thumb/v7e-m+dp/hard\libc-musl.a(__fmt_o.o)
 .debug_aranges
                0x00000ac8       0x20 c:/program files/microchip/xc32/v4.20/bin/bin/../../lib/gcc/pic32c/8.3.1/../../../../pic32c/lib/thumb/v7e-m+dp/hard\libc-musl.a(__fmt_s.o)
 .debug_aranges
                0x00000ae8       0x28 c:/program files/microchip/xc32/v4.20/bin/bin/../../lib/gcc/pic32c/8.3.1/../../../../pic32c/lib/thumb/v7e-m+dp/hard\libc-musl.a(__fmt_u.o)
 .debug_aranges
                0x00000b10       0x20 c:/program files/microchip/xc32/v4.20/bin/bin/../../lib/gcc/pic32c/8.3.1/../../../../pic32c/lib/thumb/v7e-m+dp/hard\libc-musl.a(__fmt_x.o)
 .debug_aranges
                0x00000b30       0x20 c:/program files/microchip/xc32/v4.20/bin/bin/../../lib/gcc/pic32c/8.3.1/../../../../pic32c/lib/thumb/v7e-m+dp/hard\libc-musl.a(strcpy.o)
 .debug_aranges
                0x00000b50       0x28 c:/program files/microchip/xc32/v4.20/bin/bin/../../lib/gcc/pic32c/8.3.1/../../../../pic32c/lib/thumb/v7e-m+dp/hard\libc-musl.a(toupper.o)
 .debug_aranges
                0x00000b78       0x20 c:/program files/microchip/xc32/v4.20/bin/bin/../../lib/gcc/pic32c/8.3.1/../../../../pic32c/lib/thumb/v7e-m+dp/hard\libc-musl.a(stpcpy.o)
 .debug_aranges
                0x00000b98       0x20 c:/program files/microchip/xc32/v4.20/bin/bin/../../lib/gcc/pic32c/8.3.1/thumb/v7e-m+dp/hard\libgcc.a(_aeabi_uldivmod.o)
 .debug_aranges
                0x00000bb8       0x20 c:/program files/microchip/xc32/v4.20/bin/bin/../../lib/gcc/pic32c/8.3.1/thumb/v7e-m+dp/hard\libgcc.a(_udivmoddi4.o)
 .debug_aranges
                0x00000bd8       0x20 c:/program files/microchip/xc32/v4.20/bin/bin/../../lib/gcc/pic32c/8.3.1/thumb/v7e-m+dp/hard\libgcc.a(_dvmd_tls.o)

.debug_ranges   0x00000000      0xce8
 .debug_ranges  0x00000000       0x10 build/sam_e70_xult/production/_ext/917764137/bsp.o
 .debug_ranges  0x00000010       0x10 build/sam_e70_xult/production/_ext/1055500827/plib_clk.o
 .debug_ranges  0x00000020       0x90 build/sam_e70_xult/production/_ext/1055499099/plib_efc.o
 .debug_ranges  0x000000b0       0x28 build/sam_e70_xult/production/_ext/1639550079/plib_nvic.o
 .debug_ranges  0x000000d8       0x50 build/sam_e70_xult/production/_ext/1055488423/plib_pio.o
 .debug_ranges  0x00000128      0x138 build/sam_e70_xult/production/_ext/1639738731/plib_uart2.o
 .debug_ranges  0x00000260      0x138 build/sam_e70_xult/production/_ext/1639738731/plib_uart1.o
 .debug_ranges  0x00000398      0x150 build/sam_e70_xult/production/_ext/707186936/plib_usart1.o
 .debug_ranges  0x000004e8       0x38 build/sam_e70_xult/production/_ext/1763620194/sys_debug.o
 .debug_ranges  0x00000520       0x10 build/sam_e70_xult/production/_ext/1728594169/initialization.o
 .debug_ranges  0x00000530       0x10 build/sam_e70_xult/production/_ext/1728594169/interrupts.o
 .debug_ranges  0x00000540       0x38 build/sam_e70_xult/production/_ext/1728594169/exceptions.o
 .debug_ranges  0x00000578       0x18 build/sam_e70_xult/production/_ext/1728594169/startup_xc32.o
 .debug_ranges  0x00000590       0x10 build/sam_e70_xult/production/_ext/1360937237/main.o
 .debug_ranges  0x000005a0       0x90 build/sam_e70_xult/production/_ext/1639147296/plib_afec0.o
 .debug_ranges  0x00000630       0x90 build/sam_e70_xult/production/_ext/1639147296/plib_afec1.o
 .debug_ranges  0x000006c0       0x50 build/sam_e70_xult/production/_ext/865331892/plib_tc0.o
 .debug_ranges  0x00000710       0x88 build/sam_e70_xult/production/_ext/1639501792/plib_mcan0.o
 .debug_ranges  0x00000798       0x90 build/sam_e70_xult/production/_ext/1953779166/sys_console.o
 .debug_ranges  0x00000828       0x30 build/sam_e70_xult/production/_ext/1360937237/app.o
 .debug_ranges  0x00000858       0x10 build/sam_e70_xult/production/_ext/1728594169/tasks.o
 .debug_ranges  0x00000868      0x1a8 build/sam_e70_xult/production/_ext/1953779166/sys_console_uart.o
 .debug_ranges  0x00000a10       0x10 c:/program files/microchip/xc32/v4.20/bin/bin/../../lib/gcc/pic32c/8.3.1/../../../../pic32c/lib/thumb/v7e-m+dp/hard\libpic32c.a(data_init_wrapper.o)
 .debug_ranges  0x00000a20       0x10 c:/program files/microchip/xc32/v4.20/bin/bin/../../lib/gcc/pic32c/8.3.1/../../../../pic32c/lib/thumb/v7e-m+dp/hard\libpic32c.a(data_init_0_1.o)
 .debug_ranges  0x00000a30       0x40 c:/program files/microchip/xc32/v4.20/bin/bin/../../lib/gcc/pic32c/8.3.1/../../../../pic32c/lib/thumb/v7e-m+dp/hard\libc-musl.a(__libc_start_main.o)
 .debug_ranges  0x00000a70       0x10 c:/program files/microchip/xc32/v4.20/bin/bin/../../lib/gcc/pic32c/8.3.1/../../../../pic32c/lib/thumb/v7e-m+dp/hard\libc-musl.a(vsnprintf.o)
 .debug_ranges  0x00000a80       0x10 c:/program files/microchip/xc32/v4.20/bin/bin/../../lib/gcc/pic32c/8.3.1/../../../../pic32c/lib/thumb/v7e-m+dp/hard\libc-musl.a(memcpy.o)
 .debug_ranges  0x00000a90       0x10 c:/program files/microchip/xc32/v4.20/bin/bin/../../lib/gcc/pic32c/8.3.1/../../../../pic32c/lib/thumb/v7e-m+dp/hard\libc-musl.a(memset.o)
 .debug_ranges  0x00000aa0       0x10 c:/program files/microchip/xc32/v4.20/bin/bin/../../lib/gcc/pic32c/8.3.1/../../../../pic32c/lib/thumb/v7e-m+dp/hard\libc-musl.a(strlen.o)
 .debug_ranges  0x00000ab0       0x18 c:/program files/microchip/xc32/v4.20/bin/bin/../../lib/gcc/pic32c/8.3.1/../../../../pic32c/lib/thumb/v7e-m+dp/hard\libc-musl.a(vfprintf.o)
 .debug_ranges  0x00000ac8       0x10 c:/program files/microchip/xc32/v4.20/bin/bin/../../lib/gcc/pic32c/8.3.1/../../../../pic32c/lib/thumb/v7e-m+dp/hard\libc-musl.a(__pop_float.o)
 .debug_ranges  0x00000ad8       0x10 c:/program files/microchip/xc32/v4.20/bin/bin/../../lib/gcc/pic32c/8.3.1/../../../../pic32c/lib/thumb/v7e-m+dp/hard\libc-musl.a(__pop_int.o)
 .debug_ranges  0x00000ae8       0x10 c:/program files/microchip/xc32/v4.20/bin/bin/../../lib/gcc/pic32c/8.3.1/../../../../pic32c/lib/thumb/v7e-m+dp/hard\libc-musl.a(__pop_ptr.o)
 .debug_ranges  0x00000af8       0x68 c:/program files/microchip/xc32/v4.20/bin/bin/../../lib/gcc/pic32c/8.3.1/../../../../pic32c/lib/thumb/v7e-m+dp/hard\libc-musl.a(__printf_core.o)
 .debug_ranges  0x00000b60       0x10 c:/program files/microchip/xc32/v4.20/bin/bin/../../lib/gcc/pic32c/8.3.1/../../../../pic32c/lib/thumb/v7e-m+dp/hard\libc-musl.a(atoi.o)
 .debug_ranges  0x00000b70       0x18 c:/program files/microchip/xc32/v4.20/bin/bin/../../lib/gcc/pic32c/8.3.1/../../../../pic32c/lib/thumb/v7e-m+dp/hard\libc-musl.a(tolower.o)
 .debug_ranges  0x00000b88       0x10 c:/program files/microchip/xc32/v4.20/bin/bin/../../lib/gcc/pic32c/8.3.1/../../../../pic32c/lib/thumb/v7e-m+dp/hard\libc-musl.a(__fmt_a.o)
 .debug_ranges  0x00000b98       0x10 c:/program files/microchip/xc32/v4.20/bin/bin/../../lib/gcc/pic32c/8.3.1/../../../../pic32c/lib/thumb/v7e-m+dp/hard\libc-musl.a(__fmt_d.o)
 .debug_ranges  0x00000ba8       0x10 c:/program files/microchip/xc32/v4.20/bin/bin/../../lib/gcc/pic32c/8.3.1/../../../../pic32c/lib/thumb/v7e-m+dp/hard\libc-musl.a(__fmt_fp.o)
 .debug_ranges  0x00000bb8       0x10 c:/program files/microchip/xc32/v4.20/bin/bin/../../lib/gcc/pic32c/8.3.1/../../../../pic32c/lib/thumb/v7e-m+dp/hard\libc-musl.a(__fmt_o.o)
 .debug_ranges  0x00000bc8       0x10 c:/program files/microchip/xc32/v4.20/bin/bin/../../lib/gcc/pic32c/8.3.1/../../../../pic32c/lib/thumb/v7e-m+dp/hard\libc-musl.a(__fmt_s.o)
 .debug_ranges  0x00000bd8       0x18 c:/program files/microchip/xc32/v4.20/bin/bin/../../lib/gcc/pic32c/8.3.1/../../../../pic32c/lib/thumb/v7e-m+dp/hard\libc-musl.a(__fmt_u.o)
 .debug_ranges  0x00000bf0       0x10 c:/program files/microchip/xc32/v4.20/bin/bin/../../lib/gcc/pic32c/8.3.1/../../../../pic32c/lib/thumb/v7e-m+dp/hard\libc-musl.a(__fmt_x.o)
 .debug_ranges  0x00000c00       0x10 c:/program files/microchip/xc32/v4.20/bin/bin/../../lib/gcc/pic32c/8.3.1/../../../../pic32c/lib/thumb/v7e-m+dp/hard\libc-musl.a(strcpy.o)
 .debug_ranges  0x00000c10       0x18 c:/program files/microchip/xc32/v4.20/bin/bin/../../lib/gcc/pic32c/8.3.1/../../../../pic32c/lib/thumb/v7e-m+dp/hard\libc-musl.a(toupper.o)
 .debug_ranges  0x00000c28       0x10 c:/program files/microchip/xc32/v4.20/bin/bin/../../lib/gcc/pic32c/8.3.1/../../../../pic32c/lib/thumb/v7e-m+dp/hard\libc-musl.a(stpcpy.o)
 .debug_ranges  0x00000c38       0xb0 c:/program files/microchip/xc32/v4.20/bin/bin/../../lib/gcc/pic32c/8.3.1/thumb/v7e-m+dp/hard\libgcc.a(_udivmoddi4.o)

.debug_line     0x00000000     0x9092
 .debug_line    0x00000000       0xdc build/sam_e70_xult/production/_ext/917764137/bsp.o
 .debug_line    0x000000dc      0x291 build/sam_e70_xult/production/_ext/1055500827/plib_clk.o
 .debug_line    0x0000036d      0x421 build/sam_e70_xult/production/_ext/1055499099/plib_efc.o
 .debug_line    0x0000078e      0x3c4 build/sam_e70_xult/production/_ext/1639550079/plib_nvic.o
 .debug_line    0x00000b52      0x3c8 build/sam_e70_xult/production/_ext/1055488423/plib_pio.o
 .debug_line    0x00000f1a      0x7ff build/sam_e70_xult/production/_ext/1639738731/plib_uart2.o
 .debug_line    0x00001719      0x7ff build/sam_e70_xult/production/_ext/1639738731/plib_uart1.o
 .debug_line    0x00001f18      0x9a4 build/sam_e70_xult/production/_ext/707186936/plib_usart1.o
 .debug_line    0x000028bc      0x1ef build/sam_e70_xult/production/_ext/1763620194/sys_debug.o
 .debug_line    0x00002aab      0x4c7 build/sam_e70_xult/production/_ext/1728594169/initialization.o
 .debug_line    0x00002f72       0xbf build/sam_e70_xult/production/_ext/1728594169/interrupts.o
 .debug_line    0x00003031       0xcb build/sam_e70_xult/production/_ext/1728594169/exceptions.o
 .debug_line    0x000030fc      0x456 build/sam_e70_xult/production/_ext/1728594169/startup_xc32.o
 .debug_line    0x00003552       0x72 build/sam_e70_xult/production/_ext/1360937237/main.o
 .debug_line    0x000035c4      0x3da build/sam_e70_xult/production/_ext/1639147296/plib_afec0.o
 .debug_line    0x0000399e      0x3fa build/sam_e70_xult/production/_ext/1639147296/plib_afec1.o
 .debug_line    0x00003d98      0x21a build/sam_e70_xult/production/_ext/865331892/plib_tc0.o
 .debug_line    0x00003fb2      0x71f build/sam_e70_xult/production/_ext/1639501792/plib_mcan0.o
 .debug_line    0x000046d1      0x665 build/sam_e70_xult/production/_ext/1953779166/sys_console.o
 .debug_line    0x00004d36      0x274 build/sam_e70_xult/production/_ext/1360937237/app.o
 .debug_line    0x00004faa       0x6e build/sam_e70_xult/production/_ext/1728594169/tasks.o
 .debug_line    0x00005018      0x627 build/sam_e70_xult/production/_ext/1953779166/sys_console_uart.o
 .debug_line    0x0000563f       0xa8 c:/program files/microchip/xc32/v4.20/bin/bin/../../lib/gcc/pic32c/8.3.1/../../../../pic32c/lib/thumb/v7e-m+dp/hard\libpic32c.a(data_init_wrapper.o)
 .debug_line    0x000056e7       0xf1 c:/program files/microchip/xc32/v4.20/bin/bin/../../lib/gcc/pic32c/8.3.1/../../../../pic32c/lib/thumb/v7e-m+dp/hard\libpic32c.a(data_init_0_1.o)
 .debug_line    0x000057d8      0x1d3 c:/program files/microchip/xc32/v4.20/bin/bin/../../lib/gcc/pic32c/8.3.1/../../../../pic32c/lib/thumb/v7e-m+dp/hard\libc-musl.a(__libc_start_main.o)
 .debug_line    0x000059ab       0xbb c:/program files/microchip/xc32/v4.20/bin/bin/../../lib/gcc/pic32c/8.3.1/../../../../pic32c/lib/thumb/v7e-m+dp/hard\libc-musl.a(libc.o)
 .debug_line    0x00005a66      0x238 c:/program files/microchip/xc32/v4.20/bin/bin/../../lib/gcc/pic32c/8.3.1/../../../../pic32c/lib/thumb/v7e-m+dp/hard\libc-musl.a(vsnprintf.o)
 .debug_line    0x00005c9e       0xf1 c:/program files/microchip/xc32/v4.20/bin/bin/../../lib/gcc/pic32c/8.3.1/../../../../pic32c/lib/thumb/v7e-m+dp/hard\libc-musl.a(memcpy.o)
 .debug_line    0x00005d8f       0xe8 c:/program files/microchip/xc32/v4.20/bin/bin/../../lib/gcc/pic32c/8.3.1/../../../../pic32c/lib/thumb/v7e-m+dp/hard\libc-musl.a(memset.o)
 .debug_line    0x00005e77       0xe4 c:/program files/microchip/xc32/v4.20/bin/bin/../../lib/gcc/pic32c/8.3.1/../../../../pic32c/lib/thumb/v7e-m+dp/hard\libc-musl.a(strlen.o)
 .debug_line    0x00005f5b      0x107 c:/program files/microchip/xc32/v4.20/bin/bin/../../lib/gcc/pic32c/8.3.1/../../../../pic32c/lib/thumb/v7e-m+dp/hard\libc-musl.a(__environ.o)
 .debug_line    0x00006062       0xa0 c:/program files/microchip/xc32/v4.20/bin/bin/../../lib/gcc/pic32c/8.3.1/../../../../pic32c/lib/thumb/v7e-m+dp/hard\libc-musl.a(__errno_location.o)
 .debug_line    0x00006102      0x1f8 c:/program files/microchip/xc32/v4.20/bin/bin/../../lib/gcc/pic32c/8.3.1/../../../../pic32c/lib/thumb/v7e-m+dp/hard\libc-musl.a(vfprintf.o)
 .debug_line    0x000062fa      0x171 c:/program files/microchip/xc32/v4.20/bin/bin/../../lib/gcc/pic32c/8.3.1/../../../../pic32c/lib/thumb/v7e-m+dp/hard\libc-musl.a(__pop_float.o)
 .debug_line    0x0000646b      0x20c c:/program files/microchip/xc32/v4.20/bin/bin/../../lib/gcc/pic32c/8.3.1/../../../../pic32c/lib/thumb/v7e-m+dp/hard\libc-musl.a(__pop_int.o)
 .debug_line    0x00006677      0x1ec c:/program files/microchip/xc32/v4.20/bin/bin/../../lib/gcc/pic32c/8.3.1/../../../../pic32c/lib/thumb/v7e-m+dp/hard\libc-musl.a(__pop_ptr.o)
 .debug_line    0x00006863      0x69b c:/program files/microchip/xc32/v4.20/bin/bin/../../lib/gcc/pic32c/8.3.1/../../../../pic32c/lib/thumb/v7e-m+dp/hard\libc-musl.a(__printf_core.o)
 .debug_line    0x00006efe      0x173 c:/program files/microchip/xc32/v4.20/bin/bin/../../lib/gcc/pic32c/8.3.1/../../../../pic32c/lib/thumb/v7e-m+dp/hard\libc-musl.a(atoi.o)
 .debug_line    0x00007071      0x163 c:/program files/microchip/xc32/v4.20/bin/bin/../../lib/gcc/pic32c/8.3.1/../../../../pic32c/lib/thumb/v7e-m+dp/hard\libc-musl.a(tolower.o)
 .debug_line    0x000071d4      0x62a c:/program files/microchip/xc32/v4.20/bin/bin/../../lib/gcc/pic32c/8.3.1/../../../../pic32c/lib/thumb/v7e-m+dp/hard\libc-musl.a(__fmt_a.o)
 .debug_line    0x000077fe      0x20b c:/program files/microchip/xc32/v4.20/bin/bin/../../lib/gcc/pic32c/8.3.1/../../../../pic32c/lib/thumb/v7e-m+dp/hard\libc-musl.a(__fmt_d.o)
 .debug_line    0x00007a09      0x648 c:/program files/microchip/xc32/v4.20/bin/bin/../../lib/gcc/pic32c/8.3.1/../../../../pic32c/lib/thumb/v7e-m+dp/hard\libc-musl.a(__fmt_fp.o)
 .debug_line    0x00008051      0x1b5 c:/program files/microchip/xc32/v4.20/bin/bin/../../lib/gcc/pic32c/8.3.1/../../../../pic32c/lib/thumb/v7e-m+dp/hard\libc-musl.a(__fmt_o.o)
 .debug_line    0x00008206      0x1fd c:/program files/microchip/xc32/v4.20/bin/bin/../../lib/gcc/pic32c/8.3.1/../../../../pic32c/lib/thumb/v7e-m+dp/hard\libc-musl.a(__fmt_s.o)
 .debug_line    0x00008403      0x23f c:/program files/microchip/xc32/v4.20/bin/bin/../../lib/gcc/pic32c/8.3.1/../../../../pic32c/lib/thumb/v7e-m+dp/hard\libc-musl.a(__fmt_u.o)
 .debug_line    0x00008642      0x2df c:/program files/microchip/xc32/v4.20/bin/bin/../../lib/gcc/pic32c/8.3.1/../../../../pic32c/lib/thumb/v7e-m+dp/hard\libc-musl.a(__fmt_x.o)
 .debug_line    0x00008921       0xb3 c:/program files/microchip/xc32/v4.20/bin/bin/../../lib/gcc/pic32c/8.3.1/../../../../pic32c/lib/thumb/v7e-m+dp/hard\libc-musl.a(strcpy.o)
 .debug_line    0x000089d4      0x163 c:/program files/microchip/xc32/v4.20/bin/bin/../../lib/gcc/pic32c/8.3.1/../../../../pic32c/lib/thumb/v7e-m+dp/hard\libc-musl.a(toupper.o)
 .debug_line    0x00008b37       0xc7 c:/program files/microchip/xc32/v4.20/bin/bin/../../lib/gcc/pic32c/8.3.1/../../../../pic32c/lib/thumb/v7e-m+dp/hard\libc-musl.a(stpcpy.o)
 .debug_line    0x00008bfe       0x97 c:/program files/microchip/xc32/v4.20/bin/bin/../../lib/gcc/pic32c/8.3.1/thumb/v7e-m+dp/hard\libgcc.a(_aeabi_uldivmod.o)
 .debug_line    0x00008c95      0x366 c:/program files/microchip/xc32/v4.20/bin/bin/../../lib/gcc/pic32c/8.3.1/thumb/v7e-m+dp/hard\libgcc.a(_udivmoddi4.o)
 .debug_line    0x00008ffb       0x97 c:/program files/microchip/xc32/v4.20/bin/bin/../../lib/gcc/pic32c/8.3.1/thumb/v7e-m+dp/hard\libgcc.a(_dvmd_tls.o)

.debug_str      0x00000000      0x949
 .debug_str     0x00000000        0x0 build/sam_e70_xult/production/_ext/917764137/bsp.o
 .debug_str     0x00000000       0x14 build/sam_e70_xult/production/_ext/1055500827/plib_clk.o
 .debug_str     0x00000014       0x14 build/sam_e70_xult/production/_ext/1055499099/plib_efc.o
 .debug_str     0x00000028       0x28 build/sam_e70_xult/production/_ext/1639550079/plib_nvic.o
 .debug_str     0x00000050       0x46 build/sam_e70_xult/production/_ext/1055488423/plib_pio.o
 .debug_str     0x00000096       0xa5 build/sam_e70_xult/production/_ext/1639738731/plib_uart2.o
 .debug_str     0x0000013b       0xa5 build/sam_e70_xult/production/_ext/1639738731/plib_uart1.o
 .debug_str     0x000001e0       0xb1 build/sam_e70_xult/production/_ext/707186936/plib_usart1.o
 .debug_str     0x00000291        0x0 build/sam_e70_xult/production/_ext/1763620194/sys_debug.o
 .debug_str     0x00000291      0x152 build/sam_e70_xult/production/_ext/1728594169/initialization.o
 .debug_str     0x000003e3        0x0 build/sam_e70_xult/production/_ext/1728594169/interrupts.o
 .debug_str     0x000003e3        0x0 build/sam_e70_xult/production/_ext/1728594169/exceptions.o
 .debug_str     0x000003e3       0x2f build/sam_e70_xult/production/_ext/1728594169/startup_xc32.o
 .debug_str     0x00000412       0x19 build/sam_e70_xult/production/_ext/1360937237/main.o
 .debug_str     0x0000042b       0x2b build/sam_e70_xult/production/_ext/1639147296/plib_afec0.o
 .debug_str     0x00000456       0x2b build/sam_e70_xult/production/_ext/1639147296/plib_afec1.o
 .debug_str     0x00000481        0xa build/sam_e70_xult/production/_ext/865331892/plib_tc0.o
 .debug_str     0x0000048b       0x88 build/sam_e70_xult/production/_ext/1639501792/plib_mcan0.o
 .debug_str     0x00000513       0x38 build/sam_e70_xult/production/_ext/1953779166/sys_console.o
 .debug_str     0x0000054b      0x139 build/sam_e70_xult/production/_ext/1360937237/app.o
 .debug_str     0x00000684        0xa build/sam_e70_xult/production/_ext/1728594169/tasks.o
 .debug_str     0x0000068e       0x93 build/sam_e70_xult/production/_ext/1953779166/sys_console_uart.o
 .debug_str     0x00000721        0x0 c:/program files/microchip/xc32/v4.20/bin/bin/../../lib/gcc/pic32c/8.3.1/../../../../pic32c/lib/thumb/v7e-m+dp/hard\libpic32c.a(data_init_wrapper.o)
 .debug_str     0x00000721        0x0 c:/program files/microchip/xc32/v4.20/bin/bin/../../lib/gcc/pic32c/8.3.1/../../../../pic32c/lib/thumb/v7e-m+dp/hard\libpic32c.a(data_init_0_1.o)
 .debug_str     0x00000721        0x0 c:/program files/microchip/xc32/v4.20/bin/bin/../../lib/gcc/pic32c/8.3.1/../../../../pic32c/lib/thumb/v7e-m+dp/hard\libc-musl.a(__libc_start_main.o)
 .debug_str     0x00000721        0x0 c:/program files/microchip/xc32/v4.20/bin/bin/../../lib/gcc/pic32c/8.3.1/../../../../pic32c/lib/thumb/v7e-m+dp/hard\libc-musl.a(libc.o)
 .debug_str     0x00000721        0x9 c:/program files/microchip/xc32/v4.20/bin/bin/../../lib/gcc/pic32c/8.3.1/../../../../pic32c/lib/thumb/v7e-m+dp/hard\libc-musl.a(vsnprintf.o)
 .debug_str     0x0000072a        0x0 c:/program files/microchip/xc32/v4.20/bin/bin/../../lib/gcc/pic32c/8.3.1/../../../../pic32c/lib/thumb/v7e-m+dp/hard\libc-musl.a(memcpy.o)
 .debug_str     0x0000072a        0x0 c:/program files/microchip/xc32/v4.20/bin/bin/../../lib/gcc/pic32c/8.3.1/../../../../pic32c/lib/thumb/v7e-m+dp/hard\libc-musl.a(memset.o)
 .debug_str     0x0000072a        0x0 c:/program files/microchip/xc32/v4.20/bin/bin/../../lib/gcc/pic32c/8.3.1/../../../../pic32c/lib/thumb/v7e-m+dp/hard\libc-musl.a(strlen.o)
 .debug_str     0x0000072a        0x0 c:/program files/microchip/xc32/v4.20/bin/bin/../../lib/gcc/pic32c/8.3.1/../../../../pic32c/lib/thumb/v7e-m+dp/hard\libc-musl.a(__environ.o)
 .debug_str     0x0000072a        0x0 c:/program files/microchip/xc32/v4.20/bin/bin/../../lib/gcc/pic32c/8.3.1/../../../../pic32c/lib/thumb/v7e-m+dp/hard\libc-musl.a(__errno_location.o)
 .debug_str     0x0000072a       0x1e c:/program files/microchip/xc32/v4.20/bin/bin/../../lib/gcc/pic32c/8.3.1/../../../../pic32c/lib/thumb/v7e-m+dp/hard\libc-musl.a(vfprintf.o)
 .debug_str     0x00000748        0x0 c:/program files/microchip/xc32/v4.20/bin/bin/../../lib/gcc/pic32c/8.3.1/../../../../pic32c/lib/thumb/v7e-m+dp/hard\libc-musl.a(__pop_float.o)
 .debug_str     0x00000748        0x0 c:/program files/microchip/xc32/v4.20/bin/bin/../../lib/gcc/pic32c/8.3.1/../../../../pic32c/lib/thumb/v7e-m+dp/hard\libc-musl.a(__pop_int.o)
 .debug_str     0x00000748        0x0 c:/program files/microchip/xc32/v4.20/bin/bin/../../lib/gcc/pic32c/8.3.1/../../../../pic32c/lib/thumb/v7e-m+dp/hard\libc-musl.a(__pop_ptr.o)
 .debug_str     0x00000748       0x20 c:/program files/microchip/xc32/v4.20/bin/bin/../../lib/gcc/pic32c/8.3.1/../../../../pic32c/lib/thumb/v7e-m+dp/hard\libc-musl.a(__printf_core.o)
 .debug_str     0x00000768        0x0 c:/program files/microchip/xc32/v4.20/bin/bin/../../lib/gcc/pic32c/8.3.1/../../../../pic32c/lib/thumb/v7e-m+dp/hard\libc-musl.a(atoi.o)
 .debug_str     0x00000768        0x0 c:/program files/microchip/xc32/v4.20/bin/bin/../../lib/gcc/pic32c/8.3.1/../../../../pic32c/lib/thumb/v7e-m+dp/hard\libc-musl.a(tolower.o)
 .debug_str     0x00000768        0x0 c:/program files/microchip/xc32/v4.20/bin/bin/../../lib/gcc/pic32c/8.3.1/../../../../pic32c/lib/thumb/v7e-m+dp/hard\libc-musl.a(__fmt_a.o)
 .debug_str     0x00000768        0x0 c:/program files/microchip/xc32/v4.20/bin/bin/../../lib/gcc/pic32c/8.3.1/../../../../pic32c/lib/thumb/v7e-m+dp/hard\libc-musl.a(__fmt_d.o)
 .debug_str     0x00000768        0x0 c:/program files/microchip/xc32/v4.20/bin/bin/../../lib/gcc/pic32c/8.3.1/../../../../pic32c/lib/thumb/v7e-m+dp/hard\libc-musl.a(__fmt_fp.o)
 .debug_str     0x00000768        0x0 c:/program files/microchip/xc32/v4.20/bin/bin/../../lib/gcc/pic32c/8.3.1/../../../../pic32c/lib/thumb/v7e-m+dp/hard\libc-musl.a(__fmt_o.o)
 .debug_str     0x00000768        0x0 c:/program files/microchip/xc32/v4.20/bin/bin/../../lib/gcc/pic32c/8.3.1/../../../../pic32c/lib/thumb/v7e-m+dp/hard\libc-musl.a(__fmt_s.o)
 .debug_str     0x00000768        0x6 c:/program files/microchip/xc32/v4.20/bin/bin/../../lib/gcc/pic32c/8.3.1/../../../../pic32c/lib/thumb/v7e-m+dp/hard\libc-musl.a(__fmt_u.o)
 .debug_str     0x0000076e        0x0 c:/program files/microchip/xc32/v4.20/bin/bin/../../lib/gcc/pic32c/8.3.1/../../../../pic32c/lib/thumb/v7e-m+dp/hard\libc-musl.a(__fmt_x.o)
 .debug_str     0x0000076e        0x9 c:/program files/microchip/xc32/v4.20/bin/bin/../../lib/gcc/pic32c/8.3.1/../../../../pic32c/lib/thumb/v7e-m+dp/hard\libc-musl.a(strcpy.o)
 .debug_str     0x00000777        0x0 c:/program files/microchip/xc32/v4.20/bin/bin/../../lib/gcc/pic32c/8.3.1/../../../../pic32c/lib/thumb/v7e-m+dp/hard\libc-musl.a(toupper.o)
 .debug_str     0x00000777        0x0 c:/program files/microchip/xc32/v4.20/bin/bin/../../lib/gcc/pic32c/8.3.1/../../../../pic32c/lib/thumb/v7e-m+dp/hard\libc-musl.a(stpcpy.o)
 .debug_str     0x00000777       0xe7 c:/program files/microchip/xc32/v4.20/bin/bin/../../lib/gcc/pic32c/8.3.1/thumb/v7e-m+dp/hard\libgcc.a(_aeabi_uldivmod.o)
 .debug_str     0x0000085e        0x0 c:/program files/microchip/xc32/v4.20/bin/bin/../../lib/gcc/pic32c/8.3.1/thumb/v7e-m+dp/hard\libgcc.a(_udivmoddi4.o)
 .debug_str     0x0000085e       0xeb c:/program files/microchip/xc32/v4.20/bin/bin/../../lib/gcc/pic32c/8.3.1/thumb/v7e-m+dp/hard\libgcc.a(_dvmd_tls.o)

.debug_frame    0x00000000     0x16c4
 .debug_frame   0x00000000       0x20 build/sam_e70_xult/production/_ext/917764137/bsp.o
 .debug_frame   0x00000020       0x20 build/sam_e70_xult/production/_ext/1055500827/plib_clk.o
 .debug_frame   0x00000040       0xec build/sam_e70_xult/production/_ext/1055499099/plib_efc.o
 .debug_frame   0x0000012c       0x50 build/sam_e70_xult/production/_ext/1639550079/plib_nvic.o
 .debug_frame   0x0000017c       0xac build/sam_e70_xult/production/_ext/1055488423/plib_pio.o
 .debug_frame   0x00000228      0x1b4 build/sam_e70_xult/production/_ext/1639738731/plib_uart2.o
 .debug_frame   0x000003dc      0x1b4 build/sam_e70_xult/production/_ext/1639738731/plib_uart1.o
 .debug_frame   0x00000590      0x1bc build/sam_e70_xult/production/_ext/707186936/plib_usart1.o
 .debug_frame   0x0000074c       0x70 build/sam_e70_xult/production/_ext/1763620194/sys_debug.o
 .debug_frame   0x000007bc       0x28 build/sam_e70_xult/production/_ext/1728594169/initialization.o
 .debug_frame   0x000007e4       0x20 build/sam_e70_xult/production/_ext/1728594169/interrupts.o
 .debug_frame   0x00000804       0x70 build/sam_e70_xult/production/_ext/1728594169/exceptions.o
 .debug_frame   0x00000874       0x38 build/sam_e70_xult/production/_ext/1728594169/startup_xc32.o
 .debug_frame   0x000008ac       0x28 build/sam_e70_xult/production/_ext/1360937237/main.o
 .debug_frame   0x000008d4      0x140 build/sam_e70_xult/production/_ext/1639147296/plib_afec0.o
 .debug_frame   0x00000a14      0x140 build/sam_e70_xult/production/_ext/1639147296/plib_afec1.o
 .debug_frame   0x00000b54       0xa8 build/sam_e70_xult/production/_ext/865331892/plib_tc0.o
 .debug_frame   0x00000bfc      0x180 build/sam_e70_xult/production/_ext/1639501792/plib_mcan0.o
 .debug_frame   0x00000d7c      0x1d0 build/sam_e70_xult/production/_ext/1953779166/sys_console.o
 .debug_frame   0x00000f4c       0x3c build/sam_e70_xult/production/_ext/1360937237/app.o
 .debug_frame   0x00000f88       0x28 build/sam_e70_xult/production/_ext/1728594169/tasks.o
 .debug_frame   0x00000fb0       0xf8 build/sam_e70_xult/production/_ext/1953779166/sys_console_uart.o
 .debug_frame   0x000010a8       0x20 c:/program files/microchip/xc32/v4.20/bin/bin/../../lib/gcc/pic32c/8.3.1/../../../../pic32c/lib/thumb/v7e-m+dp/hard\libpic32c.a(data_init_wrapper.o)
 .debug_frame   0x000010c8       0x2c c:/program files/microchip/xc32/v4.20/bin/bin/../../lib/gcc/pic32c/8.3.1/../../../../pic32c/lib/thumb/v7e-m+dp/hard\libpic32c.a(data_init_0_1.o)
 .debug_frame   0x000010f4       0x3c c:/program files/microchip/xc32/v4.20/bin/bin/../../lib/gcc/pic32c/8.3.1/../../../../pic32c/lib/thumb/v7e-m+dp/hard\libc-musl.a(__libc_start_main.o)
 .debug_frame   0x00001130       0x38 c:/program files/microchip/xc32/v4.20/bin/bin/../../lib/gcc/pic32c/8.3.1/../../../../pic32c/lib/thumb/v7e-m+dp/hard\libc-musl.a(vsnprintf.o)
 .debug_frame   0x00001168       0x28 c:/program files/microchip/xc32/v4.20/bin/bin/../../lib/gcc/pic32c/8.3.1/../../../../pic32c/lib/thumb/v7e-m+dp/hard\libc-musl.a(memcpy.o)
 .debug_frame   0x00001190       0x20 c:/program files/microchip/xc32/v4.20/bin/bin/../../lib/gcc/pic32c/8.3.1/../../../../pic32c/lib/thumb/v7e-m+dp/hard\libc-musl.a(memset.o)
 .debug_frame   0x000011b0       0x20 c:/program files/microchip/xc32/v4.20/bin/bin/../../lib/gcc/pic32c/8.3.1/../../../../pic32c/lib/thumb/v7e-m+dp/hard\libc-musl.a(strlen.o)
 .debug_frame   0x000011d0       0x3c c:/program files/microchip/xc32/v4.20/bin/bin/../../lib/gcc/pic32c/8.3.1/../../../../pic32c/lib/thumb/v7e-m+dp/hard\libc-musl.a(vfprintf.o)
 .debug_frame   0x0000120c       0x20 c:/program files/microchip/xc32/v4.20/bin/bin/../../lib/gcc/pic32c/8.3.1/../../../../pic32c/lib/thumb/v7e-m+dp/hard\libc-musl.a(__pop_float.o)
 .debug_frame   0x0000122c       0x28 c:/program files/microchip/xc32/v4.20/bin/bin/../../lib/gcc/pic32c/8.3.1/../../../../pic32c/lib/thumb/v7e-m+dp/hard\libc-musl.a(__pop_int.o)
 .debug_frame   0x00001254       0x28 c:/program files/microchip/xc32/v4.20/bin/bin/../../lib/gcc/pic32c/8.3.1/../../../../pic32c/lib/thumb/v7e-m+dp/hard\libc-musl.a(__pop_ptr.o)
 .debug_frame   0x0000127c       0xd8 c:/program files/microchip/xc32/v4.20/bin/bin/../../lib/gcc/pic32c/8.3.1/../../../../pic32c/lib/thumb/v7e-m+dp/hard\libc-musl.a(__printf_core.o)
 .debug_frame   0x00001354       0x28 c:/program files/microchip/xc32/v4.20/bin/bin/../../lib/gcc/pic32c/8.3.1/../../../../pic32c/lib/thumb/v7e-m+dp/hard\libc-musl.a(atoi.o)
 .debug_frame   0x0000137c       0x30 c:/program files/microchip/xc32/v4.20/bin/bin/../../lib/gcc/pic32c/8.3.1/../../../../pic32c/lib/thumb/v7e-m+dp/hard\libc-musl.a(tolower.o)
 .debug_frame   0x000013ac       0x84 c:/program files/microchip/xc32/v4.20/bin/bin/../../lib/gcc/pic32c/8.3.1/../../../../pic32c/lib/thumb/v7e-m+dp/hard\libc-musl.a(__fmt_a.o)
 .debug_frame   0x00001430       0x3c c:/program files/microchip/xc32/v4.20/bin/bin/../../lib/gcc/pic32c/8.3.1/../../../../pic32c/lib/thumb/v7e-m+dp/hard\libc-musl.a(__fmt_d.o)
 .debug_frame   0x0000146c       0x78 c:/program files/microchip/xc32/v4.20/bin/bin/../../lib/gcc/pic32c/8.3.1/../../../../pic32c/lib/thumb/v7e-m+dp/hard\libc-musl.a(__fmt_fp.o)
 .debug_frame   0x000014e4       0x34 c:/program files/microchip/xc32/v4.20/bin/bin/../../lib/gcc/pic32c/8.3.1/../../../../pic32c/lib/thumb/v7e-m+dp/hard\libc-musl.a(__fmt_o.o)
 .debug_frame   0x00001518       0x34 c:/program files/microchip/xc32/v4.20/bin/bin/../../lib/gcc/pic32c/8.3.1/../../../../pic32c/lib/thumb/v7e-m+dp/hard\libc-musl.a(__fmt_s.o)
 .debug_frame   0x0000154c       0x5c c:/program files/microchip/xc32/v4.20/bin/bin/../../lib/gcc/pic32c/8.3.1/../../../../pic32c/lib/thumb/v7e-m+dp/hard\libc-musl.a(__fmt_u.o)
 .debug_frame   0x000015a8       0x40 c:/program files/microchip/xc32/v4.20/bin/bin/../../lib/gcc/pic32c/8.3.1/../../../../pic32c/lib/thumb/v7e-m+dp/hard\libc-musl.a(__fmt_x.o)
 .debug_frame   0x000015e8       0x28 c:/program files/microchip/xc32/v4.20/bin/bin/../../lib/gcc/pic32c/8.3.1/../../../../pic32c/lib/thumb/v7e-m+dp/hard\libc-musl.a(strcpy.o)
 .debug_frame   0x00001610       0x30 c:/program files/microchip/xc32/v4.20/bin/bin/../../lib/gcc/pic32c/8.3.1/../../../../pic32c/lib/thumb/v7e-m+dp/hard\libc-musl.a(toupper.o)
 .debug_frame   0x00001640       0x20 c:/program files/microchip/xc32/v4.20/bin/bin/../../lib/gcc/pic32c/8.3.1/../../../../pic32c/lib/thumb/v7e-m+dp/hard\libc-musl.a(stpcpy.o)
 .debug_frame   0x00001660       0x2c c:/program files/microchip/xc32/v4.20/bin/bin/../../lib/gcc/pic32c/8.3.1/thumb/v7e-m+dp/hard\libgcc.a(_aeabi_uldivmod.o)
 .debug_frame   0x0000168c       0x38 c:/program files/microchip/xc32/v4.20/bin/bin/../../lib/gcc/pic32c/8.3.1/thumb/v7e-m+dp/hard\libgcc.a(_udivmoddi4.o)

.debug_loc      0x00000000     0x8940
 .debug_loc     0x00000000      0x51b build/sam_e70_xult/production/_ext/1055499099/plib_efc.o
 .debug_loc     0x0000051b      0x1c1 build/sam_e70_xult/production/_ext/1639550079/plib_nvic.o
 .debug_loc     0x000006dc       0xc0 build/sam_e70_xult/production/_ext/1055488423/plib_pio.o
 .debug_loc     0x0000079c      0x913 build/sam_e70_xult/production/_ext/1639738731/plib_uart2.o
 .debug_loc     0x000010af      0x913 build/sam_e70_xult/production/_ext/1639738731/plib_uart1.o
 .debug_loc     0x000019c2      0xab5 build/sam_e70_xult/production/_ext/707186936/plib_usart1.o
 .debug_loc     0x00002477       0xa1 build/sam_e70_xult/production/_ext/1763620194/sys_debug.o
 .debug_loc     0x00002518       0x45 build/sam_e70_xult/production/_ext/1728594169/initialization.o
 .debug_loc     0x0000255d       0xa7 build/sam_e70_xult/production/_ext/1728594169/startup_xc32.o
 .debug_loc     0x00002604       0x20 build/sam_e70_xult/production/_ext/1360937237/main.o
 .debug_loc     0x00002624      0x262 build/sam_e70_xult/production/_ext/1639147296/plib_afec0.o
 .debug_loc     0x00002886      0x262 build/sam_e70_xult/production/_ext/1639147296/plib_afec1.o
 .debug_loc     0x00002ae8       0x46 build/sam_e70_xult/production/_ext/865331892/plib_tc0.o
 .debug_loc     0x00002b2e      0x8eb build/sam_e70_xult/production/_ext/1639501792/plib_mcan0.o
 .debug_loc     0x00003419      0xd07 build/sam_e70_xult/production/_ext/1953779166/sys_console.o
 .debug_loc     0x00004120       0x20 build/sam_e70_xult/production/_ext/1360937237/app.o
 .debug_loc     0x00004140       0x20 build/sam_e70_xult/production/_ext/1728594169/tasks.o
 .debug_loc     0x00004160      0x9f9 build/sam_e70_xult/production/_ext/1953779166/sys_console_uart.o
 .debug_loc     0x00004b59       0x14 c:/program files/microchip/xc32/v4.20/bin/bin/../../lib/gcc/pic32c/8.3.1/../../../../pic32c/lib/thumb/v7e-m+dp/hard\libpic32c.a(data_init_0_1.o)
 .debug_loc     0x00004b6d       0x51 c:/program files/microchip/xc32/v4.20/bin/bin/../../lib/gcc/pic32c/8.3.1/../../../../pic32c/lib/thumb/v7e-m+dp/hard\libc-musl.a(__libc_start_main.o)
 .debug_loc     0x00004bbe       0xeb c:/program files/microchip/xc32/v4.20/bin/bin/../../lib/gcc/pic32c/8.3.1/../../../../pic32c/lib/thumb/v7e-m+dp/hard\libc-musl.a(vsnprintf.o)
 .debug_loc     0x00004ca9       0xe5 c:/program files/microchip/xc32/v4.20/bin/bin/../../lib/gcc/pic32c/8.3.1/../../../../pic32c/lib/thumb/v7e-m+dp/hard\libc-musl.a(memcpy.o)
 .debug_loc     0x00004d8e       0x56 c:/program files/microchip/xc32/v4.20/bin/bin/../../lib/gcc/pic32c/8.3.1/../../../../pic32c/lib/thumb/v7e-m+dp/hard\libc-musl.a(memset.o)
 .debug_loc     0x00004de4       0x47 c:/program files/microchip/xc32/v4.20/bin/bin/../../lib/gcc/pic32c/8.3.1/../../../../pic32c/lib/thumb/v7e-m+dp/hard\libc-musl.a(strlen.o)
 .debug_loc     0x00004e2b       0x88 c:/program files/microchip/xc32/v4.20/bin/bin/../../lib/gcc/pic32c/8.3.1/../../../../pic32c/lib/thumb/v7e-m+dp/hard\libc-musl.a(vfprintf.o)
 .debug_loc     0x00004eb3       0xa6 c:/program files/microchip/xc32/v4.20/bin/bin/../../lib/gcc/pic32c/8.3.1/../../../../pic32c/lib/thumb/v7e-m+dp/hard\libc-musl.a(__pop_float.o)
 .debug_loc     0x00004f59      0x2f5 c:/program files/microchip/xc32/v4.20/bin/bin/../../lib/gcc/pic32c/8.3.1/../../../../pic32c/lib/thumb/v7e-m+dp/hard\libc-musl.a(__pop_int.o)
 .debug_loc     0x0000524e      0x1db c:/program files/microchip/xc32/v4.20/bin/bin/../../lib/gcc/pic32c/8.3.1/../../../../pic32c/lib/thumb/v7e-m+dp/hard\libc-musl.a(__pop_ptr.o)
 .debug_loc     0x00005429      0x5e9 c:/program files/microchip/xc32/v4.20/bin/bin/../../lib/gcc/pic32c/8.3.1/../../../../pic32c/lib/thumb/v7e-m+dp/hard\libc-musl.a(__printf_core.o)
 .debug_loc     0x00005a12       0xd8 c:/program files/microchip/xc32/v4.20/bin/bin/../../lib/gcc/pic32c/8.3.1/../../../../pic32c/lib/thumb/v7e-m+dp/hard\libc-musl.a(atoi.o)
 .debug_loc     0x00005aea       0x4a c:/program files/microchip/xc32/v4.20/bin/bin/../../lib/gcc/pic32c/8.3.1/../../../../pic32c/lib/thumb/v7e-m+dp/hard\libc-musl.a(tolower.o)
 .debug_loc     0x00005b34      0xa61 c:/program files/microchip/xc32/v4.20/bin/bin/../../lib/gcc/pic32c/8.3.1/../../../../pic32c/lib/thumb/v7e-m+dp/hard\libc-musl.a(__fmt_a.o)
 .debug_loc     0x00006595      0x1ef c:/program files/microchip/xc32/v4.20/bin/bin/../../lib/gcc/pic32c/8.3.1/../../../../pic32c/lib/thumb/v7e-m+dp/hard\libc-musl.a(__fmt_d.o)
 .debug_loc     0x00006784      0xa86 c:/program files/microchip/xc32/v4.20/bin/bin/../../lib/gcc/pic32c/8.3.1/../../../../pic32c/lib/thumb/v7e-m+dp/hard\libc-musl.a(__fmt_fp.o)
 .debug_loc     0x0000720a      0x10a c:/program files/microchip/xc32/v4.20/bin/bin/../../lib/gcc/pic32c/8.3.1/../../../../pic32c/lib/thumb/v7e-m+dp/hard\libc-musl.a(__fmt_o.o)
 .debug_loc     0x00007314      0x157 c:/program files/microchip/xc32/v4.20/bin/bin/../../lib/gcc/pic32c/8.3.1/../../../../pic32c/lib/thumb/v7e-m+dp/hard\libc-musl.a(__fmt_s.o)
 .debug_loc     0x0000746b      0x2a2 c:/program files/microchip/xc32/v4.20/bin/bin/../../lib/gcc/pic32c/8.3.1/../../../../pic32c/lib/thumb/v7e-m+dp/hard\libc-musl.a(__fmt_u.o)
 .debug_loc     0x0000770d      0x2a9 c:/program files/microchip/xc32/v4.20/bin/bin/../../lib/gcc/pic32c/8.3.1/../../../../pic32c/lib/thumb/v7e-m+dp/hard\libc-musl.a(__fmt_x.o)
 .debug_loc     0x000079b6       0x67 c:/program files/microchip/xc32/v4.20/bin/bin/../../lib/gcc/pic32c/8.3.1/../../../../pic32c/lib/thumb/v7e-m+dp/hard\libc-musl.a(strcpy.o)
 .debug_loc     0x00007a1d       0x4a c:/program files/microchip/xc32/v4.20/bin/bin/../../lib/gcc/pic32c/8.3.1/../../../../pic32c/lib/thumb/v7e-m+dp/hard\libc-musl.a(toupper.o)
 .debug_loc     0x00007a67       0x60 c:/program files/microchip/xc32/v4.20/bin/bin/../../lib/gcc/pic32c/8.3.1/../../../../pic32c/lib/thumb/v7e-m+dp/hard\libc-musl.a(stpcpy.o)
 .debug_loc     0x00007ac7      0xe79 c:/program files/microchip/xc32/v4.20/bin/bin/../../lib/gcc/pic32c/8.3.1/thumb/v7e-m+dp/hard\libgcc.a(_udivmoddi4.o)

.note.GNU-stack
                0x00000000        0x0
 .note.GNU-stack
                0x00000000        0x0 c:/program files/microchip/xc32/v4.20/bin/bin/../../lib/gcc/pic32c/8.3.1/../../../../pic32c/lib/thumb/v7e-m+dp/hard\libc-musl.a(__libc_start_main.o)
 .note.GNU-stack
                0x00000000        0x0 c:/program files/microchip/xc32/v4.20/bin/bin/../../lib/gcc/pic32c/8.3.1/../../../../pic32c/lib/thumb/v7e-m+dp/hard\libc-musl.a(libc.o)
 .note.GNU-stack
                0x00000000        0x0 c:/program files/microchip/xc32/v4.20/bin/bin/../../lib/gcc/pic32c/8.3.1/../../../../pic32c/lib/thumb/v7e-m+dp/hard\libc-musl.a(vsnprintf.o)
 .note.GNU-stack
                0x00000000        0x0 c:/program files/microchip/xc32/v4.20/bin/bin/../../lib/gcc/pic32c/8.3.1/../../../../pic32c/lib/thumb/v7e-m+dp/hard\libc-musl.a(memcpy.o)
 .note.GNU-stack
                0x00000000        0x0 c:/program files/microchip/xc32/v4.20/bin/bin/../../lib/gcc/pic32c/8.3.1/../../../../pic32c/lib/thumb/v7e-m+dp/hard\libc-musl.a(memset.o)
 .note.GNU-stack
                0x00000000        0x0 c:/program files/microchip/xc32/v4.20/bin/bin/../../lib/gcc/pic32c/8.3.1/../../../../pic32c/lib/thumb/v7e-m+dp/hard\libc-musl.a(strlen.o)
 .note.GNU-stack
                0x00000000        0x0 c:/program files/microchip/xc32/v4.20/bin/bin/../../lib/gcc/pic32c/8.3.1/../../../../pic32c/lib/thumb/v7e-m+dp/hard\libc-musl.a(__environ.o)
 .note.GNU-stack
                0x00000000        0x0 c:/program files/microchip/xc32/v4.20/bin/bin/../../lib/gcc/pic32c/8.3.1/../../../../pic32c/lib/thumb/v7e-m+dp/hard\libc-musl.a(__errno_location.o)
 .note.GNU-stack
                0x00000000        0x0 c:/program files/microchip/xc32/v4.20/bin/bin/../../lib/gcc/pic32c/8.3.1/../../../../pic32c/lib/thumb/v7e-m+dp/hard\libc-musl.a(vfprintf.o)
 .note.GNU-stack
                0x00000000        0x0 c:/program files/microchip/xc32/v4.20/bin/bin/../../lib/gcc/pic32c/8.3.1/../../../../pic32c/lib/thumb/v7e-m+dp/hard\libc-musl.a(__pop_float.o)
 .note.GNU-stack
                0x00000000        0x0 c:/program files/microchip/xc32/v4.20/bin/bin/../../lib/gcc/pic32c/8.3.1/../../../../pic32c/lib/thumb/v7e-m+dp/hard\libc-musl.a(__pop_int.o)
 .note.GNU-stack
                0x00000000        0x0 c:/program files/microchip/xc32/v4.20/bin/bin/../../lib/gcc/pic32c/8.3.1/../../../../pic32c/lib/thumb/v7e-m+dp/hard\libc-musl.a(__pop_ptr.o)
 .note.GNU-stack
                0x00000000        0x0 c:/program files/microchip/xc32/v4.20/bin/bin/../../lib/gcc/pic32c/8.3.1/../../../../pic32c/lib/thumb/v7e-m+dp/hard\libc-musl.a(__printf_core.o)
 .note.GNU-stack
                0x00000000        0x0 c:/program files/microchip/xc32/v4.20/bin/bin/../../lib/gcc/pic32c/8.3.1/../../../../pic32c/lib/thumb/v7e-m+dp/hard\libc-musl.a(atoi.o)
 .note.GNU-stack
                0x00000000        0x0 c:/program files/microchip/xc32/v4.20/bin/bin/../../lib/gcc/pic32c/8.3.1/../../../../pic32c/lib/thumb/v7e-m+dp/hard\libc-musl.a(tolower.o)
 .note.GNU-stack
                0x00000000        0x0 c:/program files/microchip/xc32/v4.20/bin/bin/../../lib/gcc/pic32c/8.3.1/../../../../pic32c/lib/thumb/v7e-m+dp/hard\libc-musl.a(__fmt_a.o)
 .note.GNU-stack
                0x00000000        0x0 c:/program files/microchip/xc32/v4.20/bin/bin/../../lib/gcc/pic32c/8.3.1/../../../../pic32c/lib/thumb/v7e-m+dp/hard\libc-musl.a(__fmt_d.o)
 .note.GNU-stack
                0x00000000        0x0 c:/program files/microchip/xc32/v4.20/bin/bin/../../lib/gcc/pic32c/8.3.1/../../../../pic32c/lib/thumb/v7e-m+dp/hard\libc-musl.a(__fmt_fp.o)
 .note.GNU-stack
                0x00000000        0x0 c:/program files/microchip/xc32/v4.20/bin/bin/../../lib/gcc/pic32c/8.3.1/../../../../pic32c/lib/thumb/v7e-m+dp/hard\libc-musl.a(__fmt_o.o)
 .note.GNU-stack
                0x00000000        0x0 c:/program files/microchip/xc32/v4.20/bin/bin/../../lib/gcc/pic32c/8.3.1/../../../../pic32c/lib/thumb/v7e-m+dp/hard\libc-musl.a(__fmt_s.o)
 .note.GNU-stack
                0x00000000        0x0 c:/program files/microchip/xc32/v4.20/bin/bin/../../lib/gcc/pic32c/8.3.1/../../../../pic32c/lib/thumb/v7e-m+dp/hard\libc-musl.a(__fmt_u.o)
 .note.GNU-stack
                0x00000000        0x0 c:/program files/microchip/xc32/v4.20/bin/bin/../../lib/gcc/pic32c/8.3.1/../../../../pic32c/lib/thumb/v7e-m+dp/hard\libc-musl.a(__fmt_x.o)
 .note.GNU-stack
                0x00000000        0x0 c:/program files/microchip/xc32/v4.20/bin/bin/../../lib/gcc/pic32c/8.3.1/../../../../pic32c/lib/thumb/v7e-m+dp/hard\libc-musl.a(strcpy.o)
 .note.GNU-stack
                0x00000000        0x0 c:/program files/microchip/xc32/v4.20/bin/bin/../../lib/gcc/pic32c/8.3.1/../../../../pic32c/lib/thumb/v7e-m+dp/hard\libc-musl.a(toupper.o)
 .note.GNU-stack
                0x00000000        0x0 c:/program files/microchip/xc32/v4.20/bin/bin/../../lib/gcc/pic32c/8.3.1/../../../../pic32c/lib/thumb/v7e-m+dp/hard\libc-musl.a(stpcpy.o)

__xc_reference_data
                0x00000000       0x5c
 __xc_reference_data
                0x00000000        0x4 c:/program files/microchip/xc32/v4.20/bin/bin/../../lib/gcc/pic32c/8.3.1/../../../../pic32c/lib/thumb/v7e-m+dp/hard\libc-musl.a(vfprintf.o)
                0x00000000                __vfprintf_needs_fmt
 __xc_reference_data
                0x00000004       0x58 c:/program files/microchip/xc32/v4.20/bin/bin/../../lib/gcc/pic32c/8.3.1/../../../../pic32c/lib/thumb/v7e-m+dp/hard\libc-musl.a(__io_fmt_needed.o)
                0x00000004                __io_fmt_needed

.stack          0x20400910      0x100
 .stack         0x20400910      0x100 stack

.bss.USART1_WriteBuffer%1
                0x20400000      0x200
 .bss.USART1_WriteBuffer
                0x20400000      0x200 build/sam_e70_xult/production/_ext/707186936/plib_usart1.o

.bss.consolePrintBuffer%2
                0x20400200       0xc8
 .bss.consolePrintBuffer
                0x20400200       0xc8 build/sam_e70_xult/production/_ext/1953779166/sys_console.o

.bss.UART2_ReadBuffer%3
                0x204002c8       0x80
 .bss.UART2_ReadBuffer
                0x204002c8       0x80 build/sam_e70_xult/production/_ext/1639738731/plib_uart2.o

.bss.UART2_WriteBuffer%4
                0x20400348       0x80
 .bss.UART2_WriteBuffer
                0x20400348       0x80 build/sam_e70_xult/production/_ext/1639738731/plib_uart2.o

.bss.UART1_ReadBuffer%5
                0x204003c8       0x80
 .bss.UART1_ReadBuffer
                0x204003c8       0x80 build/sam_e70_xult/production/_ext/1639738731/plib_uart1.o

.bss.UART1_WriteBuffer%6
                0x20400448       0x80
 .bss.UART1_WriteBuffer
                0x20400448       0x80 build/sam_e70_xult/production/_ext/1639738731/plib_uart1.o

.bss.USART1_ReadBuffer%7
                0x204004c8       0x80
 .bss.USART1_ReadBuffer
                0x204004c8       0x80 build/sam_e70_xult/production/_ext/707186936/plib_usart1.o

.bss%8          0x20400548       0x50
 .bss           0x20400548       0x50 c:/program files/microchip/xc32/v4.20/bin/bin/../../lib/gcc/pic32c/8.3.1/../../../../pic32c/lib/thumb/v7e-m+dp/hard\libc-musl.a(libc.o)
                0x20400548                __progname_full
                0x20400548                program_invocation_name
                0x2040054c                program_invocation_short_name
                0x2040054c                __progname
                0x20400550                __sysinfo
                0x20400554                __hwcap
                0x20400558                __libc

.bss.usart1Obj%9
                0x20400598       0x40
 .bss.usart1Obj
                0x20400598       0x40 build/sam_e70_xult/production/_ext/707186936/plib_usart1.o
                0x20400598                usart1Obj

.bss.uart2Obj%10
                0x204005d8       0x38
 .bss.uart2Obj  0x204005d8       0x38 build/sam_e70_xult/production/_ext/1639738731/plib_uart2.o
                0x204005d8                uart2Obj

.bss.uart1Obj%11
                0x20400610       0x38
 .bss.uart1Obj  0x20400610       0x38 build/sam_e70_xult/production/_ext/1639738731/plib_uart1.o
                0x20400610                uart1Obj

.bss%12         0x20400648       0x1c
 .bss           0x20400648       0x1c c:/program files/microchip/xc32/v4.20/bin/bin/../../lib/gcc/pic32c/8.3.1/thumb/v7e-m+dp/hard/crtbegin.o

.bss.mcan0Obj%13
                0x20400664       0x1c
 .bss.mcan0Obj  0x20400664       0x1c build/sam_e70_xult/production/_ext/1639501792/plib_mcan0.o

.bss.mcan0RxFifoCallbackObj%14
                0x20400680       0x10
 .bss.mcan0RxFifoCallbackObj
                0x20400680       0x10 build/sam_e70_xult/production/_ext/1639501792/plib_mcan0.o

.bss.consoleDeviceInstance%15
                0x20400690        0xc
 .bss.consoleDeviceInstance
                0x20400690        0xc build/sam_e70_xult/production/_ext/1953779166/sys_console.o

.bss.uart_console_read_buffer%16
                0x2040069c        0xa
 .bss.uart_console_read_buffer
                0x2040069c        0xa build/sam_e70_xult/production/_ext/1360937237/app.o
                0x2040069c                uart_console_read_buffer

.bss.sysObj%17  0x204006a8        0x8
 .bss.sysObj    0x204006a8        0x8 build/sam_e70_xult/production/_ext/1728594169/initialization.o
                0x204006a8                sysObj

.bss.TC0_CH0_CallbackObj%18
                0x204006b0        0x8
 .bss.TC0_CH0_CallbackObj
                0x204006b0        0x8 build/sam_e70_xult/production/_ext/865331892/plib_tc0.o

.bss.mcan0CallbackObj%19
                0x204006b8        0x8
 .bss.mcan0CallbackObj
                0x204006b8        0x8 build/sam_e70_xult/production/_ext/1639501792/plib_mcan0.o

.bss.mcan0TxEventFifoCallbackObj%20
                0x204006c0        0x8
 .bss.mcan0TxEventFifoCallbackObj
                0x204006c0        0x8 build/sam_e70_xult/production/_ext/1639501792/plib_mcan0.o

.bss.mcan0TxFifoCallbackObj%21
                0x204006c8        0x8
 .bss.mcan0TxFifoCallbackObj
                0x204006c8        0x8 build/sam_e70_xult/production/_ext/1639501792/plib_mcan0.o

.bss.appData%22
                0x204006d0        0x8
 .bss.appData   0x204006d0        0x8 build/sam_e70_xult/production/_ext/1360937237/app.o
                0x204006d0                appData

.bss.gConsoleUartData%23
                0x204006d8        0x8
 .bss.gConsoleUartData
                0x204006d8        0x8 build/sam_e70_xult/production/_ext/1953779166/sys_console_uart.o

.bss.sysDebugInstance%24
                0x204006e0        0x4
 .bss.sysDebugInstance
                0x204006e0        0x4 build/sam_e70_xult/production/_ext/1763620194/sys_debug.o

.bss.cmd.7902%25
                0x204006e4        0x4
 .bss.cmd.7902  0x204006e4        0x4 build/sam_e70_xult/production/_ext/1728594169/startup_xc32.o

.bss%26         0x204006e8        0xc
 .bss           0x204006e8        0x4 c:/program files/microchip/xc32/v4.20/bin/bin/../../lib/gcc/pic32c/8.3.1/../../../../pic32c/lib/thumb/v7e-m+dp/hard\libpic32c.a(data_init_0_1.o)
 .bss           0x204006ec        0x4 c:/program files/microchip/xc32/v4.20/bin/bin/../../lib/gcc/pic32c/8.3.1/../../../../pic32c/lib/thumb/v7e-m+dp/hard\libc-musl.a(__environ.o)
                0x204006ec                __environ
                0x204006ec                environ
                0x204006ec                ___environ
                0x204006ec                _environ
 .bss           0x204006f0        0x4 c:/program files/microchip/xc32/v4.20/bin/bin/../../lib/gcc/pic32c/8.3.1/../../../../pic32c/lib/thumb/v7e-m+dp/hard\libc-musl.a(__errno_location.o)
                0x204006f0                __errno_val

.bss.gblErrLvl%29
                0x204006a6        0x1
 .bss.gblErrLvl
                0x204006a6        0x1 build/sam_e70_xult/production/_ext/1763620194/sys_debug.o
                0x204006a6                gblErrLvl

.bss.consolePrintBufferMutex%30
                0x204006a7        0x1
 .bss.consolePrintBufferMutex
                0x204006a7        0x1 build/sam_e70_xult/production/_ext/1953779166/sys_console.o

.bss.isConsoleMutexCreated%31
                0x204006f4        0x1
 .bss.isConsoleMutexCreated
                0x204006f4        0x1 build/sam_e70_xult/production/_ext/1953779166/sys_console.o

.eh_frame%z1    0x00000000        0x0
 .eh_frame      0x00000000        0x0 c:/program files/microchip/xc32/v4.20/bin/bin/../../lib/gcc/pic32c/8.3.1/thumb/v7e-m+dp/hard/crtbegin.o

.config_D0000000.__config_D0000000%32
                0xd0000000        0x4
 .config_D0000000.__config_D0000000
                0xd0000000        0x4 build/sam_e70_xult/production/_ext/1728594169/initialization.o
                0xd0000000                __config_D0000000

.text.__fmt_a%33
                0x00400190      0x3f0
 .text.__fmt_a  0x00400190      0x3f0 c:/program files/microchip/xc32/v4.20/bin/bin/../../lib/gcc/pic32c/8.3.1/../../../../pic32c/lib/thumb/v7e-m+dp/hard\libc-musl.a(__fmt_a.o)
                0x00400190                __fmt_a_needed
                0x00400190                __fmt_a

.text.__fmt_fp%34
                0x00400580      0x3e8
 .text.__fmt_fp
                0x00400580      0x3e8 c:/program files/microchip/xc32/v4.20/bin/bin/../../lib/gcc/pic32c/8.3.1/../../../../pic32c/lib/thumb/v7e-m+dp/hard\libc-musl.a(__fmt_fp.o)
                0x00400580                __fmt_f_needed
                0x00400580                __fmt_fp

.text.__printf_core%35
                0x00400968      0x2f4
 .text.__printf_core